{"timestamp":"2026-08-27T23:20:16.327986Z","level":"warning","event":"section/key [openlineage/namespace] not found in config","logger":"airflow.sdk._shared.configuration.parser","filename":"parser.py","lineno":1360}
{"timestamp":"2026-08-27T23:20:16.632333Z","level":"info","event":"DAG bundles loaded: dags-folder","logger":"airflow.dag_processing.bundles.manager.DagBundlesManager","filename":"manager.py","lineno":209}
{"timestamp":"2026-08-27T23:20:16.633669Z","level":"info","event":"Filling up the DagBag from /opt/airflow/dags/verdanta_daily.py","logger":"airflow.dag_processing.dagbag.BundleDagBag","filename":"dagbag.py","lineno":469}
{"timestamp":"2026-08-27T23:20:16.684633Z","level":"info","event":"::group::Cosmos DAG parsing logs","logger":"cosmos.converter","filename":"converter.py","lineno":321}
{"timestamp":"2026-08-27T23:20:16.686896Z","level":"info","event":"Cosmos cache dir resolved to /tmp/cosmos/verdanta_daily__dbt_daily","logger":"cosmos.converter","filename":"converter.py","lineno":346}
{"timestamp":"2026-08-27T23:20:16.687105Z","level":"info","event":"Trying to parse the dbt project using dbt ls cache cosmos_cache__verdanta_daily__dbt_daily...","logger":"cosmos.dbt.graph","filename":"graph.py","lineno":869}
{"timestamp":"2026-08-27T23:20:16.825309Z","level":"info","event":"Cosmos performance: time to calculate cache identifier cosmos_cache__verdanta_daily__dbt_daily for current version: 0.12797385700000063","logger":"cosmos.cache","filename":"cache.py","lineno":401}
{"timestamp":"2026-08-27T23:20:16.825527Z","level":"info","event":"Cosmos performance [a65d12c8b0f2|89]: The cache size for cosmos_cache__verdanta_daily__dbt_daily is 81421","logger":"cosmos.dbt.graph","filename":"graph.py","lineno":886}
{"timestamp":"2026-08-27T23:20:16.828212Z","level":"info","event":"Cosmos performance: Cache hit for cosmos_cache__verdanta_daily__dbt_daily - 7ef252dbf94f4e7f8dda113986a456cc,ff67f1985ea8a9c639de2e1985ae4cf7","logger":"cosmos.dbt.graph","filename":"graph.py","lineno":898}
{"timestamp":"2026-08-27T23:20:16.828733Z","level":"info","event":"Total nodes: 91","logger":"cosmos.dbt.graph","filename":"graph.py","lineno":799}
{"timestamp":"2026-08-27T23:20:16.828914Z","level":"info","event":"Total filtered nodes: 91","logger":"cosmos.dbt.graph","filename":"graph.py","lineno":800}
{"timestamp":"2026-08-27T23:20:16.829012Z","level":"info","event":"Cosmos performance (verdanta_daily__dbt_daily) - [a65d12c8b0f2|89]: It took 0.142s to parse the dbt project for DAG using LoadMode.DBT_LS_CACHE","logger":"cosmos.converter","filename":"converter.py","lineno":371}
{"timestamp":"2026-08-27T23:20:16.913315Z","level":"info","event":"Cosmos performance (verdanta_daily__dbt_daily) - [a65d12c8b0f2|89]: It took 0.0842s to build the Airflow DAG.","logger":"cosmos.converter","filename":"converter.py","lineno":423}
{"timestamp":"2026-08-27T23:20:16.913490Z","level":"info","event":"::endgroup::Cosmos DAG parsing logs","logger":"cosmos.converter","filename":"converter.py","lineno":430}
{"timestamp":"2026-08-27T23:20:16.914084Z","level":"warning","event":"Using Variable.get from `airflow.models` is deprecated.Please use `get` on Variable from sdk(`airflow.sdk.Variable`) instead","category":"UserWarning","filename":"/home/airflow/.local/lib/python3.13/site-packages/airflow/models/variable.py","lineno":158,"logger":"py.warnings"}
{"timestamp":"2026-08-27T23:20:16.957405Z","level":"warning","event":"ProvidersManager.hooks is deprecated. Use ProvidersManagerTaskRuntime.hooks from task-sdk instead.","category":"DeprecatedImportWarning","filename":"/home/airflow/.local/lib/python3.13/site-packages/airflow/providers/databricks/hooks/databricks_base.py","lineno":207,"logger":"py.warnings"}
{"timestamp":"2026-08-27T23:20:18.709262Z","level":"info","event":"Run submitted with run_id: 135888387191035","logger":"airflow.task.operators.airflow.providers.databricks.operators.databricks.DatabricksRunNowOperator","filename":"databricks.py","lineno":1405}
{"timestamp":"2026-08-27T23:20:19.977088Z","level":"info","event":"bronze_ingestion_daily in run state: {'life_cycle_state': 'RUNNING', 'result_state': '', 'state_message': ''}","logger":"airflow.task.operators.airflow.providers.databricks.operators.databricks.DatabricksRunNowOperator","filename":"databricks.py","lineno":194}
{"timestamp":"2026-08-27T23:20:19.977285Z","level":"info","event":"View run status, Spark UI, and logs at https://dbc-9dabf5c9-756d.cloud.databricks.com/?o=2686346829297367#job/912625452045217/run/135888387191035","logger":"airflow.task.operators.airflow.providers.databricks.operators.databricks.DatabricksRunNowOperator","filename":"databricks.py","lineno":195}
{"timestamp":"2026-08-27T23:20:19.977342Z","level":"info","event":"Sleeping for 30 seconds.","logger":"airflow.task.operators.airflow.providers.databricks.operators.databricks.DatabricksRunNowOperator","filename":"databricks.py","lineno":196}
{"timestamp":"2026-08-27T23:20:50.633067Z","level":"info","event":"bronze_ingestion_daily in run state: {'life_cycle_state': 'RUNNING', 'result_state': '', 'state_message': ''}","logger":"airflow.task.operators.airflow.providers.databricks.operators.databricks.DatabricksRunNowOperator","filename":"databricks.py","lineno":194}
{"timestamp":"2026-08-27T23:20:50.633219Z","level":"info","event":"View run status, Spark UI, and logs at https://dbc-9dabf5c9-756d.cloud.databricks.com/?o=2686346829297367#job/912625452045217/run/135888387191035","logger":"airflow.task.operators.airflow.providers.databricks.operators.databricks.DatabricksRunNowOperator","filename":"databricks.py","lineno":195}
{"timestamp":"2026-08-27T23:20:50.633274Z","level":"info","event":"Sleeping for 30 seconds.","logger":"airflow.task.operators.airflow.providers.databricks.operators.databricks.DatabricksRunNowOperator","filename":"databricks.py","lineno":196}
{"timestamp":"2026-08-27T23:21:21.258715Z","level":"info","event":"bronze_ingestion_daily in run state: {'life_cycle_state': 'RUNNING', 'result_state': '', 'state_message': ''}","logger":"airflow.task.operators.airflow.providers.databricks.operators.databricks.DatabricksRunNowOperator","filename":"databricks.py","lineno":194}
{"timestamp":"2026-08-27T23:21:21.258870Z","level":"info","event":"View run status, Spark UI, and logs at https://dbc-9dabf5c9-756d.cloud.databricks.com/?o=2686346829297367#job/912625452045217/run/135888387191035","logger":"airflow.task.operators.airflow.providers.databricks.operators.databricks.DatabricksRunNowOperator","filename":"databricks.py","lineno":195}
{"timestamp":"2026-08-27T23:21:21.258937Z","level":"info","event":"Sleeping for 30 seconds.","logger":"airflow.task.operators.airflow.providers.databricks.operators.databricks.DatabricksRunNowOperator","filename":"databricks.py","lineno":196}
{"timestamp":"2026-08-27T23:21:51.859366Z","level":"info","event":"bronze_ingestion_daily in run state: {'life_cycle_state': 'RUNNING', 'result_state': '', 'state_message': ''}","logger":"airflow.task.operators.airflow.providers.databricks.operators.databricks.DatabricksRunNowOperator","filename":"databricks.py","lineno":194}
{"timestamp":"2026-08-27T23:21:51.859566Z","level":"info","event":"View run status, Spark UI, and logs at https://dbc-9dabf5c9-756d.cloud.databricks.com/?o=2686346829297367#job/912625452045217/run/135888387191035","logger":"airflow.task.operators.airflow.providers.databricks.operators.databricks.DatabricksRunNowOperator","filename":"databricks.py","lineno":195}
{"timestamp":"2026-08-27T23:21:51.859665Z","level":"info","event":"Sleeping for 30 seconds.","logger":"airflow.task.operators.airflow.providers.databricks.operators.databricks.DatabricksRunNowOperator","filename":"databricks.py","lineno":196}
{"timestamp":"2026-08-27T23:22:22.477159Z","level":"info","event":"bronze_ingestion_daily completed successfully.","logger":"airflow.task.operators.airflow.providers.databricks.operators.databricks.DatabricksRunNowOperator","filename":"databricks.py","lineno":151}
{"timestamp":"2026-08-27T23:22:22.477387Z","level":"info","event":"View run status, Spark UI, and logs at https://dbc-9dabf5c9-756d.cloud.databricks.com/?o=2686346829297367#job/912625452045217/run/135888387191035","logger":"airflow.task.operators.airflow.providers.databricks.operators.databricks.DatabricksRunNowOperator","filename":"databricks.py","lineno":152}
{"timestamp":"2026-08-28T12:34:04.380964Z","level":"warning","event":"section/key [openlineage/namespace] not found in config","logger":"airflow.sdk._shared.configuration.parser","filename":"parser.py","lineno":1360}
{"timestamp":"2026-08-28T12:34:04.634847Z","level":"info","event":"DAG bundles loaded: dags-folder","logger":"airflow.dag_processing.bundles.manager.DagBundlesManager","filename":"manager.py","lineno":209}
{"timestamp":"2026-08-28T12:34:04.636305Z","level":"info","event":"Filling up the DagBag from /opt/airflow/dags/verdanta_daily.py","logger":"airflow.dag_processing.dagbag.BundleDagBag","filename":"dagbag.py","lineno":469}
{"timestamp":"2026-08-28T12:34:04.684485Z","level":"info","event":"::group::Cosmos DAG parsing logs","logger":"cosmos.converter","filename":"converter.py","lineno":321}
{"timestamp":"2026-08-28T12:34:04.686754Z","level":"info","event":"Cosmos cache dir resolved to /tmp/cosmos/verdanta_daily__dbt_daily","logger":"cosmos.converter","filename":"converter.py","lineno":346}
{"timestamp":"2026-08-28T12:34:04.687079Z","level":"info","event":"Trying to parse the dbt project using dbt ls cache cosmos_cache__verdanta_daily__dbt_daily...","logger":"cosmos.dbt.graph","filename":"graph.py","lineno":869}
{"timestamp":"2026-08-28T12:34:04.827802Z","level":"info","event":"Cosmos performance: time to calculate cache identifier cosmos_cache__verdanta_daily__dbt_daily for current version: 0.12957402699976228","logger":"cosmos.cache","filename":"cache.py","lineno":401}
{"timestamp":"2026-08-28T12:34:04.828028Z","level":"info","event":"Cosmos performance [74f44c1e21f0|1501]: The cache size for cosmos_cache__verdanta_daily__dbt_daily is 81421","logger":"cosmos.dbt.graph","filename":"graph.py","lineno":886}
{"timestamp":"2026-08-28T12:34:04.830507Z","level":"info","event":"Cosmos performance: Cache hit for cosmos_cache__verdanta_daily__dbt_daily - 7ef252dbf94f4e7f8dda113986a456cc,ff67f1985ea8a9c639de2e1985ae4cf7","logger":"cosmos.dbt.graph","filename":"graph.py","lineno":898}
{"timestamp":"2026-08-28T12:34:04.830963Z","level":"info","event":"Total nodes: 91","logger":"cosmos.dbt.graph","filename":"graph.py","lineno":799}
{"timestamp":"2026-08-28T12:34:04.831075Z","level":"info","event":"Total filtered nodes: 91","logger":"cosmos.dbt.graph","filename":"graph.py","lineno":800}
{"timestamp":"2026-08-28T12:34:04.831187Z","level":"info","event":"Cosmos performance (verdanta_daily__dbt_daily) - [74f44c1e21f0|1501]: It took 0.144s to parse the dbt project for DAG using LoadMode.DBT_LS_CACHE","logger":"cosmos.converter","filename":"converter.py","lineno":371}
{"timestamp":"2026-08-28T12:34:04.917396Z","level":"info","event":"Cosmos performance (verdanta_daily__dbt_daily) - [74f44c1e21f0|1501]: It took 0.0862s to build the Airflow DAG.","logger":"cosmos.converter","filename":"converter.py","lineno":423}
{"timestamp":"2026-08-28T12:34:04.917580Z","level":"info","event":"::endgroup::Cosmos DAG parsing logs","logger":"cosmos.converter","filename":"converter.py","lineno":430}
{"timestamp":"2026-08-28T12:34:04.918081Z","level":"warning","event":"Using Variable.get from `airflow.models` is deprecated.Please use `get` on Variable from sdk(`airflow.sdk.Variable`) instead","category":"UserWarning","filename":"/home/airflow/.local/lib/python3.13/site-packages/airflow/models/variable.py","lineno":158,"logger":"py.warnings"}
{"timestamp":"2026-08-28T12:34:04.957528Z","level":"warning","event":"ProvidersManager.hooks is deprecated. Use ProvidersManagerTaskRuntime.hooks from task-sdk instead.","category":"DeprecatedImportWarning","filename":"/home/airflow/.local/lib/python3.13/site-packages/airflow/providers/databricks/hooks/databricks_base.py","lineno":207,"logger":"py.warnings"}
{"timestamp":"2026-08-28T12:34:06.684240Z","level":"info","event":"Run submitted with run_id: 1110643764825753","logger":"airflow.task.operators.airflow.providers.databricks.operators.databricks.DatabricksRunNowOperator","filename":"databricks.py","lineno":1405}
{"timestamp":"2026-08-28T12:34:07.960658Z","level":"info","event":"bronze_ingestion_daily in run state: {'life_cycle_state': 'RUNNING', 'result_state': '', 'state_message': ''}","logger":"airflow.task.operators.airflow.providers.databricks.operators.databricks.DatabricksRunNowOperator","filename":"databricks.py","lineno":194}
{"timestamp":"2026-08-28T12:34:07.960846Z","level":"info","event":"View run status, Spark UI, and logs at https://dbc-9dabf5c9-756d.cloud.databricks.com/?o=2686346829297367#job/912625452045217/run/1110643764825753","logger":"airflow.task.operators.airflow.providers.databricks.operators.databricks.DatabricksRunNowOperator","filename":"databricks.py","lineno":195}
{"timestamp":"2026-08-28T12:34:07.960915Z","level":"info","event":"Sleeping for 30 seconds.","logger":"airflow.task.operators.airflow.providers.databricks.operators.databricks.DatabricksRunNowOperator","filename":"databricks.py","lineno":196}
{"timestamp":"2026-08-28T12:34:38.550396Z","level":"info","event":"bronze_ingestion_daily in run state: {'life_cycle_state': 'RUNNING', 'result_state': '', 'state_message': ''}","logger":"airflow.task.operators.airflow.providers.databricks.operators.databricks.DatabricksRunNowOperator","filename":"databricks.py","lineno":194}
{"timestamp":"2026-08-28T12:34:38.550607Z","level":"info","event":"View run status, Spark UI, and logs at https://dbc-9dabf5c9-756d.cloud.databricks.com/?o=2686346829297367#job/912625452045217/run/1110643764825753","logger":"airflow.task.operators.airflow.providers.databricks.operators.databricks.DatabricksRunNowOperator","filename":"databricks.py","lineno":195}
{"timestamp":"2026-08-28T12:34:38.550687Z","level":"info","event":"Sleeping for 30 seconds.","logger":"airflow.task.operators.airflow.providers.databricks.operators.databricks.DatabricksRunNowOperator","filename":"databricks.py","lineno":196}
{"timestamp":"2026-08-28T12:35:09.176219Z","level":"info","event":"bronze_ingestion_daily in run state: {'life_cycle_state': 'RUNNING', 'result_state': '', 'state_message': ''}","logger":"airflow.task.operators.airflow.providers.databricks.operators.databricks.DatabricksRunNowOperator","filename":"databricks.py","lineno":194}
{"timestamp":"2026-08-28T12:35:09.176362Z","level":"info","event":"View run status, Spark UI, and logs at https://dbc-9dabf5c9-756d.cloud.databricks.com/?o=2686346829297367#job/912625452045217/run/1110643764825753","logger":"airflow.task.operators.airflow.providers.databricks.operators.databricks.DatabricksRunNowOperator","filename":"databricks.py","lineno":195}
{"timestamp":"2026-08-28T12:35:09.176413Z","level":"info","event":"Sleeping for 30 seconds.","logger":"airflow.task.operators.airflow.providers.databricks.operators.databricks.DatabricksRunNowOperator","filename":"databricks.py","lineno":196}
{"timestamp":"2026-08-28T12:35:39.796831Z","level":"info","event":"bronze_ingestion_daily in run state: {'life_cycle_state': 'RUNNING', 'result_state': '', 'state_message': ''}","logger":"airflow.task.operators.airflow.providers.databricks.operators.databricks.DatabricksRunNowOperator","filename":"databricks.py","lineno":194}
{"timestamp":"2026-08-28T12:35:39.797016Z","level":"info","event":"View run status, Spark UI, and logs at https://dbc-9dabf5c9-756d.cloud.databricks.com/?o=2686346829297367#job/912625452045217/run/1110643764825753","logger":"airflow.task.operators.airflow.providers.databricks.operators.databricks.DatabricksRunNowOperator","filename":"databricks.py","lineno":195}
{"timestamp":"2026-08-28T12:35:39.797066Z","level":"info","event":"Sleeping for 30 seconds.","logger":"airflow.task.operators.airflow.providers.databricks.operators.databricks.DatabricksRunNowOperator","filename":"databricks.py","lineno":196}
{"timestamp":"2026-08-28T12:36:10.449635Z","level":"info","event":"bronze_ingestion_daily completed successfully.","logger":"airflow.task.operators.airflow.providers.databricks.operators.databricks.DatabricksRunNowOperator","filename":"databricks.py","lineno":151}
{"timestamp":"2026-08-28T12:36:10.449830Z","level":"info","event":"View run status, Spark UI, and logs at https://dbc-9dabf5c9-756d.cloud.databricks.com/?o=2686346829297367#job/912625452045217/run/1110643764825753","logger":"airflow.task.operators.airflow.providers.databricks.operators.databricks.DatabricksRunNowOperator","filename":"databricks.py","lineno":152}
