{"timestamp":"2026-08-27T23:28:24.331772Z","level":"warning","event":"section/key [openlineage/namespace] not found in config","logger":"airflow.sdk._shared.configuration.parser","filename":"parser.py","lineno":1360}
{"timestamp":"2026-08-27T23:28:24.610421Z","level":"info","event":"DAG bundles loaded: dags-folder","logger":"airflow.dag_processing.bundles.manager.DagBundlesManager","filename":"manager.py","lineno":209}
{"timestamp":"2026-08-27T23:28:24.612048Z","level":"info","event":"Filling up the DagBag from /opt/airflow/dags/verdanta_daily.py","logger":"airflow.dag_processing.dagbag.BundleDagBag","filename":"dagbag.py","lineno":469}
{"timestamp":"2026-08-27T23:28:24.667101Z","level":"info","event":"::group::Cosmos DAG parsing logs","logger":"cosmos.converter","filename":"converter.py","lineno":321}
{"timestamp":"2026-08-27T23:28:24.669351Z","level":"info","event":"Cosmos cache dir resolved to /tmp/cosmos/verdanta_daily__dbt_daily","logger":"cosmos.converter","filename":"converter.py","lineno":346}
{"timestamp":"2026-08-27T23:28:24.669590Z","level":"info","event":"Trying to parse the dbt project using dbt ls cache cosmos_cache__verdanta_daily__dbt_daily...","logger":"cosmos.dbt.graph","filename":"graph.py","lineno":869}
{"timestamp":"2026-08-27T23:28:24.812465Z","level":"info","event":"Cosmos performance: time to calculate cache identifier cosmos_cache__verdanta_daily__dbt_daily for current version: 0.13235572199994294","logger":"cosmos.cache","filename":"cache.py","lineno":401}
{"timestamp":"2026-08-27T23:28:24.812677Z","level":"info","event":"Cosmos performance [a65d12c8b0f2|340]: The cache size for cosmos_cache__verdanta_daily__dbt_daily is 81421","logger":"cosmos.dbt.graph","filename":"graph.py","lineno":886}
{"timestamp":"2026-08-27T23:28:24.815703Z","level":"info","event":"Cosmos performance: Cache hit for cosmos_cache__verdanta_daily__dbt_daily - 7ef252dbf94f4e7f8dda113986a456cc,ff67f1985ea8a9c639de2e1985ae4cf7","logger":"cosmos.dbt.graph","filename":"graph.py","lineno":898}
{"timestamp":"2026-08-27T23:28:24.816221Z","level":"info","event":"Total nodes: 91","logger":"cosmos.dbt.graph","filename":"graph.py","lineno":799}
{"timestamp":"2026-08-27T23:28:24.816349Z","level":"info","event":"Total filtered nodes: 91","logger":"cosmos.dbt.graph","filename":"graph.py","lineno":800}
{"timestamp":"2026-08-27T23:28:24.816446Z","level":"info","event":"Cosmos performance (verdanta_daily__dbt_daily) - [a65d12c8b0f2|340]: It took 0.147s to parse the dbt project for DAG using LoadMode.DBT_LS_CACHE","logger":"cosmos.converter","filename":"converter.py","lineno":371}
{"timestamp":"2026-08-27T23:28:24.909194Z","level":"info","event":"Cosmos performance (verdanta_daily__dbt_daily) - [a65d12c8b0f2|340]: It took 0.0927s to build the Airflow DAG.","logger":"cosmos.converter","filename":"converter.py","lineno":423}
{"timestamp":"2026-08-27T23:28:24.909366Z","level":"info","event":"::endgroup::Cosmos DAG parsing logs","logger":"cosmos.converter","filename":"converter.py","lineno":430}
{"timestamp":"2026-08-27T23:28:24.909913Z","level":"warning","event":"Using Variable.get from `airflow.models` is deprecated.Please use `get` on Variable from sdk(`airflow.sdk.Variable`) instead","category":"UserWarning","filename":"/home/airflow/.local/lib/python3.13/site-packages/airflow/models/variable.py","lineno":158,"logger":"py.warnings"}
{"timestamp":"2026-08-27T23:28:26.329954Z","level":"info","event":"dbtRunner is available. Using dbtRunner for invoking dbt.","logger":"cosmos.operators.base","filename":"local.py","lineno":295}
{"timestamp":"2026-08-27T23:28:26.331157Z","level":"info","event":"Cloning project to writable temp directory /tmp/tmppsyc17rk from /opt/airflow/dbt/verdanta_project","logger":"cosmos.operators.base","filename":"local.py","lineno":519}
{"timestamp":"2026-08-27T23:28:26.341454Z","level":"info","event":"Partial parse is enabled and the latest partial parse file is /tmp/cosmos/verdanta_daily__dbt_daily/target/partial_parse.msgpack","logger":"cosmos.operators.base","filename":"local.py","lineno":539}
{"timestamp":"2026-08-27T23:28:26.370755Z","level":"info","event":"Profile caching is enable.","logger":"cosmos.config","filename":"config.py","lineno":399}
{"timestamp":"2026-08-27T23:28:26.379862Z","level":"info","event":"Profile found in cache using profile: /tmp/cosmos/profile/6b8ea799dc113f1dd3bbe9d31d4e2b50be1e9a4a8103a2b146974d24f2f9097c/profiles.yml.","logger":"cosmos.config","filename":"config.py","lineno":379}
{"timestamp":"2026-08-27T23:28:26.386901Z","level":"info","event":"Trying to run dbtRunner with:\n ['deps', '--project-dir', '/tmp/tmppsyc17rk', '--profiles-dir', '/tmp/cosmos/profile/6b8ea799dc113f1dd3bbe9d31d4e2b50be1e9a4a8103a2b146974d24f2f9097c', '--profile', 'verdanta_project', '--target', 'dev', '--no-static-parser']\n in /tmp/tmppsyc17rk","logger":"cosmos.dbt.runner","filename":"runner.py","lineno":95}
{"timestamp":"2026-08-27T23:28:26.547678Z","level":"info","event":"\u001b[0m23:28:26  Running with dbt=1.12.0","logger":"task.stdout"}
{"timestamp":"2026-08-27T23:28:27.031310Z","level":"info","event":"\u001b[0m23:28:27  Installing dbt-labs/dbt_utils","logger":"task.stdout"}
{"timestamp":"2026-08-27T23:28:27.516829Z","level":"info","event":"\u001b[0m23:28:27  Installed from version 1.4.1","logger":"task.stdout"}
{"timestamp":"2026-08-27T23:28:27.517249Z","level":"info","event":"\u001b[0m23:28:27  Up to date!","logger":"task.stdout"}
{"timestamp":"2026-08-27T23:28:28.392503Z","level":"info","event":"Trying to run dbtRunner with:\n ['run', '--select', 'fqn:verdanta_project.staging.stg_erp__returns', '--project-dir', '/tmp/tmppsyc17rk', '--profiles-dir', '/tmp/cosmos/profile/6b8ea799dc113f1dd3bbe9d31d4e2b50be1e9a4a8103a2b146974d24f2f9097c', '--profile', 'verdanta_project', '--target', 'dev', '--no-static-parser']\n in /tmp/tmppsyc17rk","logger":"cosmos.dbt.runner","filename":"runner.py","lineno":95}
{"timestamp":"2026-08-27T23:28:28.405211Z","level":"info","event":"\u001b[0m23:28:28  Running with dbt=1.12.0","logger":"task.stdout"}
{"timestamp":"2026-08-27T23:28:29.488761Z","level":"warning","event":"Valid config keys have changed in V2:\n* 'allow_population_by_field_name' has been renamed to 'validate_by_name'","category":"UserWarning","filename":"/home/airflow/.local/lib/python3.13/site-packages/pydantic/_internal/_config.py","lineno":383,"logger":"py.warnings"}
{"timestamp":"2026-08-27T23:28:29.789849Z","level":"info","event":"\u001b[0m23:28:29  Registered adapter: databricks=1.10.9","logger":"task.stdout"}
{"timestamp":"2026-08-27T23:28:32.141080Z","level":"info","event":"\u001b[0m23:28:32  Found 22 models, 96 data tests, 3 seeds, 2 snapshots, 8 sources, 844 macros","logger":"task.stdout"}
{"timestamp":"2026-08-27T23:28:32.148195Z","level":"info","event":"\u001b[0m23:28:32","logger":"task.stdout"}
{"timestamp":"2026-08-27T23:28:32.148683Z","level":"info","event":"\u001b[0m23:28:32  Concurrency: 1 threads (target='dev')","logger":"task.stdout"}
{"timestamp":"2026-08-27T23:28:32.149135Z","level":"info","event":"\u001b[0m23:28:32","logger":"task.stdout"}
{"timestamp":"2026-08-27T23:28:32.158115Z","level":"info","event":"\u001b[0m23:28:32","logger":"task.stdout"}
{"timestamp":"2026-08-27T23:28:32.158773Z","level":"info","event":"\u001b[0m23:28:32  Finished running  in 0 hours 0 minutes and 0.01 seconds (0.01s).","logger":"task.stdout"}
{"timestamp":"2026-08-27T23:28:32.163937Z","level":"info","event":"\u001b[0m23:28:32  [\u001b[31mERROR\u001b[0m]: Encountered an error:","logger":"task.stdout"}
{"timestamp":"2026-08-27T23:28:32.164198Z","level":"info","event":"Database Error","logger":"task.stdout"}
{"timestamp":"2026-08-27T23:28:32.164475Z","level":"info","event":"  Runtime Error","logger":"task.stdout"}
{"timestamp":"2026-08-27T23:28:32.164698Z","level":"info","event":"    The config 'http_path' is required to connect to Databricks","logger":"task.stdout"}
{"timestamp":"2026-08-27T23:28:32.992544Z","level":"info","event":"Inlets: []","logger":"cosmos.operators.base","filename":"local.py","lineno":595}
{"timestamp":"2026-08-27T23:28:32.992727Z","level":"info","event":"Outlets: []","logger":"cosmos.operators.base","filename":"local.py","lineno":596}
{"timestamp":"2026-08-27T23:28:32.992883Z","level":"info","event":"Assigning outlets with DatasetAlias in Airflow 3","logger":"cosmos.operators.base","filename":"local.py","lineno":901}
{"timestamp":"2026-08-27T23:28:33.008839Z","level":"error","event":"Task failed with exception","logger":"task","filename":"task_runner.py","lineno":1347,"error_detail":[{"exc_type":"CosmosDbtRunError","exc_value":"dbt invocation did not complete with unhandled error: Database Error\n  Runtime Error\n    The config 'http_path' is required to connect to Databricks","exc_notes":[],"syntax_error":null,"is_cause":false,"frames":[{"filename":"/home/airflow/.local/lib/python3.13/site-packages/airflow/sdk/execution_time/task_runner.py","lineno":1263,"name":"run"},{"filename":"/home/airflow/.local/lib/python3.13/site-packages/airflow/sdk/execution_time/task_runner.py","lineno":1678,"name":"_execute_task"},{"filename":"/home/airflow/.local/lib/python3.13/site-packages/cosmos/operators/base.py","lineno":346,"name":"execute"},{"filename":"/home/airflow/.local/lib/python3.13/site-packages/cosmos/operators/local.py","lineno":969,"name":"build_and_run_cmd"},{"filename":"/home/airflow/.local/lib/python3.13/site-packages/cosmos/operators/local.py","lineno":744,"name":"run_command"},{"filename":"/home/airflow/.local/lib/python3.13/site-packages/cosmos/operators/local.py","lineno":309,"name":"handle_exception_dbt_runner"},{"filename":"/home/airflow/.local/lib/python3.13/site-packages/cosmos/dbt/runner.py","lineno":152,"name":"handle_exception_if_needed"}],"is_group":false,"exceptions":[]}]}
{"timestamp":"2026-08-27T23:28:33.043720Z","level":"error","event":"Failed to set rendered fields during finalization","task_id":"dbt_daily.stg_erp__returns.run","dag_id":"verdanta_daily","logger":"task","filename":"task_runner.py","lineno":1780,"error_detail":[{"exc_type":"AirflowRuntimeError","exc_value":"API_SERVER_ERROR: {'status_code': 404, 'message': 'Not Found', 'detail': {'detail': 'Not Found'}}","exc_notes":[],"syntax_error":null,"is_cause":false,"frames":[{"filename":"/home/airflow/.local/lib/python3.13/site-packages/airflow/sdk/execution_time/task_runner.py","lineno":1778,"name":"finalize"},{"filename":"/home/airflow/.local/lib/python3.13/site-packages/airflow/sdk/execution_time/comms.py","lineno":219,"name":"send"},{"filename":"/home/airflow/.local/lib/python3.13/site-packages/airflow/sdk/execution_time/comms.py","lineno":313,"name":"_get_response"},{"filename":"/home/airflow/.local/lib/python3.13/site-packages/airflow/sdk/execution_time/comms.py","lineno":300,"name":"_from_frame"}],"is_group":false,"exceptions":[]}]}
{"timestamp":"2026-08-27T23:28:33.237782Z","level":"error","event":"/usr/python/lib/python3.13/multiprocessing/resource_tracker.py:400: UserWarning: resource_tracker: There appear to be 2 leaked semaphore objects to clean up at shutdown: {'/mp-qycu6__5', '/mp-_fg202qs'}","logger":"task.stderr"}
{"timestamp":"2026-08-27T23:28:33.238170Z","level":"error","event":"  warnings.warn(","logger":"task.stderr"}
