{"timestamp":"2026-08-28T11:24:14.245567Z","level":"warning","event":"section/key [openlineage/namespace] not found in config","logger":"airflow.sdk._shared.configuration.parser","filename":"parser.py","lineno":1360}
{"timestamp":"2026-08-28T11:24:14.788372Z","level":"info","event":"DAG bundles loaded: dags-folder","logger":"airflow.dag_processing.bundles.manager.DagBundlesManager","filename":"manager.py","lineno":209}
{"timestamp":"2026-08-28T11:24:14.790340Z","level":"info","event":"Filling up the DagBag from /opt/airflow/dags/verdanta_daily.py","logger":"airflow.dag_processing.dagbag.BundleDagBag","filename":"dagbag.py","lineno":469}
{"timestamp":"2026-08-28T11:24:14.894902Z","level":"warning","event":"Skipping masking for a secret as it's too short (<5 chars)","logger":"airflow.sdk._shared.secrets_masker.secrets_masker","filename":"secrets_masker.py","lineno":577}
{"timestamp":"2026-08-28T11:24:14.901880Z","level":"info","event":"::group::Cosmos DAG parsing logs","logger":"cosmos.converter","filename":"converter.py","lineno":321}
{"timestamp":"2026-08-28T11:24:14.904292Z","level":"info","event":"Cosmos cache dir resolved to /tmp/cosmos/verdanta_daily__dbt_daily","logger":"cosmos.converter","filename":"converter.py","lineno":346}
{"timestamp":"2026-08-28T11:24:14.904555Z","level":"info","event":"Trying to parse the dbt project using dbt ls cache cosmos_cache__verdanta_daily__dbt_daily...","logger":"cosmos.dbt.graph","filename":"graph.py","lineno":869}
{"timestamp":"2026-08-28T11:24:15.136906Z","level":"info","event":"Cosmos performance: time to calculate cache identifier cosmos_cache__verdanta_daily__dbt_daily for current version: 0.18041328099997145","logger":"cosmos.cache","filename":"cache.py","lineno":401}
{"timestamp":"2026-08-28T11:24:15.137215Z","level":"info","event":"Cosmos performance [74f44c1e21f0|75]: The cache size for cosmos_cache__verdanta_daily__dbt_daily is 81421","logger":"cosmos.dbt.graph","filename":"graph.py","lineno":886}
{"timestamp":"2026-08-28T11:24:15.152355Z","level":"info","event":"Cosmos performance: Cache hit for cosmos_cache__verdanta_daily__dbt_daily - 7ef252dbf94f4e7f8dda113986a456cc,ff67f1985ea8a9c639de2e1985ae4cf7","logger":"cosmos.dbt.graph","filename":"graph.py","lineno":898}
{"timestamp":"2026-08-28T11:24:15.152775Z","level":"info","event":"Total nodes: 91","logger":"cosmos.dbt.graph","filename":"graph.py","lineno":799}
{"timestamp":"2026-08-28T11:24:15.152924Z","level":"info","event":"Total filtered nodes: 91","logger":"cosmos.dbt.graph","filename":"graph.py","lineno":800}
{"timestamp":"2026-08-28T11:24:15.153102Z","level":"info","event":"Cosmos performance (verdanta_daily__dbt_daily) - [74f44c1e21f0|75]: It took 0.249s to parse the dbt project for DAG using LoadMode.DBT_LS_CACHE","logger":"cosmos.converter","filename":"converter.py","lineno":371}
{"timestamp":"2026-08-28T11:24:15.249889Z","level":"info","event":"Cosmos performance (verdanta_daily__dbt_daily) - [74f44c1e21f0|75]: It took 0.0968s to build the Airflow DAG.","logger":"cosmos.converter","filename":"converter.py","lineno":423}
{"timestamp":"2026-08-28T11:24:15.250117Z","level":"info","event":"::endgroup::Cosmos DAG parsing logs","logger":"cosmos.converter","filename":"converter.py","lineno":430}
{"timestamp":"2026-08-28T11:24:15.250965Z","level":"warning","event":"Using Variable.get from `airflow.models` is deprecated.Please use `get` on Variable from sdk(`airflow.sdk.Variable`) instead","category":"UserWarning","filename":"/home/airflow/.local/lib/python3.13/site-packages/airflow/models/variable.py","lineno":158,"logger":"py.warnings"}
{"timestamp":"2026-08-28T11:24:18.490418Z","level":"info","event":"dbtRunner is available. Using dbtRunner for invoking dbt.","logger":"cosmos.operators.base","filename":"local.py","lineno":295}
{"timestamp":"2026-08-28T11:24:18.492650Z","level":"info","event":"Cloning project to writable temp directory /tmp/tmpcqdsok1b from /opt/airflow/dbt/verdanta_project","logger":"cosmos.operators.base","filename":"local.py","lineno":519}
{"timestamp":"2026-08-28T11:24:18.519981Z","level":"info","event":"Partial parse is enabled and the latest partial parse file is /opt/airflow/dbt/verdanta_project/target/partial_parse.msgpack","logger":"cosmos.operators.base","filename":"local.py","lineno":539}
{"timestamp":"2026-08-28T11:24:18.734969Z","level":"info","event":"Profile caching is enable.","logger":"cosmos.config","filename":"config.py","lineno":399}
{"timestamp":"2026-08-28T11:24:18.953559Z","level":"info","event":"Using real values for profile verdanta_project","logger":"cosmos.profiles.base","filename":"base.py","lineno":259}
{"timestamp":"2026-08-28T11:24:18.960248Z","level":"info","event":"Profile not found in cache storing and using profile: /tmp/cosmos/profile/6b8ea799dc113f1dd3bbe9d31d4e2b50be1e9a4a8103a2b146974d24f2f9097c/profiles.yml.","logger":"cosmos.config","filename":"config.py","lineno":386}
{"timestamp":"2026-08-28T11:24:18.976854Z","level":"info","event":"Trying to run dbtRunner with:\n ['deps', '--project-dir', '/tmp/tmpcqdsok1b', '--profiles-dir', '/tmp/cosmos/profile/6b8ea799dc113f1dd3bbe9d31d4e2b50be1e9a4a8103a2b146974d24f2f9097c', '--profile', 'verdanta_project', '--target', 'dev', '--no-static-parser']\n in /tmp/tmpcqdsok1b","logger":"cosmos.dbt.runner","filename":"runner.py","lineno":95}
{"timestamp":"2026-08-28T11:24:19.308518Z","level":"info","event":"\u001b[0m11:24:19  Running with dbt=1.12.0","logger":"task.stdout"}
{"timestamp":"2026-08-28T11:24:20.272883Z","level":"info","event":"\u001b[0m11:24:20  Installing dbt-labs/dbt_utils","logger":"task.stdout"}
{"timestamp":"2026-08-28T11:24:21.025756Z","level":"info","event":"\u001b[0m11:24:21  Installed from version 1.4.1","logger":"task.stdout"}
{"timestamp":"2026-08-28T11:24:21.027052Z","level":"info","event":"\u001b[0m11:24:21  Up to date!","logger":"task.stdout"}
{"timestamp":"2026-08-28T11:24:22.365225Z","level":"info","event":"Trying to run dbtRunner with:\n ['run', '--select', 'fqn:verdanta_project.staging.stg_erp__returns', '--project-dir', '/tmp/tmpcqdsok1b', '--profiles-dir', '/tmp/cosmos/profile/6b8ea799dc113f1dd3bbe9d31d4e2b50be1e9a4a8103a2b146974d24f2f9097c', '--profile', 'verdanta_project', '--target', 'dev', '--no-static-parser']\n in /tmp/tmpcqdsok1b","logger":"cosmos.dbt.runner","filename":"runner.py","lineno":95}
{"timestamp":"2026-08-28T11:24:22.379077Z","level":"info","event":"\u001b[0m11:24:22  Running with dbt=1.12.0","logger":"task.stdout"}
{"timestamp":"2026-08-28T11:24:27.079759Z","level":"warning","event":"Valid config keys have changed in V2:\n* 'allow_population_by_field_name' has been renamed to 'validate_by_name'","category":"UserWarning","filename":"/home/airflow/.local/lib/python3.13/site-packages/pydantic/_internal/_config.py","lineno":383,"logger":"py.warnings"}
{"timestamp":"2026-08-28T11:24:27.508229Z","level":"info","event":"\u001b[0m11:24:27  Registered adapter: databricks=1.10.9","logger":"task.stdout"}
{"timestamp":"2026-08-28T11:24:29.034311Z","level":"info","event":"\u001b[0m11:24:29  Unable to do partial parsing because profile has changed","logger":"task.stdout"}
{"timestamp":"2026-08-28T11:24:35.289312Z","level":"info","event":"\u001b[0m11:24:35  [\u001b[33mWARNING\u001b[0m][MissingArgumentsPropertyInGenericTestDeprecation]: Deprecated","logger":"task.stdout"}
{"timestamp":"2026-08-28T11:24:35.289759Z","level":"info","event":"functionality","logger":"task.stdout"}
{"timestamp":"2026-08-28T11:24:35.290209Z","level":"info","event":"Found top-level arguments to test `relationships` defined on 'stg_erp__orders'","logger":"task.stdout"}
{"timestamp":"2026-08-28T11:24:35.290600Z","level":"info","event":"in package 'verdanta_project' (models/staging/properties.yml). Arguments to","logger":"task.stdout"}
{"timestamp":"2026-08-28T11:24:35.290947Z","level":"info","event":"generic tests should be nested under the `arguments` property.","logger":"task.stdout"}
{"timestamp":"2026-08-28T11:24:37.192582Z","level":"info","event":"\u001b[0m11:24:37  Found 22 models, 96 data tests, 3 seeds, 2 snapshots, 8 sources, 844 macros","logger":"task.stdout"}
{"timestamp":"2026-08-28T11:24:37.201927Z","level":"info","event":"\u001b[0m11:24:37","logger":"task.stdout"}
{"timestamp":"2026-08-28T11:24:37.202689Z","level":"info","event":"\u001b[0m11:24:37  Concurrency: 1 threads (target='dev')","logger":"task.stdout"}
{"timestamp":"2026-08-28T11:24:37.203255Z","level":"info","event":"\u001b[0m11:24:37","logger":"task.stdout"}
{"timestamp":"2026-08-28T11:24:37.214398Z","level":"info","event":"\u001b[0m11:24:37","logger":"task.stdout"}
{"timestamp":"2026-08-28T11:24:37.215289Z","level":"info","event":"\u001b[0m11:24:37  Finished running  in 0 hours 0 minutes and 0.01 seconds (0.01s).","logger":"task.stdout"}
{"timestamp":"2026-08-28T11:24:37.216019Z","level":"info","event":"\u001b[0m11:24:37  [\u001b[31mERROR\u001b[0m]: Encountered an error:","logger":"task.stdout"}
{"timestamp":"2026-08-28T11:24:37.216317Z","level":"info","event":"Database Error","logger":"task.stdout"}
{"timestamp":"2026-08-28T11:24:37.216688Z","level":"info","event":"  Runtime Error","logger":"task.stdout"}
{"timestamp":"2026-08-28T11:24:37.217000Z","level":"info","event":"    The config 'http_path' is required to connect to Databricks","logger":"task.stdout"}
{"timestamp":"2026-08-28T11:24:37.217360Z","level":"info","event":"\u001b[0m11:24:37  [\u001b[33mWARNING\u001b[0m][DeprecationsSummary]: Deprecated functionality","logger":"task.stdout"}
{"timestamp":"2026-08-28T11:24:37.217590Z","level":"info","event":"Summary of encountered deprecations:","logger":"task.stdout"}
{"timestamp":"2026-08-28T11:24:37.217804Z","level":"info","event":"- MissingArgumentsPropertyInGenericTestDeprecation: 9 occurrences","logger":"task.stdout"}
{"timestamp":"2026-08-28T11:24:37.218001Z","level":"info","event":"To see all deprecation instances instead of just the first occurrence of each,","logger":"task.stdout"}
{"timestamp":"2026-08-28T11:24:37.218208Z","level":"info","event":"run command again with the `--show-all-deprecations` flag. You may also need to","logger":"task.stdout"}
{"timestamp":"2026-08-28T11:24:37.218396Z","level":"info","event":"run with `--no-partial-parse` as some deprecations are only encountered during","logger":"task.stdout"}
{"timestamp":"2026-08-28T11:24:37.218613Z","level":"info","event":"parsing.","logger":"task.stdout"}
{"timestamp":"2026-08-28T11:24:38.198927Z","level":"info","event":"Inlets: []","logger":"cosmos.operators.base","filename":"local.py","lineno":595}
{"timestamp":"2026-08-28T11:24:38.199146Z","level":"info","event":"Outlets: []","logger":"cosmos.operators.base","filename":"local.py","lineno":596}
{"timestamp":"2026-08-28T11:24:38.199429Z","level":"info","event":"Assigning outlets with DatasetAlias in Airflow 3","logger":"cosmos.operators.base","filename":"local.py","lineno":901}
{"timestamp":"2026-08-28T11:24:38.226466Z","level":"error","event":"Task failed with exception","logger":"task","filename":"task_runner.py","lineno":1347,"error_detail":[{"exc_type":"CosmosDbtRunError","exc_value":"dbt invocation did not complete with unhandled error: Database Error\n  Runtime Error\n    The config 'http_path' is required to connect to Databricks","exc_notes":[],"syntax_error":null,"is_cause":false,"frames":[{"filename":"/home/airflow/.local/lib/python3.13/site-packages/airflow/sdk/execution_time/task_runner.py","lineno":1263,"name":"run"},{"filename":"/home/airflow/.local/lib/python3.13/site-packages/airflow/sdk/execution_time/task_runner.py","lineno":1678,"name":"_execute_task"},{"filename":"/home/airflow/.local/lib/python3.13/site-packages/cosmos/operators/base.py","lineno":346,"name":"execute"},{"filename":"/home/airflow/.local/lib/python3.13/site-packages/cosmos/operators/local.py","lineno":969,"name":"build_and_run_cmd"},{"filename":"/home/airflow/.local/lib/python3.13/site-packages/cosmos/operators/local.py","lineno":744,"name":"run_command"},{"filename":"/home/airflow/.local/lib/python3.13/site-packages/cosmos/operators/local.py","lineno":309,"name":"handle_exception_dbt_runner"},{"filename":"/home/airflow/.local/lib/python3.13/site-packages/cosmos/dbt/runner.py","lineno":152,"name":"handle_exception_if_needed"}],"is_group":false,"exceptions":[]}]}
{"timestamp":"2026-08-28T11:24:38.469617Z","level":"error","event":"/usr/python/lib/python3.13/multiprocessing/resource_tracker.py:400: UserWarning: resource_tracker: There appear to be 2 leaked semaphore objects to clean up at shutdown: {'/mp-918gmeyz', '/mp-43ybjm7a'}","logger":"task.stderr"}
{"timestamp":"2026-08-28T11:24:38.469998Z","level":"error","event":"  warnings.warn(","logger":"task.stderr"}
