{"timestamp":"2026-09-04T12:12:44.043082Z","level":"warning","event":"section/key [openlineage/namespace] not found in config","logger":"airflow.sdk._shared.configuration.parser","filename":"parser.py","lineno":1360}
{"timestamp":"2026-09-04T12:12:44.305618Z","level":"info","event":"DAG bundles loaded: dags-folder","logger":"airflow.dag_processing.bundles.manager.DagBundlesManager","filename":"manager.py","lineno":209}
{"timestamp":"2026-09-04T12:12:44.307093Z","level":"info","event":"Filling up the DagBag from /opt/airflow/dags/verdanta_daily.py","logger":"airflow.dag_processing.dagbag.BundleDagBag","filename":"dagbag.py","lineno":469}
{"timestamp":"2026-09-04T12:12:44.362415Z","level":"info","event":"::group::Cosmos DAG parsing logs","logger":"cosmos.converter","filename":"converter.py","lineno":321}
{"timestamp":"2026-09-04T12:12:44.365160Z","level":"info","event":"Cosmos cache dir resolved to /tmp/cosmos/verdanta_daily__dbt_daily","logger":"cosmos.converter","filename":"converter.py","lineno":346}
{"timestamp":"2026-09-04T12:12:44.365515Z","level":"info","event":"Trying to parse the dbt project using dbt ls cache cosmos_cache__verdanta_daily__dbt_daily...","logger":"cosmos.dbt.graph","filename":"graph.py","lineno":869}
{"timestamp":"2026-09-04T12:12:44.514522Z","level":"info","event":"Cosmos performance: time to calculate cache identifier cosmos_cache__verdanta_daily__dbt_daily for current version: 0.13676920599982623","logger":"cosmos.cache","filename":"cache.py","lineno":401}
{"timestamp":"2026-09-04T12:12:44.514717Z","level":"info","event":"Cosmos performance [e0325ba85c6f|1638]: The cache size for cosmos_cache__verdanta_daily__dbt_daily is 81420","logger":"cosmos.dbt.graph","filename":"graph.py","lineno":886}
{"timestamp":"2026-09-04T12:12:44.517202Z","level":"info","event":"Cosmos performance: Cache hit for cosmos_cache__verdanta_daily__dbt_daily - cec7d2b2130ad93ca8be26282ae433fd,f50552a3029f27b43be4a74a78877897","logger":"cosmos.dbt.graph","filename":"graph.py","lineno":898}
{"timestamp":"2026-09-04T12:12:44.517649Z","level":"info","event":"Total nodes: 91","logger":"cosmos.dbt.graph","filename":"graph.py","lineno":799}
{"timestamp":"2026-09-04T12:12:44.517758Z","level":"info","event":"Total filtered nodes: 91","logger":"cosmos.dbt.graph","filename":"graph.py","lineno":800}
{"timestamp":"2026-09-04T12:12:44.517843Z","level":"info","event":"Cosmos performance (verdanta_daily__dbt_daily) - [e0325ba85c6f|1638]: It took 0.152s to parse the dbt project for DAG using LoadMode.DBT_LS_CACHE","logger":"cosmos.converter","filename":"converter.py","lineno":371}
{"timestamp":"2026-09-04T12:12:44.599174Z","level":"info","event":"Cosmos performance (verdanta_daily__dbt_daily) - [e0325ba85c6f|1638]: It took 0.0813s to build the Airflow DAG.","logger":"cosmos.converter","filename":"converter.py","lineno":423}
{"timestamp":"2026-09-04T12:12:44.599377Z","level":"info","event":"::endgroup::Cosmos DAG parsing logs","logger":"cosmos.converter","filename":"converter.py","lineno":430}
{"timestamp":"2026-09-04T12:12:44.599940Z","level":"warning","event":"Using Variable.get from `airflow.models` is deprecated.Please use `get` on Variable from sdk(`airflow.sdk.Variable`) instead","category":"UserWarning","filename":"/home/airflow/.local/lib/python3.13/site-packages/airflow/models/variable.py","lineno":158,"logger":"py.warnings"}
{"timestamp":"2026-09-04T12:12:46.056002Z","level":"info","event":"dbtRunner is available. Using dbtRunner for invoking dbt.","logger":"cosmos.operators.base","filename":"local.py","lineno":295}
{"timestamp":"2026-09-04T12:12:46.057068Z","level":"info","event":"Cloning project to writable temp directory /tmp/tmp6a280dno from /opt/airflow/dbt/verdanta_project","logger":"cosmos.operators.base","filename":"local.py","lineno":519}
{"timestamp":"2026-09-04T12:12:46.068425Z","level":"info","event":"Partial parse is enabled and the latest partial parse file is /tmp/cosmos/verdanta_daily__dbt_daily/target/partial_parse.msgpack","logger":"cosmos.operators.base","filename":"local.py","lineno":539}
{"timestamp":"2026-09-04T12:12:46.094370Z","level":"info","event":"Profile caching is enable.","logger":"cosmos.config","filename":"config.py","lineno":399}
{"timestamp":"2026-09-04T12:12:46.103241Z","level":"info","event":"Profile found in cache using profile: /tmp/cosmos/profile/1922feb8ca1009fb7100ee4968074ed46f63552d8d832d8d38dda5163b9c3f18/profiles.yml.","logger":"cosmos.config","filename":"config.py","lineno":379}
{"timestamp":"2026-09-04T12:12:46.110062Z","level":"info","event":"Trying to run dbtRunner with:\n ['deps', '--project-dir', '/tmp/tmp6a280dno', '--profiles-dir', '/tmp/cosmos/profile/1922feb8ca1009fb7100ee4968074ed46f63552d8d832d8d38dda5163b9c3f18', '--profile', 'verdanta_project', '--target', 'dev', '--no-static-parser']\n in /tmp/tmp6a280dno","logger":"cosmos.dbt.runner","filename":"runner.py","lineno":95}
{"timestamp":"2026-09-04T12:12:46.274796Z","level":"info","event":"\u001b[0m12:12:46  Running with dbt=1.12.0","logger":"task.stdout"}
{"timestamp":"2026-09-04T12:12:46.705928Z","level":"info","event":"\u001b[0m12:12:46  Installing dbt-labs/dbt_utils","logger":"task.stdout"}
{"timestamp":"2026-09-04T12:12:47.182962Z","level":"info","event":"\u001b[0m12:12:47  Installed from version 1.4.1","logger":"task.stdout"}
{"timestamp":"2026-09-04T12:12:47.183608Z","level":"info","event":"\u001b[0m12:12:47  Up to date!","logger":"task.stdout"}
{"timestamp":"2026-09-04T12:12:48.053952Z","level":"info","event":"Trying to run dbtRunner with:\n ['run', '--select', 'fqn:verdanta_project.intermediate.int_order_items_enriched', '--project-dir', '/tmp/tmp6a280dno', '--profiles-dir', '/tmp/cosmos/profile/1922feb8ca1009fb7100ee4968074ed46f63552d8d832d8d38dda5163b9c3f18', '--profile', 'verdanta_project', '--target', 'dev', '--no-static-parser']\n in /tmp/tmp6a280dno","logger":"cosmos.dbt.runner","filename":"runner.py","lineno":95}
{"timestamp":"2026-09-04T12:12:48.071016Z","level":"info","event":"\u001b[0m12:12:48  Running with dbt=1.12.0","logger":"task.stdout"}
{"timestamp":"2026-09-04T12:12:49.238834Z","level":"warning","event":"Valid config keys have changed in V2:\n* 'allow_population_by_field_name' has been renamed to 'validate_by_name'","category":"UserWarning","filename":"/home/airflow/.local/lib/python3.13/site-packages/pydantic/_internal/_config.py","lineno":383,"logger":"py.warnings"}
{"timestamp":"2026-09-04T12:12:49.555264Z","level":"info","event":"\u001b[0m12:12:49  Registered adapter: databricks=1.10.9","logger":"task.stdout"}
{"timestamp":"2026-09-04T12:12:52.068179Z","level":"info","event":"\u001b[0m12:12:52  Found 22 models, 96 data tests, 3 seeds, 2 snapshots, 8 sources, 844 macros","logger":"task.stdout"}
{"timestamp":"2026-09-04T12:12:52.075779Z","level":"info","event":"\u001b[0m12:12:52","logger":"task.stdout"}
{"timestamp":"2026-09-04T12:12:52.076315Z","level":"info","event":"\u001b[0m12:12:52  Concurrency: 1 threads (target='dev')","logger":"task.stdout"}
{"timestamp":"2026-09-04T12:12:52.076859Z","level":"info","event":"\u001b[0m12:12:52","logger":"task.stdout"}
{"timestamp":"2026-09-04T12:12:57.354361Z","level":"info","event":"\u001b[0m12:12:57  1 of 1 START sql view model silver.int_order_items_enriched .................... [RUN]","logger":"task.stdout"}
{"timestamp":"2026-09-04T12:12:57.391497Z","level":"info","event":"\u001b[0m12:12:57  [\u001b[33mWARNING\u001b[0m]: Use revamped materializations based on separating create and insert.  This allows more performant column comments, as well as new column features.","logger":"task.stdout"}
{"timestamp":"2026-09-04T12:12:57.391847Z","level":"info","event":"You may opt into the new behavior sooner by setting `flags.use_materialization_v2` to `True` in `dbt_project.yml`.","logger":"task.stdout"}
{"timestamp":"2026-09-04T12:12:57.392089Z","level":"info","event":"Visit https://docs.getdbt.com/reference/global-configs/behavior-changes for more information.","logger":"task.stdout"}
{"timestamp":"2026-09-04T12:12:59.412016Z","level":"info","event":"\u001b[0m12:12:59  1 of 1 OK created sql view model silver.int_order_items_enriched ............... [\u001b[32mOK\u001b[0m in 2.05s]","logger":"task.stdout"}
{"timestamp":"2026-09-04T12:12:59.421758Z","level":"info","event":"\u001b[0m12:12:59","logger":"task.stdout"}
{"timestamp":"2026-09-04T12:12:59.422411Z","level":"info","event":"\u001b[0m12:12:59  Finished running 1 view model in 0 hours 0 minutes and 7.34 seconds (7.34s).","logger":"task.stdout"}
{"timestamp":"2026-09-04T12:12:59.531693Z","level":"info","event":"\u001b[0m12:12:59","logger":"task.stdout"}
{"timestamp":"2026-09-04T12:12:59.532205Z","level":"info","event":"\u001b[0m12:12:59  \u001b[32mCompleted successfully\u001b[0m","logger":"task.stdout"}
{"timestamp":"2026-09-04T12:12:59.532728Z","level":"info","event":"\u001b[0m12:12:59","logger":"task.stdout"}
{"timestamp":"2026-09-04T12:12:59.533404Z","level":"info","event":"\u001b[0m12:12:59  Done. PASS=1 WARN=0 ERROR=0 SKIP=0 NO-OP=0 REUSED=0 TOTAL=1","logger":"task.stdout"}
{"timestamp":"2026-09-04T12:13:00.420512Z","level":"warning","event":"Airflow 3.0.0 Asset (Dataset) URIs validation rules changed and OpenLineage URIs (standard used by Cosmos) are no longer accepted. Therefore, if using Cosmos with Airflow 3, the Airflow Asset (Dataset) URI is now <databricks://dbc-9dabf5c9-756d.cloud.databricks.com/verdanta_dev/silver/stg_erp__order_items>. Before, with Airflow 2.x, the URI used to be <databricks://dbc-9dabf5c9-756d.cloud.databricks.com/verdanta_dev.silver.stg_erp__order_items>. Please, change any DAGs that were scheduled using the old standard to the new one.","logger":"cosmos.dataset","filename":"dataset.py","lineno":237}
{"timestamp":"2026-09-04T12:13:02.620142Z","level":"warning","event":"Airflow 3.0.0 Asset (Dataset) URIs validation rules changed and OpenLineage URIs (standard used by Cosmos) are no longer accepted. Therefore, if using Cosmos with Airflow 3, the Airflow Asset (Dataset) URI is now <databricks://dbc-9dabf5c9-756d.cloud.databricks.com/verdanta_dev/silver/int_order_items_enriched>. Before, with Airflow 2.x, the URI used to be <databricks://dbc-9dabf5c9-756d.cloud.databricks.com/verdanta_dev.silver.int_order_items_enriched>. Please, change any DAGs that were scheduled using the old standard to the new one.","logger":"cosmos.dataset","filename":"dataset.py","lineno":237}
{"timestamp":"2026-09-04T12:13:02.620930Z","level":"info","event":"Inlets: [Asset(name='databricks://dbc-9dabf5c9-756d.cloud.databricks.com/verdanta_dev/silver/stg_erp__order_items', uri='databricks://dbc-9dabf5c9-756d.cloud.databricks.com/verdanta_dev/silver/stg_erp__order_items', group='asset', extra={}, watchers=[]), Asset(name='databricks://dbc-9dabf5c9-756d.cloud.databricks.com/verdanta_dev/silver/stg_erp__orders', uri='databricks://dbc-9dabf5c9-756d.cloud.databricks.com/verdanta_dev/silver/stg_erp__orders', group='asset', extra={}, watchers=[])]","logger":"cosmos.operators.base","filename":"local.py","lineno":595}
{"timestamp":"2026-09-04T12:13:02.621055Z","level":"info","event":"Outlets: [Asset(name='databricks://dbc-9dabf5c9-756d.cloud.databricks.com/verdanta_dev/silver/int_order_items_enriched', uri='databricks://dbc-9dabf5c9-756d.cloud.databricks.com/verdanta_dev/silver/int_order_items_enriched', group='asset', extra={}, watchers=[])]","logger":"cosmos.operators.base","filename":"local.py","lineno":596}
{"timestamp":"2026-09-04T12:13:02.621177Z","level":"info","event":"Assigning outlets with DatasetAlias in Airflow 3","logger":"cosmos.operators.base","filename":"local.py","lineno":901}
