{"timestamp":"2026-08-28T12:50:18.406123Z","level":"warning","event":"section/key [openlineage/namespace] not found in config","logger":"airflow.sdk._shared.configuration.parser","filename":"parser.py","lineno":1360}
{"timestamp":"2026-08-28T12:50:18.634074Z","level":"info","event":"DAG bundles loaded: dags-folder","logger":"airflow.dag_processing.bundles.manager.DagBundlesManager","filename":"manager.py","lineno":209}
{"timestamp":"2026-08-28T12:50:18.635611Z","level":"info","event":"Filling up the DagBag from /opt/airflow/dags/verdanta_daily.py","logger":"airflow.dag_processing.dagbag.BundleDagBag","filename":"dagbag.py","lineno":469}
{"timestamp":"2026-08-28T12:50:18.683992Z","level":"info","event":"::group::Cosmos DAG parsing logs","logger":"cosmos.converter","filename":"converter.py","lineno":321}
{"timestamp":"2026-08-28T12:50:18.686427Z","level":"info","event":"Cosmos cache dir resolved to /tmp/cosmos/verdanta_daily__dbt_daily","logger":"cosmos.converter","filename":"converter.py","lineno":346}
{"timestamp":"2026-08-28T12:50:18.686683Z","level":"info","event":"Trying to parse the dbt project using dbt ls cache cosmos_cache__verdanta_daily__dbt_daily...","logger":"cosmos.dbt.graph","filename":"graph.py","lineno":869}
{"timestamp":"2026-08-28T12:50:18.824733Z","level":"info","event":"Cosmos performance: time to calculate cache identifier cosmos_cache__verdanta_daily__dbt_daily for current version: 0.12827084099990316","logger":"cosmos.cache","filename":"cache.py","lineno":401}
{"timestamp":"2026-08-28T12:50:18.824927Z","level":"info","event":"Cosmos performance [9cb72c2ffb44|89]: The cache size for cosmos_cache__verdanta_daily__dbt_daily is 81421","logger":"cosmos.dbt.graph","filename":"graph.py","lineno":886}
{"timestamp":"2026-08-28T12:50:18.827414Z","level":"info","event":"Cosmos performance: Cache hit for cosmos_cache__verdanta_daily__dbt_daily - 7ef252dbf94f4e7f8dda113986a456cc,ff67f1985ea8a9c639de2e1985ae4cf7","logger":"cosmos.dbt.graph","filename":"graph.py","lineno":898}
{"timestamp":"2026-08-28T12:50:18.827864Z","level":"info","event":"Total nodes: 91","logger":"cosmos.dbt.graph","filename":"graph.py","lineno":799}
{"timestamp":"2026-08-28T12:50:18.828023Z","level":"info","event":"Total filtered nodes: 91","logger":"cosmos.dbt.graph","filename":"graph.py","lineno":800}
{"timestamp":"2026-08-28T12:50:18.828113Z","level":"info","event":"Cosmos performance (verdanta_daily__dbt_daily) - [9cb72c2ffb44|89]: It took 0.142s to parse the dbt project for DAG using LoadMode.DBT_LS_CACHE","logger":"cosmos.converter","filename":"converter.py","lineno":371}
{"timestamp":"2026-08-28T12:50:18.910539Z","level":"info","event":"Cosmos performance (verdanta_daily__dbt_daily) - [9cb72c2ffb44|89]: It took 0.0824s to build the Airflow DAG.","logger":"cosmos.converter","filename":"converter.py","lineno":423}
{"timestamp":"2026-08-28T12:50:18.910706Z","level":"info","event":"::endgroup::Cosmos DAG parsing logs","logger":"cosmos.converter","filename":"converter.py","lineno":430}
{"timestamp":"2026-08-28T12:50:18.911430Z","level":"warning","event":"Using Variable.get from `airflow.models` is deprecated.Please use `get` on Variable from sdk(`airflow.sdk.Variable`) instead","category":"UserWarning","filename":"/home/airflow/.local/lib/python3.13/site-packages/airflow/models/variable.py","lineno":158,"logger":"py.warnings"}
{"timestamp":"2026-08-28T12:50:18.950596Z","level":"warning","event":"ProvidersManager.hooks is deprecated. Use ProvidersManagerTaskRuntime.hooks from task-sdk instead.","category":"DeprecatedImportWarning","filename":"/home/airflow/.local/lib/python3.13/site-packages/airflow/providers/databricks/hooks/databricks_base.py","lineno":207,"logger":"py.warnings"}
{"timestamp":"2026-08-28T12:50:20.684851Z","level":"info","event":"Run submitted with run_id: 905627434976614","logger":"airflow.task.operators.airflow.providers.databricks.operators.databricks.DatabricksRunNowOperator","filename":"databricks.py","lineno":1405}
{"timestamp":"2026-08-28T12:50:21.938273Z","level":"info","event":"bronze_ingestion_daily in run state: {'life_cycle_state': 'RUNNING', 'result_state': '', 'state_message': ''}","logger":"airflow.task.operators.airflow.providers.databricks.operators.databricks.DatabricksRunNowOperator","filename":"databricks.py","lineno":194}
{"timestamp":"2026-08-28T12:50:21.938434Z","level":"info","event":"View run status, Spark UI, and logs at https://dbc-9dabf5c9-756d.cloud.databricks.com/?o=2686346829297367#job/912625452045217/run/905627434976614","logger":"airflow.task.operators.airflow.providers.databricks.operators.databricks.DatabricksRunNowOperator","filename":"databricks.py","lineno":195}
{"timestamp":"2026-08-28T12:50:21.938487Z","level":"info","event":"Sleeping for 30 seconds.","logger":"airflow.task.operators.airflow.providers.databricks.operators.databricks.DatabricksRunNowOperator","filename":"databricks.py","lineno":196}
{"timestamp":"2026-08-28T12:50:52.566394Z","level":"info","event":"bronze_ingestion_daily in run state: {'life_cycle_state': 'RUNNING', 'result_state': '', 'state_message': ''}","logger":"airflow.task.operators.airflow.providers.databricks.operators.databricks.DatabricksRunNowOperator","filename":"databricks.py","lineno":194}
{"timestamp":"2026-08-28T12:50:52.566544Z","level":"info","event":"View run status, Spark UI, and logs at https://dbc-9dabf5c9-756d.cloud.databricks.com/?o=2686346829297367#job/912625452045217/run/905627434976614","logger":"airflow.task.operators.airflow.providers.databricks.operators.databricks.DatabricksRunNowOperator","filename":"databricks.py","lineno":195}
{"timestamp":"2026-08-28T12:50:52.566599Z","level":"info","event":"Sleeping for 30 seconds.","logger":"airflow.task.operators.airflow.providers.databricks.operators.databricks.DatabricksRunNowOperator","filename":"databricks.py","lineno":196}
{"timestamp":"2026-08-28T12:51:23.222023Z","level":"info","event":"bronze_ingestion_daily in run state: {'life_cycle_state': 'RUNNING', 'result_state': '', 'state_message': ''}","logger":"airflow.task.operators.airflow.providers.databricks.operators.databricks.DatabricksRunNowOperator","filename":"databricks.py","lineno":194}
{"timestamp":"2026-08-28T12:51:23.222303Z","level":"info","event":"View run status, Spark UI, and logs at https://dbc-9dabf5c9-756d.cloud.databricks.com/?o=2686346829297367#job/912625452045217/run/905627434976614","logger":"airflow.task.operators.airflow.providers.databricks.operators.databricks.DatabricksRunNowOperator","filename":"databricks.py","lineno":195}
{"timestamp":"2026-08-28T12:51:23.222356Z","level":"info","event":"Sleeping for 30 seconds.","logger":"airflow.task.operators.airflow.providers.databricks.operators.databricks.DatabricksRunNowOperator","filename":"databricks.py","lineno":196}
{"timestamp":"2026-08-28T12:51:53.882348Z","level":"info","event":"bronze_ingestion_daily in run state: {'life_cycle_state': 'RUNNING', 'result_state': '', 'state_message': ''}","logger":"airflow.task.operators.airflow.providers.databricks.operators.databricks.DatabricksRunNowOperator","filename":"databricks.py","lineno":194}
{"timestamp":"2026-08-28T12:51:53.882628Z","level":"info","event":"View run status, Spark UI, and logs at https://dbc-9dabf5c9-756d.cloud.databricks.com/?o=2686346829297367#job/912625452045217/run/905627434976614","logger":"airflow.task.operators.airflow.providers.databricks.operators.databricks.DatabricksRunNowOperator","filename":"databricks.py","lineno":195}
{"timestamp":"2026-08-28T12:51:53.882684Z","level":"info","event":"Sleeping for 30 seconds.","logger":"airflow.task.operators.airflow.providers.databricks.operators.databricks.DatabricksRunNowOperator","filename":"databricks.py","lineno":196}
{"timestamp":"2026-08-28T12:52:24.535628Z","level":"info","event":"bronze_ingestion_daily completed successfully.","logger":"airflow.task.operators.airflow.providers.databricks.operators.databricks.DatabricksRunNowOperator","filename":"databricks.py","lineno":151}
{"timestamp":"2026-08-28T12:52:24.535884Z","level":"info","event":"View run status, Spark UI, and logs at https://dbc-9dabf5c9-756d.cloud.databricks.com/?o=2686346829297367#job/912625452045217/run/905627434976614","logger":"airflow.task.operators.airflow.providers.databricks.operators.databricks.DatabricksRunNowOperator","filename":"databricks.py","lineno":152}
{"timestamp":"2026-08-28T12:59:29.540569Z","level":"warning","event":"section/key [openlineage/namespace] not found in config","logger":"airflow.sdk._shared.configuration.parser","filename":"parser.py","lineno":1360}
{"timestamp":"2026-08-28T12:59:29.838739Z","level":"info","event":"DAG bundles loaded: dags-folder","logger":"airflow.dag_processing.bundles.manager.DagBundlesManager","filename":"manager.py","lineno":209}
{"timestamp":"2026-08-28T12:59:29.840277Z","level":"info","event":"Filling up the DagBag from /opt/airflow/dags/verdanta_daily.py","logger":"airflow.dag_processing.dagbag.BundleDagBag","filename":"dagbag.py","lineno":469}
{"timestamp":"2026-08-28T12:59:29.899884Z","level":"info","event":"::group::Cosmos DAG parsing logs","logger":"cosmos.converter","filename":"converter.py","lineno":321}
{"timestamp":"2026-08-28T12:59:29.902518Z","level":"info","event":"Cosmos cache dir resolved to /tmp/cosmos/verdanta_daily__dbt_daily","logger":"cosmos.converter","filename":"converter.py","lineno":346}
{"timestamp":"2026-08-28T12:59:29.902773Z","level":"info","event":"Trying to parse the dbt project using dbt ls cache cosmos_cache__verdanta_daily__dbt_daily...","logger":"cosmos.dbt.graph","filename":"graph.py","lineno":869}
{"timestamp":"2026-08-28T12:59:30.064788Z","level":"info","event":"Cosmos performance: time to calculate cache identifier cosmos_cache__verdanta_daily__dbt_daily for current version: 0.15096129799985647","logger":"cosmos.cache","filename":"cache.py","lineno":401}
{"timestamp":"2026-08-28T12:59:30.064992Z","level":"info","event":"Cosmos performance [9cb72c2ffb44|893]: The cache size for cosmos_cache__verdanta_daily__dbt_daily is 81420","logger":"cosmos.dbt.graph","filename":"graph.py","lineno":886}
{"timestamp":"2026-08-28T12:59:30.067918Z","level":"info","event":"Cosmos performance: Cache hit for cosmos_cache__verdanta_daily__dbt_daily - 39a8c4b6e19a7b5e14cfea47af7dbd90,ff67f1985ea8a9c639de2e1985ae4cf7","logger":"cosmos.dbt.graph","filename":"graph.py","lineno":898}
{"timestamp":"2026-08-28T12:59:30.068538Z","level":"info","event":"Total nodes: 91","logger":"cosmos.dbt.graph","filename":"graph.py","lineno":799}
{"timestamp":"2026-08-28T12:59:30.068688Z","level":"info","event":"Total filtered nodes: 91","logger":"cosmos.dbt.graph","filename":"graph.py","lineno":800}
{"timestamp":"2026-08-28T12:59:30.068799Z","level":"info","event":"Cosmos performance (verdanta_daily__dbt_daily) - [9cb72c2ffb44|893]: It took 0.166s to parse the dbt project for DAG using LoadMode.DBT_LS_CACHE","logger":"cosmos.converter","filename":"converter.py","lineno":371}
{"timestamp":"2026-08-28T12:59:30.165381Z","level":"info","event":"Cosmos performance (verdanta_daily__dbt_daily) - [9cb72c2ffb44|893]: It took 0.0965s to build the Airflow DAG.","logger":"cosmos.converter","filename":"converter.py","lineno":423}
{"timestamp":"2026-08-28T12:59:30.165660Z","level":"info","event":"::endgroup::Cosmos DAG parsing logs","logger":"cosmos.converter","filename":"converter.py","lineno":430}
{"timestamp":"2026-08-28T12:59:30.166716Z","level":"warning","event":"Using Variable.get from `airflow.models` is deprecated.Please use `get` on Variable from sdk(`airflow.sdk.Variable`) instead","category":"UserWarning","filename":"/home/airflow/.local/lib/python3.13/site-packages/airflow/models/variable.py","lineno":158,"logger":"py.warnings"}
{"timestamp":"2026-08-28T12:59:30.209537Z","level":"warning","event":"ProvidersManager.hooks is deprecated. Use ProvidersManagerTaskRuntime.hooks from task-sdk instead.","category":"DeprecatedImportWarning","filename":"/home/airflow/.local/lib/python3.13/site-packages/airflow/providers/databricks/hooks/databricks_base.py","lineno":207,"logger":"py.warnings"}
{"timestamp":"2026-08-28T12:59:31.901391Z","level":"info","event":"Run submitted with run_id: 573170302848664","logger":"airflow.task.operators.airflow.providers.databricks.operators.databricks.DatabricksRunNowOperator","filename":"databricks.py","lineno":1405}
{"timestamp":"2026-08-28T12:59:33.170404Z","level":"info","event":"bronze_ingestion_daily in run state: {'life_cycle_state': 'RUNNING', 'result_state': '', 'state_message': ''}","logger":"airflow.task.operators.airflow.providers.databricks.operators.databricks.DatabricksRunNowOperator","filename":"databricks.py","lineno":194}
{"timestamp":"2026-08-28T12:59:33.170599Z","level":"info","event":"View run status, Spark UI, and logs at https://dbc-9dabf5c9-756d.cloud.databricks.com/?o=2686346829297367#job/912625452045217/run/573170302848664","logger":"airflow.task.operators.airflow.providers.databricks.operators.databricks.DatabricksRunNowOperator","filename":"databricks.py","lineno":195}
{"timestamp":"2026-08-28T12:59:33.170654Z","level":"info","event":"Sleeping for 30 seconds.","logger":"airflow.task.operators.airflow.providers.databricks.operators.databricks.DatabricksRunNowOperator","filename":"databricks.py","lineno":196}
{"timestamp":"2026-08-28T13:00:03.875364Z","level":"info","event":"bronze_ingestion_daily in run state: {'life_cycle_state': 'RUNNING', 'result_state': '', 'state_message': ''}","logger":"airflow.task.operators.airflow.providers.databricks.operators.databricks.DatabricksRunNowOperator","filename":"databricks.py","lineno":194}
{"timestamp":"2026-08-28T13:00:03.875568Z","level":"info","event":"View run status, Spark UI, and logs at https://dbc-9dabf5c9-756d.cloud.databricks.com/?o=2686346829297367#job/912625452045217/run/573170302848664","logger":"airflow.task.operators.airflow.providers.databricks.operators.databricks.DatabricksRunNowOperator","filename":"databricks.py","lineno":195}
{"timestamp":"2026-08-28T13:00:03.875624Z","level":"info","event":"Sleeping for 30 seconds.","logger":"airflow.task.operators.airflow.providers.databricks.operators.databricks.DatabricksRunNowOperator","filename":"databricks.py","lineno":196}
{"timestamp":"2026-08-28T13:00:34.491099Z","level":"info","event":"bronze_ingestion_daily in run state: {'life_cycle_state': 'RUNNING', 'result_state': '', 'state_message': ''}","logger":"airflow.task.operators.airflow.providers.databricks.operators.databricks.DatabricksRunNowOperator","filename":"databricks.py","lineno":194}
{"timestamp":"2026-08-28T13:00:34.491368Z","level":"info","event":"View run status, Spark UI, and logs at https://dbc-9dabf5c9-756d.cloud.databricks.com/?o=2686346829297367#job/912625452045217/run/573170302848664","logger":"airflow.task.operators.airflow.providers.databricks.operators.databricks.DatabricksRunNowOperator","filename":"databricks.py","lineno":195}
{"timestamp":"2026-08-28T13:00:34.491437Z","level":"info","event":"Sleeping for 30 seconds.","logger":"airflow.task.operators.airflow.providers.databricks.operators.databricks.DatabricksRunNowOperator","filename":"databricks.py","lineno":196}
{"timestamp":"2026-08-28T13:01:05.221002Z","level":"info","event":"bronze_ingestion_daily completed successfully.","logger":"airflow.task.operators.airflow.providers.databricks.operators.databricks.DatabricksRunNowOperator","filename":"databricks.py","lineno":151}
{"timestamp":"2026-08-28T13:01:05.221146Z","level":"info","event":"View run status, Spark UI, and logs at https://dbc-9dabf5c9-756d.cloud.databricks.com/?o=2686346829297367#job/912625452045217/run/573170302848664","logger":"airflow.task.operators.airflow.providers.databricks.operators.databricks.DatabricksRunNowOperator","filename":"databricks.py","lineno":152}
