{"timestamp":"2026-09-06T10:53:11.699244Z","level":"warning","event":"section/key [openlineage/namespace] not found in config","logger":"airflow.sdk._shared.configuration.parser","filename":"parser.py","lineno":1360}
{"timestamp":"2026-09-06T10:53:12.022836Z","level":"info","event":"DAG bundles loaded: dags-folder","logger":"airflow.dag_processing.bundles.manager.DagBundlesManager","filename":"manager.py","lineno":209}
{"timestamp":"2026-09-06T10:53:12.024691Z","level":"info","event":"Filling up the DagBag from /opt/airflow/dags/verdanta_stores.py","logger":"airflow.dag_processing.dagbag.BundleDagBag","filename":"dagbag.py","lineno":469}
{"timestamp":"2026-09-06T10:53:12.074302Z","level":"warning","event":"Skipping masking for a secret as it's too short (<5 chars)","logger":"airflow.sdk._shared.secrets_masker.secrets_masker","filename":"secrets_masker.py","lineno":577}
{"timestamp":"2026-09-06T10:53:12.080561Z","level":"info","event":"::group::Cosmos DAG parsing logs","logger":"cosmos.converter","filename":"converter.py","lineno":321}
{"timestamp":"2026-09-06T10:53:12.082682Z","level":"info","event":"Cosmos cache dir resolved to /tmp/cosmos/verdanta_stores__dbt_stores","logger":"cosmos.converter","filename":"converter.py","lineno":346}
{"timestamp":"2026-09-06T10:53:12.082906Z","level":"info","event":"Trying to parse the dbt project using dbt ls cache cosmos_cache__verdanta_stores__dbt_stores...","logger":"cosmos.dbt.graph","filename":"graph.py","lineno":869}
{"timestamp":"2026-09-06T10:53:12.237616Z","level":"info","event":"Cosmos performance: time to calculate cache identifier cosmos_cache__verdanta_stores__dbt_stores for current version: 0.1451621260000593","logger":"cosmos.cache","filename":"cache.py","lineno":401}
{"timestamp":"2026-09-06T10:53:12.237824Z","level":"info","event":"Cosmos performance [20a4dac14a5c|465]: The cache size for cosmos_cache__verdanta_stores__dbt_stores is 23579","logger":"cosmos.dbt.graph","filename":"graph.py","lineno":886}
{"timestamp":"2026-09-06T10:53:12.238717Z","level":"info","event":"Cosmos performance: Cache hit for cosmos_cache__verdanta_stores__dbt_stores - cec7d2b2130ad93ca8be26282ae433fd,288b6c4dd2d40c82d311ae7941a536c1","logger":"cosmos.dbt.graph","filename":"graph.py","lineno":898}
{"timestamp":"2026-09-06T10:53:12.238915Z","level":"info","event":"Total nodes: 27","logger":"cosmos.dbt.graph","filename":"graph.py","lineno":799}
{"timestamp":"2026-09-06T10:53:12.238999Z","level":"info","event":"Total filtered nodes: 27","logger":"cosmos.dbt.graph","filename":"graph.py","lineno":800}
{"timestamp":"2026-09-06T10:53:12.239076Z","level":"info","event":"Cosmos performance (verdanta_stores__dbt_stores) - [20a4dac14a5c|465]: It took 0.156s to parse the dbt project for DAG using LoadMode.DBT_LS_CACHE","logger":"cosmos.converter","filename":"converter.py","lineno":371}
{"timestamp":"2026-09-06T10:53:12.262147Z","level":"info","event":"Cosmos performance (verdanta_stores__dbt_stores) - [20a4dac14a5c|465]: It took 0.023s to build the Airflow DAG.","logger":"cosmos.converter","filename":"converter.py","lineno":423}
{"timestamp":"2026-09-06T10:53:12.262360Z","level":"info","event":"::endgroup::Cosmos DAG parsing logs","logger":"cosmos.converter","filename":"converter.py","lineno":430}
{"timestamp":"2026-09-06T10:53:12.262882Z","level":"warning","event":"Using Variable.get from `airflow.models` is deprecated.Please use `get` on Variable from sdk(`airflow.sdk.Variable`) instead","category":"UserWarning","filename":"/home/airflow/.local/lib/python3.13/site-packages/airflow/models/variable.py","lineno":158,"logger":"py.warnings"}
{"timestamp":"2026-09-06T10:53:13.784819Z","level":"info","event":"dbtRunner is available. Using dbtRunner for invoking dbt.","logger":"cosmos.operators.base","filename":"local.py","lineno":295}
{"timestamp":"2026-09-06T10:53:13.785951Z","level":"info","event":"Cloning project to writable temp directory /tmp/tmpy1_95ei_ from /opt/airflow/dbt/verdanta_project","logger":"cosmos.operators.base","filename":"local.py","lineno":519}
{"timestamp":"2026-09-06T10:53:13.796076Z","level":"info","event":"Partial parse is enabled and the latest partial parse file is /tmp/cosmos/verdanta_stores__dbt_stores/target/partial_parse.msgpack","logger":"cosmos.operators.base","filename":"local.py","lineno":539}
{"timestamp":"2026-09-06T10:53:13.824496Z","level":"info","event":"Profile caching is enable.","logger":"cosmos.config","filename":"config.py","lineno":399}
{"timestamp":"2026-09-06T10:53:13.835025Z","level":"info","event":"Profile found in cache using profile: /tmp/cosmos/profile/1922feb8ca1009fb7100ee4968074ed46f63552d8d832d8d38dda5163b9c3f18/profiles.yml.","logger":"cosmos.config","filename":"config.py","lineno":379}
{"timestamp":"2026-09-06T10:53:13.841737Z","level":"info","event":"Trying to run dbtRunner with:\n ['deps', '--project-dir', '/tmp/tmpy1_95ei_', '--profiles-dir', '/tmp/cosmos/profile/1922feb8ca1009fb7100ee4968074ed46f63552d8d832d8d38dda5163b9c3f18', '--profile', 'verdanta_project', '--target', 'dev', '--no-static-parser']\n in /tmp/tmpy1_95ei_","logger":"cosmos.dbt.runner","filename":"runner.py","lineno":95}
{"timestamp":"2026-09-06T10:53:14.018146Z","level":"info","event":"\u001b[0m10:53:14  Running with dbt=1.12.0","logger":"task.stdout"}
{"timestamp":"2026-09-06T10:53:14.493620Z","level":"info","event":"\u001b[0m10:53:14  Installing dbt-labs/dbt_utils","logger":"task.stdout"}
{"timestamp":"2026-09-06T10:53:14.956829Z","level":"info","event":"\u001b[0m10:53:14  Installed from version 1.4.1","logger":"task.stdout"}
{"timestamp":"2026-09-06T10:53:14.957359Z","level":"info","event":"\u001b[0m10:53:14  Up to date!","logger":"task.stdout"}
{"timestamp":"2026-09-06T10:53:15.794632Z","level":"info","event":"Trying to run dbtRunner with:\n ['run', '--select', 'fqn:verdanta_project.marts.dim_store', '--project-dir', '/tmp/tmpy1_95ei_', '--profiles-dir', '/tmp/cosmos/profile/1922feb8ca1009fb7100ee4968074ed46f63552d8d832d8d38dda5163b9c3f18', '--profile', 'verdanta_project', '--target', 'dev', '--no-static-parser']\n in /tmp/tmpy1_95ei_","logger":"cosmos.dbt.runner","filename":"runner.py","lineno":95}
{"timestamp":"2026-09-06T10:53:15.807755Z","level":"info","event":"\u001b[0m10:53:15  Running with dbt=1.12.0","logger":"task.stdout"}
{"timestamp":"2026-09-06T10:53:16.847064Z","level":"warning","event":"Valid config keys have changed in V2:\n* 'allow_population_by_field_name' has been renamed to 'validate_by_name'","category":"UserWarning","filename":"/home/airflow/.local/lib/python3.13/site-packages/pydantic/_internal/_config.py","lineno":383,"logger":"py.warnings"}
{"timestamp":"2026-09-06T10:53:17.151150Z","level":"info","event":"\u001b[0m10:53:17  Registered adapter: databricks=1.10.9","logger":"task.stdout"}
{"timestamp":"2026-09-06T10:53:19.506029Z","level":"info","event":"\u001b[0m10:53:19  Found 22 models, 96 data tests, 3 seeds, 2 snapshots, 8 sources, 844 macros","logger":"task.stdout"}
{"timestamp":"2026-09-06T10:53:19.513580Z","level":"info","event":"\u001b[0m10:53:19","logger":"task.stdout"}
{"timestamp":"2026-09-06T10:53:19.514036Z","level":"info","event":"\u001b[0m10:53:19  Concurrency: 1 threads (target='dev')","logger":"task.stdout"}
{"timestamp":"2026-09-06T10:53:19.514477Z","level":"info","event":"\u001b[0m10:53:19","logger":"task.stdout"}
{"timestamp":"2026-09-06T10:53:24.039933Z","level":"info","event":"\u001b[0m10:53:24  1 of 1 START sql table model gold.dim_store .................................... [RUN]","logger":"task.stdout"}
{"timestamp":"2026-09-06T10:53:24.085768Z","level":"info","event":"\u001b[0m10:53:24  [\u001b[33mWARNING\u001b[0m]: Use revamped materializations based on separating create and insert.  This allows more performant column comments, as well as new column features.","logger":"task.stdout"}
{"timestamp":"2026-09-06T10:53:24.086203Z","level":"info","event":"You may opt into the new behavior sooner by setting `flags.use_materialization_v2` to `True` in `dbt_project.yml`.","logger":"task.stdout"}
{"timestamp":"2026-09-06T10:53:24.086487Z","level":"info","event":"Visit https://docs.getdbt.com/reference/global-configs/behavior-changes for more information.","logger":"task.stdout"}
{"timestamp":"2026-09-06T10:53:30.056149Z","level":"info","event":"\u001b[0m10:53:30  1 of 1 OK created sql table model gold.dim_store ............................... [\u001b[32mOK\u001b[0m in 6.01s]","logger":"task.stdout"}
{"timestamp":"2026-09-06T10:53:30.068807Z","level":"info","event":"\u001b[0m10:53:30","logger":"task.stdout"}
{"timestamp":"2026-09-06T10:53:30.069451Z","level":"info","event":"\u001b[0m10:53:30  Finished running 1 table model in 0 hours 0 minutes and 10.55 seconds (10.55s).","logger":"task.stdout"}
{"timestamp":"2026-09-06T10:53:30.232023Z","level":"info","event":"\u001b[0m10:53:30","logger":"task.stdout"}
{"timestamp":"2026-09-06T10:53:30.232777Z","level":"info","event":"\u001b[0m10:53:30  \u001b[32mCompleted successfully\u001b[0m","logger":"task.stdout"}
{"timestamp":"2026-09-06T10:53:30.233433Z","level":"info","event":"\u001b[0m10:53:30","logger":"task.stdout"}
{"timestamp":"2026-09-06T10:53:30.234182Z","level":"info","event":"\u001b[0m10:53:30  Done. PASS=1 WARN=0 ERROR=0 SKIP=0 NO-OP=0 REUSED=0 TOTAL=1","logger":"task.stdout"}
{"timestamp":"2026-09-06T10:53:31.346368Z","level":"warning","event":"Airflow 3.0.0 Asset (Dataset) URIs validation rules changed and OpenLineage URIs (standard used by Cosmos) are no longer accepted. Therefore, if using Cosmos with Airflow 3, the Airflow Asset (Dataset) URI is now <databricks://dbc-9dabf5c9-756d.cloud.databricks.com/verdanta_dev/silver/stg_reference__stores>. Before, with Airflow 2.x, the URI used to be <databricks://dbc-9dabf5c9-756d.cloud.databricks.com/verdanta_dev.silver.stg_reference__stores>. Please, change any DAGs that were scheduled using the old standard to the new one.","logger":"cosmos.dataset","filename":"dataset.py","lineno":237}
{"timestamp":"2026-09-06T10:53:33.509152Z","level":"warning","event":"Airflow 3.0.0 Asset (Dataset) URIs validation rules changed and OpenLineage URIs (standard used by Cosmos) are no longer accepted. Therefore, if using Cosmos with Airflow 3, the Airflow Asset (Dataset) URI is now <databricks://dbc-9dabf5c9-756d.cloud.databricks.com/verdanta_dev/gold/dim_store>. Before, with Airflow 2.x, the URI used to be <databricks://dbc-9dabf5c9-756d.cloud.databricks.com/verdanta_dev.gold.dim_store>. Please, change any DAGs that were scheduled using the old standard to the new one.","logger":"cosmos.dataset","filename":"dataset.py","lineno":237}
{"timestamp":"2026-09-06T10:53:33.509901Z","level":"info","event":"Inlets: [Asset(name='databricks://dbc-9dabf5c9-756d.cloud.databricks.com/verdanta_dev/silver/stg_reference__stores', uri='databricks://dbc-9dabf5c9-756d.cloud.databricks.com/verdanta_dev/silver/stg_reference__stores', group='asset', extra={}, watchers=[])]","logger":"cosmos.operators.base","filename":"local.py","lineno":595}
{"timestamp":"2026-09-06T10:53:33.510031Z","level":"info","event":"Outlets: [Asset(name='databricks://dbc-9dabf5c9-756d.cloud.databricks.com/verdanta_dev/gold/dim_store', uri='databricks://dbc-9dabf5c9-756d.cloud.databricks.com/verdanta_dev/gold/dim_store', group='asset', extra={}, watchers=[])]","logger":"cosmos.operators.base","filename":"local.py","lineno":596}
{"timestamp":"2026-09-06T10:53:33.510162Z","level":"info","event":"Assigning outlets with DatasetAlias in Airflow 3","logger":"cosmos.operators.base","filename":"local.py","lineno":901}
