{"timestamp":"2026-08-27T23:22:23.321508Z","level":"warning","event":"section/key [openlineage/namespace] not found in config","logger":"airflow.sdk._shared.configuration.parser","filename":"parser.py","lineno":1360}
{"timestamp":"2026-08-27T23:22:23.732223Z","level":"info","event":"DAG bundles loaded: dags-folder","logger":"airflow.dag_processing.bundles.manager.DagBundlesManager","filename":"manager.py","lineno":209}
{"timestamp":"2026-08-27T23:22:23.734033Z","level":"info","event":"Filling up the DagBag from /opt/airflow/dags/verdanta_daily.py","logger":"airflow.dag_processing.dagbag.BundleDagBag","filename":"dagbag.py","lineno":469}
{"timestamp":"2026-08-27T23:22:23.799572Z","level":"info","event":"::group::Cosmos DAG parsing logs","logger":"cosmos.converter","filename":"converter.py","lineno":321}
{"timestamp":"2026-08-27T23:22:23.803063Z","level":"info","event":"Cosmos cache dir resolved to /tmp/cosmos/verdanta_daily__dbt_daily","logger":"cosmos.converter","filename":"converter.py","lineno":346}
{"timestamp":"2026-08-27T23:22:23.803410Z","level":"info","event":"Trying to parse the dbt project using dbt ls cache cosmos_cache__verdanta_daily__dbt_daily...","logger":"cosmos.dbt.graph","filename":"graph.py","lineno":869}
{"timestamp":"2026-08-27T23:22:23.991881Z","level":"info","event":"Cosmos performance: time to calculate cache identifier cosmos_cache__verdanta_daily__dbt_daily for current version: 0.17225680999996484","logger":"cosmos.cache","filename":"cache.py","lineno":401}
{"timestamp":"2026-08-27T23:22:23.992166Z","level":"info","event":"Cosmos performance [a65d12c8b0f2|118]: The cache size for cosmos_cache__verdanta_daily__dbt_daily is 81421","logger":"cosmos.dbt.graph","filename":"graph.py","lineno":886}
{"timestamp":"2026-08-27T23:22:23.997742Z","level":"info","event":"Cosmos performance: Cache hit for cosmos_cache__verdanta_daily__dbt_daily - 7ef252dbf94f4e7f8dda113986a456cc,ff67f1985ea8a9c639de2e1985ae4cf7","logger":"cosmos.dbt.graph","filename":"graph.py","lineno":898}
{"timestamp":"2026-08-27T23:22:23.998660Z","level":"info","event":"Total nodes: 91","logger":"cosmos.dbt.graph","filename":"graph.py","lineno":799}
{"timestamp":"2026-08-27T23:22:23.998811Z","level":"info","event":"Total filtered nodes: 91","logger":"cosmos.dbt.graph","filename":"graph.py","lineno":800}
{"timestamp":"2026-08-27T23:22:23.998911Z","level":"info","event":"Cosmos performance (verdanta_daily__dbt_daily) - [a65d12c8b0f2|118]: It took 0.196s to parse the dbt project for DAG using LoadMode.DBT_LS_CACHE","logger":"cosmos.converter","filename":"converter.py","lineno":371}
{"timestamp":"2026-08-27T23:22:24.135115Z","level":"info","event":"Cosmos performance (verdanta_daily__dbt_daily) - [a65d12c8b0f2|118]: It took 0.136s to build the Airflow DAG.","logger":"cosmos.converter","filename":"converter.py","lineno":423}
{"timestamp":"2026-08-27T23:22:24.135315Z","level":"info","event":"::endgroup::Cosmos DAG parsing logs","logger":"cosmos.converter","filename":"converter.py","lineno":430}
{"timestamp":"2026-08-27T23:22:24.136140Z","level":"warning","event":"Using Variable.get from `airflow.models` is deprecated.Please use `get` on Variable from sdk(`airflow.sdk.Variable`) instead","category":"UserWarning","filename":"/home/airflow/.local/lib/python3.13/site-packages/airflow/models/variable.py","lineno":158,"logger":"py.warnings"}
{"timestamp":"2026-08-27T23:22:26.257413Z","level":"info","event":"dbtRunner is available. Using dbtRunner for invoking dbt.","logger":"cosmos.operators.base","filename":"local.py","lineno":295}
{"timestamp":"2026-08-27T23:22:26.259223Z","level":"info","event":"Cloning project to writable temp directory /tmp/tmpba8inykz from /opt/airflow/dbt/verdanta_project","logger":"cosmos.operators.base","filename":"local.py","lineno":519}
{"timestamp":"2026-08-27T23:22:26.285609Z","level":"info","event":"Partial parse is enabled and the latest partial parse file is /opt/airflow/dbt/verdanta_project/target/partial_parse.msgpack","logger":"cosmos.operators.base","filename":"local.py","lineno":539}
{"timestamp":"2026-08-27T23:22:26.397686Z","level":"info","event":"Profile caching is enable.","logger":"cosmos.config","filename":"config.py","lineno":399}
{"timestamp":"2026-08-27T23:22:26.443511Z","level":"info","event":"Profile found in cache using profile: /tmp/cosmos/profile/6b8ea799dc113f1dd3bbe9d31d4e2b50be1e9a4a8103a2b146974d24f2f9097c/profiles.yml.","logger":"cosmos.config","filename":"config.py","lineno":379}
{"timestamp":"2026-08-27T23:22:26.451855Z","level":"info","event":"Trying to run dbtRunner with:\n ['deps', '--project-dir', '/tmp/tmpba8inykz', '--profiles-dir', '/tmp/cosmos/profile/6b8ea799dc113f1dd3bbe9d31d4e2b50be1e9a4a8103a2b146974d24f2f9097c', '--profile', 'verdanta_project', '--target', 'dev', '--no-static-parser']\n in /tmp/tmpba8inykz","logger":"cosmos.dbt.runner","filename":"runner.py","lineno":95}
{"timestamp":"2026-08-27T23:22:26.777731Z","level":"info","event":"\u001b[0m23:22:26  Running with dbt=1.12.0","logger":"task.stdout"}
{"timestamp":"2026-08-27T23:22:27.583674Z","level":"info","event":"\u001b[0m23:22:27  Installing dbt-labs/dbt_utils","logger":"task.stdout"}
{"timestamp":"2026-08-27T23:22:28.062971Z","level":"info","event":"\u001b[0m23:22:28  Installed from version 1.4.1","logger":"task.stdout"}
{"timestamp":"2026-08-27T23:22:28.063642Z","level":"info","event":"\u001b[0m23:22:28  Up to date!","logger":"task.stdout"}
{"timestamp":"2026-08-27T23:22:29.777212Z","level":"info","event":"Trying to run dbtRunner with:\n ['run', '--select', 'fqn:verdanta_project.staging.stg_erp__order_items', '--project-dir', '/tmp/tmpba8inykz', '--profiles-dir', '/tmp/cosmos/profile/6b8ea799dc113f1dd3bbe9d31d4e2b50be1e9a4a8103a2b146974d24f2f9097c', '--profile', 'verdanta_project', '--target', 'dev', '--no-static-parser']\n in /tmp/tmpba8inykz","logger":"cosmos.dbt.runner","filename":"runner.py","lineno":95}
{"timestamp":"2026-08-27T23:22:29.853677Z","level":"info","event":"\u001b[0m23:22:29  Running with dbt=1.12.0","logger":"task.stdout"}
{"timestamp":"2026-08-27T23:22:33.763267Z","level":"warning","event":"Valid config keys have changed in V2:\n* 'allow_population_by_field_name' has been renamed to 'validate_by_name'","category":"UserWarning","filename":"/home/airflow/.local/lib/python3.13/site-packages/pydantic/_internal/_config.py","lineno":383,"logger":"py.warnings"}
{"timestamp":"2026-08-27T23:22:34.252203Z","level":"info","event":"\u001b[0m23:22:34  Registered adapter: databricks=1.10.9","logger":"task.stdout"}
{"timestamp":"2026-08-27T23:22:35.909931Z","level":"info","event":"\u001b[0m23:22:35  Unable to do partial parsing because profile has changed","logger":"task.stdout"}
{"timestamp":"2026-08-27T23:22:42.649969Z","level":"info","event":"\u001b[0m23:22:42  [\u001b[33mWARNING\u001b[0m][MissingArgumentsPropertyInGenericTestDeprecation]: Deprecated","logger":"task.stdout"}
{"timestamp":"2026-08-27T23:22:42.650542Z","level":"info","event":"functionality","logger":"task.stdout"}
{"timestamp":"2026-08-27T23:22:42.654461Z","level":"info","event":"Found top-level arguments to test `relationships` defined on 'stg_erp__orders'","logger":"task.stdout"}
{"timestamp":"2026-08-27T23:22:42.654924Z","level":"info","event":"in package 'verdanta_project' (models/staging/properties.yml). Arguments to","logger":"task.stdout"}
{"timestamp":"2026-08-27T23:22:42.655268Z","level":"info","event":"generic tests should be nested under the `arguments` property.","logger":"task.stdout"}
{"timestamp":"2026-08-27T23:22:44.046865Z","level":"info","event":"\u001b[0m23:22:44  Found 22 models, 96 data tests, 3 seeds, 2 snapshots, 8 sources, 844 macros","logger":"task.stdout"}
{"timestamp":"2026-08-27T23:22:44.054092Z","level":"info","event":"\u001b[0m23:22:44","logger":"task.stdout"}
{"timestamp":"2026-08-27T23:22:44.054677Z","level":"info","event":"\u001b[0m23:22:44  Concurrency: 1 threads (target='dev')","logger":"task.stdout"}
{"timestamp":"2026-08-27T23:22:44.055223Z","level":"info","event":"\u001b[0m23:22:44","logger":"task.stdout"}
{"timestamp":"2026-08-27T23:22:44.065502Z","level":"info","event":"\u001b[0m23:22:44","logger":"task.stdout"}
{"timestamp":"2026-08-27T23:22:44.066095Z","level":"info","event":"\u001b[0m23:22:44  Finished running  in 0 hours 0 minutes and 0.01 seconds (0.01s).","logger":"task.stdout"}
{"timestamp":"2026-08-27T23:22:44.066743Z","level":"info","event":"\u001b[0m23:22:44  [\u001b[31mERROR\u001b[0m]: Encountered an error:","logger":"task.stdout"}
{"timestamp":"2026-08-27T23:22:44.067038Z","level":"info","event":"Database Error","logger":"task.stdout"}
{"timestamp":"2026-08-27T23:22:44.067285Z","level":"info","event":"  Runtime Error","logger":"task.stdout"}
{"timestamp":"2026-08-27T23:22:44.067574Z","level":"info","event":"    The config 'http_path' is required to connect to Databricks","logger":"task.stdout"}
{"timestamp":"2026-08-27T23:22:44.067924Z","level":"info","event":"\u001b[0m23:22:44  [\u001b[33mWARNING\u001b[0m][DeprecationsSummary]: Deprecated functionality","logger":"task.stdout"}
{"timestamp":"2026-08-27T23:22:44.068172Z","level":"info","event":"Summary of encountered deprecations:","logger":"task.stdout"}
{"timestamp":"2026-08-27T23:22:44.068402Z","level":"info","event":"- MissingArgumentsPropertyInGenericTestDeprecation: 9 occurrences","logger":"task.stdout"}
{"timestamp":"2026-08-27T23:22:44.068644Z","level":"info","event":"To see all deprecation instances instead of just the first occurrence of each,","logger":"task.stdout"}
{"timestamp":"2026-08-27T23:22:44.068859Z","level":"info","event":"run command again with the `--show-all-deprecations` flag. You may also need to","logger":"task.stdout"}
{"timestamp":"2026-08-27T23:22:44.069098Z","level":"info","event":"run with `--no-partial-parse` as some deprecations are only encountered during","logger":"task.stdout"}
{"timestamp":"2026-08-27T23:22:44.069308Z","level":"info","event":"parsing.","logger":"task.stdout"}
{"timestamp":"2026-08-27T23:22:45.006764Z","level":"info","event":"Inlets: []","logger":"cosmos.operators.base","filename":"local.py","lineno":595}
{"timestamp":"2026-08-27T23:22:45.006950Z","level":"info","event":"Outlets: []","logger":"cosmos.operators.base","filename":"local.py","lineno":596}
{"timestamp":"2026-08-27T23:22:45.007097Z","level":"info","event":"Assigning outlets with DatasetAlias in Airflow 3","logger":"cosmos.operators.base","filename":"local.py","lineno":901}
{"timestamp":"2026-08-27T23:22:45.025261Z","level":"error","event":"Task failed with exception","logger":"task","filename":"task_runner.py","lineno":1347,"error_detail":[{"exc_type":"CosmosDbtRunError","exc_value":"dbt invocation did not complete with unhandled error: Database Error\n  Runtime Error\n    The config 'http_path' is required to connect to Databricks","exc_notes":[],"syntax_error":null,"is_cause":false,"frames":[{"filename":"/home/airflow/.local/lib/python3.13/site-packages/airflow/sdk/execution_time/task_runner.py","lineno":1263,"name":"run"},{"filename":"/home/airflow/.local/lib/python3.13/site-packages/airflow/sdk/execution_time/task_runner.py","lineno":1678,"name":"_execute_task"},{"filename":"/home/airflow/.local/lib/python3.13/site-packages/cosmos/operators/base.py","lineno":346,"name":"execute"},{"filename":"/home/airflow/.local/lib/python3.13/site-packages/cosmos/operators/local.py","lineno":969,"name":"build_and_run_cmd"},{"filename":"/home/airflow/.local/lib/python3.13/site-packages/cosmos/operators/local.py","lineno":744,"name":"run_command"},{"filename":"/home/airflow/.local/lib/python3.13/site-packages/cosmos/operators/local.py","lineno":309,"name":"handle_exception_dbt_runner"},{"filename":"/home/airflow/.local/lib/python3.13/site-packages/cosmos/dbt/runner.py","lineno":152,"name":"handle_exception_if_needed"}],"is_group":false,"exceptions":[]}]}
{"timestamp":"2026-08-27T23:22:45.064992Z","level":"error","event":"Failed to set rendered fields during finalization","task_id":"dbt_daily.stg_erp__order_items.run","dag_id":"verdanta_daily","logger":"task","filename":"task_runner.py","lineno":1780,"error_detail":[{"exc_type":"AirflowRuntimeError","exc_value":"API_SERVER_ERROR: {'status_code': 404, 'message': 'Not Found', 'detail': {'detail': 'Not Found'}}","exc_notes":[],"syntax_error":null,"is_cause":false,"frames":[{"filename":"/home/airflow/.local/lib/python3.13/site-packages/airflow/sdk/execution_time/task_runner.py","lineno":1778,"name":"finalize"},{"filename":"/home/airflow/.local/lib/python3.13/site-packages/airflow/sdk/execution_time/comms.py","lineno":219,"name":"send"},{"filename":"/home/airflow/.local/lib/python3.13/site-packages/airflow/sdk/execution_time/comms.py","lineno":313,"name":"_get_response"},{"filename":"/home/airflow/.local/lib/python3.13/site-packages/airflow/sdk/execution_time/comms.py","lineno":300,"name":"_from_frame"}],"is_group":false,"exceptions":[]}]}
{"timestamp":"2026-08-27T23:22:45.251176Z","level":"error","event":"/usr/python/lib/python3.13/multiprocessing/resource_tracker.py:400: UserWarning: resource_tracker: There appear to be 2 leaked semaphore objects to clean up at shutdown: {'/mp-twxnpwj8', '/mp-qj1wl3fk'}","logger":"task.stderr"}
{"timestamp":"2026-08-27T23:22:45.251545Z","level":"error","event":"  warnings.warn(","logger":"task.stderr"}
{"timestamp":"2026-08-28T12:36:11.377561Z","level":"warning","event":"section/key [openlineage/namespace] not found in config","logger":"airflow.sdk._shared.configuration.parser","filename":"parser.py","lineno":1360}
{"timestamp":"2026-08-28T12:36:11.723393Z","level":"info","event":"DAG bundles loaded: dags-folder","logger":"airflow.dag_processing.bundles.manager.DagBundlesManager","filename":"manager.py","lineno":209}
{"timestamp":"2026-08-28T12:36:11.724990Z","level":"info","event":"Filling up the DagBag from /opt/airflow/dags/verdanta_daily.py","logger":"airflow.dag_processing.dagbag.BundleDagBag","filename":"dagbag.py","lineno":469}
{"timestamp":"2026-08-28T12:36:11.789457Z","level":"info","event":"::group::Cosmos DAG parsing logs","logger":"cosmos.converter","filename":"converter.py","lineno":321}
{"timestamp":"2026-08-28T12:36:11.791508Z","level":"info","event":"Cosmos cache dir resolved to /tmp/cosmos/verdanta_daily__dbt_daily","logger":"cosmos.converter","filename":"converter.py","lineno":346}
{"timestamp":"2026-08-28T12:36:11.791904Z","level":"info","event":"Trying to parse the dbt project using dbt ls cache cosmos_cache__verdanta_daily__dbt_daily...","logger":"cosmos.dbt.graph","filename":"graph.py","lineno":869}
{"timestamp":"2026-08-28T12:36:11.939959Z","level":"info","event":"Cosmos performance: time to calculate cache identifier cosmos_cache__verdanta_daily__dbt_daily for current version: 0.12477423499967699","logger":"cosmos.cache","filename":"cache.py","lineno":401}
{"timestamp":"2026-08-28T12:36:11.940151Z","level":"info","event":"Cosmos performance [74f44c1e21f0|1531]: The cache size for cosmos_cache__verdanta_daily__dbt_daily is 81421","logger":"cosmos.dbt.graph","filename":"graph.py","lineno":886}
{"timestamp":"2026-08-28T12:36:11.943231Z","level":"info","event":"Cosmos performance: Cache hit for cosmos_cache__verdanta_daily__dbt_daily - 7ef252dbf94f4e7f8dda113986a456cc,ff67f1985ea8a9c639de2e1985ae4cf7","logger":"cosmos.dbt.graph","filename":"graph.py","lineno":898}
{"timestamp":"2026-08-28T12:36:11.943824Z","level":"info","event":"Total nodes: 91","logger":"cosmos.dbt.graph","filename":"graph.py","lineno":799}
{"timestamp":"2026-08-28T12:36:11.943958Z","level":"info","event":"Total filtered nodes: 91","logger":"cosmos.dbt.graph","filename":"graph.py","lineno":800}
{"timestamp":"2026-08-28T12:36:11.944049Z","level":"info","event":"Cosmos performance (verdanta_daily__dbt_daily) - [74f44c1e21f0|1531]: It took 0.152s to parse the dbt project for DAG using LoadMode.DBT_LS_CACHE","logger":"cosmos.converter","filename":"converter.py","lineno":371}
{"timestamp":"2026-08-28T12:36:12.021315Z","level":"info","event":"Cosmos performance (verdanta_daily__dbt_daily) - [74f44c1e21f0|1531]: It took 0.0772s to build the Airflow DAG.","logger":"cosmos.converter","filename":"converter.py","lineno":423}
{"timestamp":"2026-08-28T12:36:12.021507Z","level":"info","event":"::endgroup::Cosmos DAG parsing logs","logger":"cosmos.converter","filename":"converter.py","lineno":430}
{"timestamp":"2026-08-28T12:36:12.022106Z","level":"warning","event":"Using Variable.get from `airflow.models` is deprecated.Please use `get` on Variable from sdk(`airflow.sdk.Variable`) instead","category":"UserWarning","filename":"/home/airflow/.local/lib/python3.13/site-packages/airflow/models/variable.py","lineno":158,"logger":"py.warnings"}
{"timestamp":"2026-08-28T12:36:13.653199Z","level":"info","event":"dbtRunner is available. Using dbtRunner for invoking dbt.","logger":"cosmos.operators.base","filename":"local.py","lineno":295}
{"timestamp":"2026-08-28T12:36:13.654474Z","level":"info","event":"Cloning project to writable temp directory /tmp/tmp2z3f7lrr from /opt/airflow/dbt/verdanta_project","logger":"cosmos.operators.base","filename":"local.py","lineno":519}
{"timestamp":"2026-08-28T12:36:13.665992Z","level":"info","event":"Partial parse is enabled and the latest partial parse file is /tmp/cosmos/verdanta_daily__dbt_daily/target/partial_parse.msgpack","logger":"cosmos.operators.base","filename":"local.py","lineno":539}
{"timestamp":"2026-08-28T12:36:13.707614Z","level":"info","event":"Profile caching is enable.","logger":"cosmos.config","filename":"config.py","lineno":399}
{"timestamp":"2026-08-28T12:36:13.716589Z","level":"info","event":"Profile found in cache using profile: /tmp/cosmos/profile/1922feb8ca1009fb7100ee4968074ed46f63552d8d832d8d38dda5163b9c3f18/profiles.yml.","logger":"cosmos.config","filename":"config.py","lineno":379}
{"timestamp":"2026-08-28T12:36:13.723699Z","level":"info","event":"Trying to run dbtRunner with:\n ['deps', '--project-dir', '/tmp/tmp2z3f7lrr', '--profiles-dir', '/tmp/cosmos/profile/1922feb8ca1009fb7100ee4968074ed46f63552d8d832d8d38dda5163b9c3f18', '--profile', 'verdanta_project', '--target', 'dev', '--no-static-parser']\n in /tmp/tmp2z3f7lrr","logger":"cosmos.dbt.runner","filename":"runner.py","lineno":95}
{"timestamp":"2026-08-28T12:36:13.905634Z","level":"info","event":"\u001b[0m12:36:13  Running with dbt=1.12.0","logger":"task.stdout"}
{"timestamp":"2026-08-28T12:36:14.356409Z","level":"info","event":"\u001b[0m12:36:14  Installing dbt-labs/dbt_utils","logger":"task.stdout"}
{"timestamp":"2026-08-28T12:36:14.867047Z","level":"info","event":"\u001b[0m12:36:14  Installed from version 1.4.1","logger":"task.stdout"}
{"timestamp":"2026-08-28T12:36:14.867566Z","level":"info","event":"\u001b[0m12:36:14  Up to date!","logger":"task.stdout"}
{"timestamp":"2026-08-28T12:36:15.780767Z","level":"info","event":"Trying to run dbtRunner with:\n ['run', '--select', 'fqn:verdanta_project.staging.stg_erp__order_items', '--project-dir', '/tmp/tmp2z3f7lrr', '--profiles-dir', '/tmp/cosmos/profile/1922feb8ca1009fb7100ee4968074ed46f63552d8d832d8d38dda5163b9c3f18', '--profile', 'verdanta_project', '--target', 'dev', '--no-static-parser']\n in /tmp/tmp2z3f7lrr","logger":"cosmos.dbt.runner","filename":"runner.py","lineno":95}
{"timestamp":"2026-08-28T12:36:15.794590Z","level":"info","event":"\u001b[0m12:36:15  Running with dbt=1.12.0","logger":"task.stdout"}
{"timestamp":"2026-08-28T12:36:17.201249Z","level":"warning","event":"Valid config keys have changed in V2:\n* 'allow_population_by_field_name' has been renamed to 'validate_by_name'","category":"UserWarning","filename":"/home/airflow/.local/lib/python3.13/site-packages/pydantic/_internal/_config.py","lineno":383,"logger":"py.warnings"}
{"timestamp":"2026-08-28T12:36:17.618453Z","level":"info","event":"\u001b[0m12:36:17  Registered adapter: databricks=1.10.9","logger":"task.stdout"}
{"timestamp":"2026-08-28T12:36:21.609337Z","level":"info","event":"\u001b[0m12:36:21  Found 22 models, 96 data tests, 3 seeds, 2 snapshots, 8 sources, 844 macros","logger":"task.stdout"}
{"timestamp":"2026-08-28T12:36:21.617797Z","level":"info","event":"\u001b[0m12:36:21","logger":"task.stdout"}
{"timestamp":"2026-08-28T12:36:21.618470Z","level":"info","event":"\u001b[0m12:36:21  Concurrency: 1 threads (target='dev')","logger":"task.stdout"}
{"timestamp":"2026-08-28T12:36:21.619140Z","level":"info","event":"\u001b[0m12:36:21","logger":"task.stdout"}
{"timestamp":"2026-08-28T12:37:31.365088Z","level":"info","event":"\u001b[0m12:37:31  1 of 1 START sql view model silver.stg_erp__order_items ........................ [RUN]","logger":"task.stdout"}
{"timestamp":"2026-08-28T12:37:31.397577Z","level":"info","event":"\u001b[0m12:37:31  [\u001b[33mWARNING\u001b[0m]: Use revamped materializations based on separating create and insert.  This allows more performant column comments, as well as new column features.","logger":"task.stdout"}
{"timestamp":"2026-08-28T12:37:31.397895Z","level":"info","event":"You may opt into the new behavior sooner by setting `flags.use_materialization_v2` to `True` in `dbt_project.yml`.","logger":"task.stdout"}
{"timestamp":"2026-08-28T12:37:31.398187Z","level":"info","event":"Visit https://docs.getdbt.com/reference/global-configs/behavior-changes for more information.","logger":"task.stdout"}
{"timestamp":"2026-08-28T12:37:38.767110Z","level":"info","event":"\u001b[0m12:37:38  1 of 1 OK created sql view model silver.stg_erp__order_items ................... [\u001b[32mOK\u001b[0m in 7.40s]","logger":"task.stdout"}
{"timestamp":"2026-08-28T12:37:38.777934Z","level":"info","event":"\u001b[0m12:37:38","logger":"task.stdout"}
{"timestamp":"2026-08-28T12:37:38.778715Z","level":"info","event":"\u001b[0m12:37:38  Finished running 1 view model in 0 hours 1 minutes and 17.16 seconds (77.16s).","logger":"task.stdout"}
{"timestamp":"2026-08-28T12:37:38.917957Z","level":"info","event":"\u001b[0m12:37:38","logger":"task.stdout"}
{"timestamp":"2026-08-28T12:37:38.919768Z","level":"info","event":"\u001b[0m12:37:38  \u001b[32mCompleted successfully\u001b[0m","logger":"task.stdout"}
{"timestamp":"2026-08-28T12:37:38.920136Z","level":"info","event":"\u001b[0m12:37:38","logger":"task.stdout"}
{"timestamp":"2026-08-28T12:37:38.920423Z","level":"info","event":"\u001b[0m12:37:38  Done. PASS=1 WARN=0 ERROR=0 SKIP=0 NO-OP=0 REUSED=0 TOTAL=1","logger":"task.stdout"}
{"timestamp":"2026-08-28T12:37:39.833751Z","level":"warning","event":"Airflow 3.0.0 Asset (Dataset) URIs validation rules changed and OpenLineage URIs (standard used by Cosmos) are no longer accepted. Therefore, if using Cosmos with Airflow 3, the Airflow Asset (Dataset) URI is now <databricks://dbc-9dabf5c9-756d.cloud.databricks.com/verdanta_dev/bronze/erp_order_items>. Before, with Airflow 2.x, the URI used to be <databricks://dbc-9dabf5c9-756d.cloud.databricks.com/verdanta_dev.bronze.erp_order_items>. Please, change any DAGs that were scheduled using the old standard to the new one.","logger":"cosmos.dataset","filename":"dataset.py","lineno":237}
{"timestamp":"2026-08-28T12:37:42.203703Z","level":"warning","event":"Airflow 3.0.0 Asset (Dataset) URIs validation rules changed and OpenLineage URIs (standard used by Cosmos) are no longer accepted. Therefore, if using Cosmos with Airflow 3, the Airflow Asset (Dataset) URI is now <databricks://dbc-9dabf5c9-756d.cloud.databricks.com/verdanta_dev/silver/stg_erp__order_items>. Before, with Airflow 2.x, the URI used to be <databricks://dbc-9dabf5c9-756d.cloud.databricks.com/verdanta_dev.silver.stg_erp__order_items>. Please, change any DAGs that were scheduled using the old standard to the new one.","logger":"cosmos.dataset","filename":"dataset.py","lineno":237}
{"timestamp":"2026-08-28T12:37:42.204594Z","level":"info","event":"Inlets: [Asset(name='databricks://dbc-9dabf5c9-756d.cloud.databricks.com/verdanta_dev/bronze/erp_order_items', uri='databricks://dbc-9dabf5c9-756d.cloud.databricks.com/verdanta_dev/bronze/erp_order_items', group='asset', extra={}, watchers=[])]","logger":"cosmos.operators.base","filename":"local.py","lineno":595}
{"timestamp":"2026-08-28T12:37:42.204749Z","level":"info","event":"Outlets: [Asset(name='databricks://dbc-9dabf5c9-756d.cloud.databricks.com/verdanta_dev/silver/stg_erp__order_items', uri='databricks://dbc-9dabf5c9-756d.cloud.databricks.com/verdanta_dev/silver/stg_erp__order_items', group='asset', extra={}, watchers=[])]","logger":"cosmos.operators.base","filename":"local.py","lineno":596}
{"timestamp":"2026-08-28T12:37:42.204918Z","level":"info","event":"Assigning outlets with DatasetAlias in Airflow 3","logger":"cosmos.operators.base","filename":"local.py","lineno":901}
