{"timestamp":"2026-09-05T12:42:19.181825Z","level":"warning","event":"section/key [openlineage/namespace] not found in config","logger":"airflow.sdk._shared.configuration.parser","filename":"parser.py","lineno":1360}
{"timestamp":"2026-09-05T12:42:19.462137Z","level":"info","event":"DAG bundles loaded: dags-folder","logger":"airflow.dag_processing.bundles.manager.DagBundlesManager","filename":"manager.py","lineno":209}
{"timestamp":"2026-09-05T12:42:19.463544Z","level":"info","event":"Filling up the DagBag from /opt/airflow/dags/verdanta_stores.py","logger":"airflow.dag_processing.dagbag.BundleDagBag","filename":"dagbag.py","lineno":469}
{"timestamp":"2026-09-05T12:42:19.513756Z","level":"info","event":"::group::Cosmos DAG parsing logs","logger":"cosmos.converter","filename":"converter.py","lineno":321}
{"timestamp":"2026-09-05T12:42:19.516952Z","level":"info","event":"Cosmos cache dir resolved to /tmp/cosmos/verdanta_stores__dbt_sources","logger":"cosmos.converter","filename":"converter.py","lineno":346}
{"timestamp":"2026-09-05T12:42:19.517195Z","level":"info","event":"Trying to parse the dbt project using dbt ls cache cosmos_cache__verdanta_stores__dbt_sources...","logger":"cosmos.dbt.graph","filename":"graph.py","lineno":869}
{"timestamp":"2026-09-05T12:42:19.654220Z","level":"info","event":"Cosmos performance: time to calculate cache identifier cosmos_cache__verdanta_stores__dbt_sources for current version: 0.12899697400007426","logger":"cosmos.cache","filename":"cache.py","lineno":401}
{"timestamp":"2026-09-05T12:42:19.654446Z","level":"info","event":"Cosmos performance: Cache miss for cosmos_cache__verdanta_stores__dbt_sources - skipped","logger":"cosmos.dbt.graph","filename":"graph.py","lineno":900}
{"timestamp":"2026-09-05T12:42:19.654596Z","level":"info","event":"Trying to parse the dbt project in `/opt/airflow/dbt/verdanta_project` using dbt ls...","logger":"cosmos.dbt.graph","filename":"graph.py","lineno":983}
{"timestamp":"2026-09-05T12:42:19.678440Z","level":"info","event":"Partial parse is enabled and the latest partial parse file is /opt/airflow/dbt/verdanta_project/target/partial_parse.msgpack","logger":"cosmos.dbt.graph","filename":"graph.py","lineno":1002}
{"timestamp":"2026-09-05T12:42:19.758214Z","level":"info","event":"Profile caching is enable.","logger":"cosmos.config","filename":"config.py","lineno":399}
{"timestamp":"2026-09-05T12:42:19.758598Z","level":"info","event":"Using mock values for profile verdanta_project","logger":"cosmos.profiles.base","filename":"base.py","lineno":256}
{"timestamp":"2026-09-05T12:42:19.761690Z","level":"info","event":"Profile not found in cache storing and using profile: /tmp/cosmos/profile/88b0aa12559803c5b3e8b5b0cefa363d35d21cc93574699baf5727c52eda1f13/profiles.yml.","logger":"cosmos.config","filename":"config.py","lineno":386}
{"timestamp":"2026-09-05T12:42:21.103711Z","level":"info","event":"Running command with dbt Runner: `/home/airflow/.local/bin/dbt deps --project-dir /tmp/tmpizkt85qu --profiles-dir /tmp/cosmos/profile/88b0aa12559803c5b3e8b5b0cefa363d35d21cc93574699baf5727c52eda1f13 --profile verdanta_project --target dev`","logger":"cosmos.dbt.graph","filename":"graph.py","lineno":361}
{"timestamp":"2026-09-05T12:42:21.104163Z","level":"info","event":"Trying to run dbtRunner with:\n ['deps', '--project-dir', '/tmp/tmpizkt85qu', '--profiles-dir', '/tmp/cosmos/profile/88b0aa12559803c5b3e8b5b0cefa363d35d21cc93574699baf5727c52eda1f13', '--profile', 'verdanta_project', '--target', 'dev']\n in /tmp/tmpizkt85qu","logger":"cosmos.dbt.runner","filename":"runner.py","lineno":95}
{"timestamp":"2026-09-05T12:42:21.200602Z","level":"info","event":"\u001b[0m12:42:21  Running with dbt=1.12.0","logger":"task.stdout"}
{"timestamp":"2026-09-05T12:42:21.511267Z","level":"info","event":"\u001b[0m12:42:21  Installing dbt-labs/dbt_utils","logger":"task.stdout"}
{"timestamp":"2026-09-05T12:42:21.970390Z","level":"info","event":"\u001b[0m12:42:21  Installed from version 1.4.1","logger":"task.stdout"}
{"timestamp":"2026-09-05T12:42:21.970966Z","level":"info","event":"\u001b[0m12:42:21  Up to date!","logger":"task.stdout"}
{"timestamp":"2026-09-05T12:42:22.892251Z","level":"info","event":"Running command with dbt Runner: `/home/airflow/.local/bin/dbt ls --output json --output-keys name unique_id resource_type depends_on original_file_path tags config freshness fqn --project-dir /tmp/tmpizkt85qu --profiles-dir /tmp/cosmos/profile/88b0aa12559803c5b3e8b5b0cefa363d35d21cc93574699baf5727c52eda1f13 --profile verdanta_project --target dev --select stg_reference_stores+`","logger":"cosmos.dbt.graph","filename":"graph.py","lineno":361}
{"timestamp":"2026-09-05T12:42:22.892666Z","level":"info","event":"Trying to run dbtRunner with:\n ['ls', '--output', 'json', '--output-keys', 'name', 'unique_id', 'resource_type', 'depends_on', 'original_file_path', 'tags', 'config', 'freshness', 'fqn', '--project-dir', '/tmp/tmpizkt85qu', '--profiles-dir', '/tmp/cosmos/profile/88b0aa12559803c5b3e8b5b0cefa363d35d21cc93574699baf5727c52eda1f13', '--profile', 'verdanta_project', '--target', 'dev', '--select', 'stg_reference_stores+']\n in /tmp/tmpizkt85qu","logger":"cosmos.dbt.runner","filename":"runner.py","lineno":95}
{"timestamp":"2026-09-05T12:42:22.905702Z","level":"info","event":"\u001b[0m12:42:22  Running with dbt=1.12.0","logger":"task.stdout"}
{"timestamp":"2026-09-05T12:42:24.173199Z","level":"info","event":"\u001b[0m12:42:24  Registered adapter: databricks=1.10.9","logger":"task.stdout"}
{"timestamp":"2026-09-05T12:42:24.811568Z","level":"info","event":"\u001b[0m12:42:24  Unable to do partial parsing because profile has changed","logger":"task.stdout"}
{"timestamp":"2026-09-05T12:42:27.859092Z","level":"info","event":"\u001b[0m12:42:27  [\u001b[33mWARNING\u001b[0m][MissingArgumentsPropertyInGenericTestDeprecation]: Deprecated","logger":"task.stdout"}
{"timestamp":"2026-09-05T12:42:27.859501Z","level":"info","event":"functionality","logger":"task.stdout"}
{"timestamp":"2026-09-05T12:42:27.862038Z","level":"info","event":"Found top-level arguments to test `relationships` defined on 'stg_erp__orders'","logger":"task.stdout"}
{"timestamp":"2026-09-05T12:42:27.862327Z","level":"info","event":"in package 'verdanta_project' (models/staging/properties.yml). Arguments to","logger":"task.stdout"}
{"timestamp":"2026-09-05T12:42:27.862567Z","level":"info","event":"generic tests should be nested under the `arguments` property.","logger":"task.stdout"}
{"timestamp":"2026-09-05T12:42:28.632210Z","level":"info","event":"\u001b[0m12:42:28  Found 22 models, 96 data tests, 3 seeds, 2 snapshots, 8 sources, 844 macros","logger":"task.stdout"}
{"timestamp":"2026-09-05T12:42:28.634365Z","level":"info","event":"\u001b[0m12:42:28  [\u001b[33mWARNING\u001b[0m]: The selection criterion 'stg_reference_stores+' does not match any enabled nodes","logger":"task.stdout"}
{"timestamp":"2026-09-05T12:42:28.634722Z","level":"info","event":"\u001b[0m12:42:28  [\u001b[33mWARNING\u001b[0m]: No nodes selected!","logger":"task.stdout"}
{"timestamp":"2026-09-05T12:42:28.635385Z","level":"info","event":"\u001b[0m12:42:28  [\u001b[33mWARNING\u001b[0m][DeprecationsSummary]: Deprecated functionality","logger":"task.stdout"}
{"timestamp":"2026-09-05T12:42:28.635586Z","level":"info","event":"Summary of encountered deprecations:","logger":"task.stdout"}
{"timestamp":"2026-09-05T12:42:28.635850Z","level":"info","event":"- MissingArgumentsPropertyInGenericTestDeprecation: 9 occurrences","logger":"task.stdout"}
{"timestamp":"2026-09-05T12:42:28.636074Z","level":"info","event":"To see all deprecation instances instead of just the first occurrence of each,","logger":"task.stdout"}
{"timestamp":"2026-09-05T12:42:28.636282Z","level":"info","event":"run command again with the `--show-all-deprecations` flag. You may also need to","logger":"task.stdout"}
{"timestamp":"2026-09-05T12:42:28.636561Z","level":"info","event":"run with `--no-partial-parse` as some deprecations are only encountered during","logger":"task.stdout"}
{"timestamp":"2026-09-05T12:42:28.636808Z","level":"info","event":"parsing.","logger":"task.stdout"}
{"timestamp":"2026-09-05T12:42:29.614792Z","level":"info","event":"Cosmos performance: time to calculate cache identifier cosmos_cache__verdanta_stores__dbt_sources for current version: 0.14408038800002032","logger":"cosmos.cache","filename":"cache.py","lineno":401}
{"timestamp":"2026-09-05T12:42:29.643616Z","level":"info","event":"Total nodes: 0","logger":"cosmos.dbt.graph","filename":"graph.py","lineno":799}
{"timestamp":"2026-09-05T12:42:29.643808Z","level":"info","event":"Total filtered nodes: 0","logger":"cosmos.dbt.graph","filename":"graph.py","lineno":800}
{"timestamp":"2026-09-05T12:42:29.643906Z","level":"info","event":"Cosmos performance (verdanta_stores__dbt_sources) - [2a6571700c44|1220]: It took 10.1s to parse the dbt project for DAG using LoadMode.DBT_LS","logger":"cosmos.converter","filename":"converter.py","lineno":371}
{"timestamp":"2026-09-05T12:42:29.646003Z","level":"info","event":"Cosmos performance (verdanta_stores__dbt_sources) - [2a6571700c44|1220]: It took 0.00208s to build the Airflow DAG.","logger":"cosmos.converter","filename":"converter.py","lineno":423}
{"timestamp":"2026-09-05T12:42:29.646126Z","level":"info","event":"::endgroup::Cosmos DAG parsing logs","logger":"cosmos.converter","filename":"converter.py","lineno":430}
{"timestamp":"2026-09-05T12:42:29.646690Z","level":"warning","event":"Using Variable.get from `airflow.models` is deprecated.Please use `get` on Variable from sdk(`airflow.sdk.Variable`) instead","category":"UserWarning","filename":"/home/airflow/.local/lib/python3.13/site-packages/airflow/models/variable.py","lineno":158,"logger":"py.warnings"}
{"timestamp":"2026-09-05T12:42:29.646820Z","level":"warning","event":"Valid config keys have changed in V2:\n* 'allow_population_by_field_name' has been renamed to 'validate_by_name'","category":"UserWarning","filename":"/home/airflow/.local/lib/python3.13/site-packages/pydantic/_internal/_config.py","lineno":383,"logger":"py.warnings"}
{"timestamp":"2026-09-05T12:42:29.646897Z","level":"warning","event":"Using Variable.set from `airflow.models` is deprecated.Please use `set` on Variable from sdk(`airflow.sdk.Variable`) instead","category":"UserWarning","filename":"/home/airflow/.local/lib/python3.13/site-packages/airflow/models/variable.py","lineno":218,"logger":"py.warnings"}
{"timestamp":"2026-09-05T12:42:29.684423Z","level":"warning","event":"ProvidersManager.hooks is deprecated. Use ProvidersManagerTaskRuntime.hooks from task-sdk instead.","category":"DeprecatedImportWarning","filename":"/home/airflow/.local/lib/python3.13/site-packages/airflow/providers/databricks/hooks/databricks_base.py","lineno":207,"logger":"py.warnings"}
{"timestamp":"2026-09-05T12:42:31.571611Z","level":"info","event":"Run submitted with run_id: 1117985632007018","logger":"airflow.task.operators.airflow.providers.databricks.operators.databricks.DatabricksRunNowOperator","filename":"databricks.py","lineno":1405}
{"timestamp":"2026-09-05T12:42:32.921062Z","level":"info","event":"bronze_ingestion_stores in run state: {'life_cycle_state': 'RUNNING', 'result_state': '', 'state_message': ''}","logger":"airflow.task.operators.airflow.providers.databricks.operators.databricks.DatabricksRunNowOperator","filename":"databricks.py","lineno":194}
{"timestamp":"2026-09-05T12:42:32.921217Z","level":"info","event":"View run status, Spark UI, and logs at https://dbc-9dabf5c9-756d.cloud.databricks.com/?o=2686346829297367#job/18937842456578/run/1117985632007018","logger":"airflow.task.operators.airflow.providers.databricks.operators.databricks.DatabricksRunNowOperator","filename":"databricks.py","lineno":195}
{"timestamp":"2026-09-05T12:42:32.921276Z","level":"info","event":"Sleeping for 30 seconds.","logger":"airflow.task.operators.airflow.providers.databricks.operators.databricks.DatabricksRunNowOperator","filename":"databricks.py","lineno":196}
{"timestamp":"2026-09-05T12:43:03.581874Z","level":"info","event":"bronze_ingestion_stores in run state: {'life_cycle_state': 'RUNNING', 'result_state': '', 'state_message': ''}","logger":"airflow.task.operators.airflow.providers.databricks.operators.databricks.DatabricksRunNowOperator","filename":"databricks.py","lineno":194}
{"timestamp":"2026-09-05T12:43:03.582049Z","level":"info","event":"View run status, Spark UI, and logs at https://dbc-9dabf5c9-756d.cloud.databricks.com/?o=2686346829297367#job/18937842456578/run/1117985632007018","logger":"airflow.task.operators.airflow.providers.databricks.operators.databricks.DatabricksRunNowOperator","filename":"databricks.py","lineno":195}
{"timestamp":"2026-09-05T12:43:03.582105Z","level":"info","event":"Sleeping for 30 seconds.","logger":"airflow.task.operators.airflow.providers.databricks.operators.databricks.DatabricksRunNowOperator","filename":"databricks.py","lineno":196}
{"timestamp":"2026-09-05T12:43:35.124737Z","level":"info","event":"bronze_ingestion_stores in run state: {'life_cycle_state': 'RUNNING', 'result_state': '', 'state_message': ''}","logger":"airflow.task.operators.airflow.providers.databricks.operators.databricks.DatabricksRunNowOperator","filename":"databricks.py","lineno":194}
{"timestamp":"2026-09-05T12:43:35.124951Z","level":"info","event":"View run status, Spark UI, and logs at https://dbc-9dabf5c9-756d.cloud.databricks.com/?o=2686346829297367#job/18937842456578/run/1117985632007018","logger":"airflow.task.operators.airflow.providers.databricks.operators.databricks.DatabricksRunNowOperator","filename":"databricks.py","lineno":195}
{"timestamp":"2026-09-05T12:43:35.125009Z","level":"info","event":"Sleeping for 30 seconds.","logger":"airflow.task.operators.airflow.providers.databricks.operators.databricks.DatabricksRunNowOperator","filename":"databricks.py","lineno":196}
{"timestamp":"2026-09-05T12:44:06.153756Z","level":"info","event":"bronze_ingestion_stores completed successfully.","logger":"airflow.task.operators.airflow.providers.databricks.operators.databricks.DatabricksRunNowOperator","filename":"databricks.py","lineno":151}
{"timestamp":"2026-09-05T12:44:06.153955Z","level":"info","event":"View run status, Spark UI, and logs at https://dbc-9dabf5c9-756d.cloud.databricks.com/?o=2686346829297367#job/18937842456578/run/1117985632007018","logger":"airflow.task.operators.airflow.providers.databricks.operators.databricks.DatabricksRunNowOperator","filename":"databricks.py","lineno":152}
