{"timestamp":"2026-08-31T18:14:28.805640Z","level":"warning","event":"section/key [openlineage/namespace] not found in config","logger":"airflow.sdk._shared.configuration.parser","filename":"parser.py","lineno":1360}
{"timestamp":"2026-08-31T18:14:29.052487Z","level":"info","event":"DAG bundles loaded: dags-folder","logger":"airflow.dag_processing.bundles.manager.DagBundlesManager","filename":"manager.py","lineno":209}
{"timestamp":"2026-08-31T18:14:29.053908Z","level":"info","event":"Filling up the DagBag from /opt/airflow/dags/verdanta_daily.py","logger":"airflow.dag_processing.dagbag.BundleDagBag","filename":"dagbag.py","lineno":469}
{"timestamp":"2026-08-31T18:14:29.099127Z","level":"info","event":"::group::Cosmos DAG parsing logs","logger":"cosmos.converter","filename":"converter.py","lineno":321}
{"timestamp":"2026-08-31T18:14:29.101518Z","level":"info","event":"Cosmos cache dir resolved to /tmp/cosmos/verdanta_daily__dbt_daily","logger":"cosmos.converter","filename":"converter.py","lineno":346}
{"timestamp":"2026-08-31T18:14:29.101781Z","level":"info","event":"Trying to parse the dbt project using dbt ls cache cosmos_cache__verdanta_daily__dbt_daily...","logger":"cosmos.dbt.graph","filename":"graph.py","lineno":869}
{"timestamp":"2026-08-31T18:14:29.239800Z","level":"info","event":"Cosmos performance: time to calculate cache identifier cosmos_cache__verdanta_daily__dbt_daily for current version: 0.12636482800007798","logger":"cosmos.cache","filename":"cache.py","lineno":401}
{"timestamp":"2026-08-31T18:14:29.240003Z","level":"info","event":"Cosmos performance [5c236601931b|855]: The cache size for cosmos_cache__verdanta_daily__dbt_daily is 81420","logger":"cosmos.dbt.graph","filename":"graph.py","lineno":886}
{"timestamp":"2026-08-31T18:14:29.242482Z","level":"info","event":"Cosmos performance: Cache hit for cosmos_cache__verdanta_daily__dbt_daily - 39a8c4b6e19a7b5e14cfea47af7dbd90,f50552a3029f27b43be4a74a78877897","logger":"cosmos.dbt.graph","filename":"graph.py","lineno":898}
{"timestamp":"2026-08-31T18:14:29.242939Z","level":"info","event":"Total nodes: 91","logger":"cosmos.dbt.graph","filename":"graph.py","lineno":799}
{"timestamp":"2026-08-31T18:14:29.243043Z","level":"info","event":"Total filtered nodes: 91","logger":"cosmos.dbt.graph","filename":"graph.py","lineno":800}
{"timestamp":"2026-08-31T18:14:29.243127Z","level":"info","event":"Cosmos performance (verdanta_daily__dbt_daily) - [5c236601931b|855]: It took 0.141s to parse the dbt project for DAG using LoadMode.DBT_LS_CACHE","logger":"cosmos.converter","filename":"converter.py","lineno":371}
{"timestamp":"2026-08-31T18:14:29.319716Z","level":"info","event":"Cosmos performance (verdanta_daily__dbt_daily) - [5c236601931b|855]: It took 0.0765s to build the Airflow DAG.","logger":"cosmos.converter","filename":"converter.py","lineno":423}
{"timestamp":"2026-08-31T18:14:29.319887Z","level":"info","event":"::endgroup::Cosmos DAG parsing logs","logger":"cosmos.converter","filename":"converter.py","lineno":430}
{"timestamp":"2026-08-31T18:14:29.320420Z","level":"warning","event":"Using Variable.get from `airflow.models` is deprecated.Please use `get` on Variable from sdk(`airflow.sdk.Variable`) instead","category":"UserWarning","filename":"/home/airflow/.local/lib/python3.13/site-packages/airflow/models/variable.py","lineno":158,"logger":"py.warnings"}
{"timestamp":"2026-08-31T18:14:30.660395Z","level":"info","event":"dbtRunner is available. Using dbtRunner for invoking dbt.","logger":"cosmos.operators.base","filename":"local.py","lineno":295}
{"timestamp":"2026-08-31T18:14:30.661383Z","level":"info","event":"Cloning project to writable temp directory /tmp/tmp3ez1mtgv from /opt/airflow/dbt/verdanta_project","logger":"cosmos.operators.base","filename":"local.py","lineno":519}
{"timestamp":"2026-08-31T18:14:30.671071Z","level":"info","event":"Partial parse is enabled and the latest partial parse file is /tmp/cosmos/verdanta_daily__dbt_daily/target/partial_parse.msgpack","logger":"cosmos.operators.base","filename":"local.py","lineno":539}
{"timestamp":"2026-08-31T18:14:30.701140Z","level":"info","event":"Profile caching is enable.","logger":"cosmos.config","filename":"config.py","lineno":399}
{"timestamp":"2026-08-31T18:14:30.710257Z","level":"info","event":"Profile found in cache using profile: /tmp/cosmos/profile/1922feb8ca1009fb7100ee4968074ed46f63552d8d832d8d38dda5163b9c3f18/profiles.yml.","logger":"cosmos.config","filename":"config.py","lineno":379}
{"timestamp":"2026-08-31T18:14:30.716641Z","level":"info","event":"Trying to run dbtRunner with:\n ['deps', '--project-dir', '/tmp/tmp3ez1mtgv', '--profiles-dir', '/tmp/cosmos/profile/1922feb8ca1009fb7100ee4968074ed46f63552d8d832d8d38dda5163b9c3f18', '--profile', 'verdanta_project', '--target', 'dev', '--no-static-parser']\n in /tmp/tmp3ez1mtgv","logger":"cosmos.dbt.runner","filename":"runner.py","lineno":95}
{"timestamp":"2026-08-31T18:14:30.861507Z","level":"info","event":"\u001b[0m18:14:30  Running with dbt=1.12.0","logger":"task.stdout"}
{"timestamp":"2026-08-31T18:14:31.319421Z","level":"info","event":"\u001b[0m18:14:31  Installing dbt-labs/dbt_utils","logger":"task.stdout"}
{"timestamp":"2026-08-31T18:14:31.807061Z","level":"info","event":"\u001b[0m18:14:31  Installed from version 1.4.1","logger":"task.stdout"}
{"timestamp":"2026-08-31T18:14:31.817842Z","level":"info","event":"\u001b[0m18:14:31  Up to date!","logger":"task.stdout"}
{"timestamp":"2026-08-31T18:14:32.684658Z","level":"info","event":"Trying to run dbtRunner with:\n ['snapshot', '--select', 'fqn:verdanta_project.snap_crm_customers', '--project-dir', '/tmp/tmp3ez1mtgv', '--profiles-dir', '/tmp/cosmos/profile/1922feb8ca1009fb7100ee4968074ed46f63552d8d832d8d38dda5163b9c3f18', '--profile', 'verdanta_project', '--target', 'dev', '--no-static-parser']\n in /tmp/tmp3ez1mtgv","logger":"cosmos.dbt.runner","filename":"runner.py","lineno":95}
{"timestamp":"2026-08-31T18:14:32.699457Z","level":"info","event":"\u001b[0m18:14:32  Running with dbt=1.12.0","logger":"task.stdout"}
{"timestamp":"2026-08-31T18:14:33.884463Z","level":"warning","event":"Valid config keys have changed in V2:\n* 'allow_population_by_field_name' has been renamed to 'validate_by_name'","category":"UserWarning","filename":"/home/airflow/.local/lib/python3.13/site-packages/pydantic/_internal/_config.py","lineno":383,"logger":"py.warnings"}
{"timestamp":"2026-08-31T18:14:34.265595Z","level":"info","event":"\u001b[0m18:14:34  Registered adapter: databricks=1.10.9","logger":"task.stdout"}
{"timestamp":"2026-08-31T18:14:36.942160Z","level":"info","event":"\u001b[0m18:14:36  Found 22 models, 96 data tests, 3 seeds, 2 snapshots, 8 sources, 844 macros","logger":"task.stdout"}
{"timestamp":"2026-08-31T18:14:36.949603Z","level":"info","event":"\u001b[0m18:14:36","logger":"task.stdout"}
{"timestamp":"2026-08-31T18:14:36.950104Z","level":"info","event":"\u001b[0m18:14:36  Concurrency: 1 threads (target='dev')","logger":"task.stdout"}
{"timestamp":"2026-08-31T18:14:36.950583Z","level":"info","event":"\u001b[0m18:14:36","logger":"task.stdout"}
{"timestamp":"2026-08-31T18:14:41.732802Z","level":"info","event":"\u001b[0m18:14:41  1 of 1 START snapshot silver.snap_crm_customers ................................ [RUN]","logger":"task.stdout"}
{"timestamp":"2026-08-31T18:15:03.740927Z","level":"info","event":"\u001b[0m18:15:03  1 of 1 OK snapshotted silver.snap_crm_customers ................................ [\u001b[32mOK\u001b[0m in 22.00s]","logger":"task.stdout"}
{"timestamp":"2026-08-31T18:15:03.750268Z","level":"info","event":"\u001b[0m18:15:03","logger":"task.stdout"}
{"timestamp":"2026-08-31T18:15:03.750874Z","level":"info","event":"\u001b[0m18:15:03  Finished running 1 snapshot in 0 hours 0 minutes and 26.80 seconds (26.80s).","logger":"task.stdout"}
{"timestamp":"2026-08-31T18:15:03.867590Z","level":"info","event":"\u001b[0m18:15:03","logger":"task.stdout"}
{"timestamp":"2026-08-31T18:15:03.868089Z","level":"info","event":"\u001b[0m18:15:03  \u001b[32mCompleted successfully\u001b[0m","logger":"task.stdout"}
{"timestamp":"2026-08-31T18:15:03.868805Z","level":"info","event":"\u001b[0m18:15:03","logger":"task.stdout"}
{"timestamp":"2026-08-31T18:15:03.869520Z","level":"info","event":"\u001b[0m18:15:03  Done. PASS=1 WARN=0 ERROR=0 SKIP=0 NO-OP=0 REUSED=0 TOTAL=1","logger":"task.stdout"}
{"timestamp":"2026-08-31T18:15:04.800759Z","level":"warning","event":"Airflow 3.0.0 Asset (Dataset) URIs validation rules changed and OpenLineage URIs (standard used by Cosmos) are no longer accepted. Therefore, if using Cosmos with Airflow 3, the Airflow Asset (Dataset) URI is now <databricks://dbc-9dabf5c9-756d.cloud.databricks.com/verdanta_dev/silver/stg_crm__customers>. Before, with Airflow 2.x, the URI used to be <databricks://dbc-9dabf5c9-756d.cloud.databricks.com/verdanta_dev.silver.stg_crm__customers>. Please, change any DAGs that were scheduled using the old standard to the new one.","logger":"cosmos.dataset","filename":"dataset.py","lineno":237}
{"timestamp":"2026-08-31T18:15:07.018667Z","level":"warning","event":"Airflow 3.0.0 Asset (Dataset) URIs validation rules changed and OpenLineage URIs (standard used by Cosmos) are no longer accepted. Therefore, if using Cosmos with Airflow 3, the Airflow Asset (Dataset) URI is now <databricks://dbc-9dabf5c9-756d.cloud.databricks.com/verdanta_dev/silver/snap_crm_customers>. Before, with Airflow 2.x, the URI used to be <databricks://dbc-9dabf5c9-756d.cloud.databricks.com/verdanta_dev.silver.snap_crm_customers>. Please, change any DAGs that were scheduled using the old standard to the new one.","logger":"cosmos.dataset","filename":"dataset.py","lineno":237}
{"timestamp":"2026-08-31T18:15:07.019424Z","level":"info","event":"Inlets: [Asset(name='databricks://dbc-9dabf5c9-756d.cloud.databricks.com/verdanta_dev/silver/stg_crm__customers', uri='databricks://dbc-9dabf5c9-756d.cloud.databricks.com/verdanta_dev/silver/stg_crm__customers', group='asset', extra={}, watchers=[])]","logger":"cosmos.operators.base","filename":"local.py","lineno":595}
{"timestamp":"2026-08-31T18:15:07.019532Z","level":"info","event":"Outlets: [Asset(name='databricks://dbc-9dabf5c9-756d.cloud.databricks.com/verdanta_dev/silver/snap_crm_customers', uri='databricks://dbc-9dabf5c9-756d.cloud.databricks.com/verdanta_dev/silver/snap_crm_customers', group='asset', extra={}, watchers=[])]","logger":"cosmos.operators.base","filename":"local.py","lineno":596}
{"timestamp":"2026-08-31T18:15:07.019647Z","level":"info","event":"Assigning outlets with DatasetAlias in Airflow 3","logger":"cosmos.operators.base","filename":"local.py","lineno":901}
