{"timestamp":"2026-09-06T10:32:28.759878Z","level":"warning","event":"section/key [openlineage/namespace] not found in config","logger":"airflow.sdk._shared.configuration.parser","filename":"parser.py","lineno":1360}
{"timestamp":"2026-09-06T10:32:29.209939Z","level":"info","event":"DAG bundles loaded: dags-folder","logger":"airflow.dag_processing.bundles.manager.DagBundlesManager","filename":"manager.py","lineno":209}
{"timestamp":"2026-09-06T10:32:29.211611Z","level":"info","event":"Filling up the DagBag from /opt/airflow/dags/verdanta_stores.py","logger":"airflow.dag_processing.dagbag.BundleDagBag","filename":"dagbag.py","lineno":469}
{"timestamp":"2026-09-06T10:32:29.280939Z","level":"warning","event":"Skipping masking for a secret as it's too short (<5 chars)","logger":"airflow.sdk._shared.secrets_masker.secrets_masker","filename":"secrets_masker.py","lineno":577}
{"timestamp":"2026-09-06T10:32:29.287898Z","level":"info","event":"::group::Cosmos DAG parsing logs","logger":"cosmos.converter","filename":"converter.py","lineno":321}
{"timestamp":"2026-09-06T10:32:29.292562Z","level":"info","event":"Cosmos cache dir resolved to /tmp/cosmos/verdanta_stores__dbt_stores","logger":"cosmos.converter","filename":"converter.py","lineno":346}
{"timestamp":"2026-09-06T10:32:29.292936Z","level":"info","event":"Trying to parse the dbt project using dbt ls cache cosmos_cache__verdanta_stores__dbt_stores...","logger":"cosmos.dbt.graph","filename":"graph.py","lineno":869}
{"timestamp":"2026-09-06T10:32:29.434892Z","level":"info","event":"Cosmos performance: time to calculate cache identifier cosmos_cache__verdanta_stores__dbt_stores for current version: 0.13267022700006237","logger":"cosmos.cache","filename":"cache.py","lineno":401}
{"timestamp":"2026-09-06T10:32:29.435123Z","level":"info","event":"Cosmos performance: Cache miss for cosmos_cache__verdanta_stores__dbt_stores - skipped","logger":"cosmos.dbt.graph","filename":"graph.py","lineno":900}
{"timestamp":"2026-09-06T10:32:29.435347Z","level":"info","event":"Trying to parse the dbt project in `/opt/airflow/dbt/verdanta_project` using dbt ls...","logger":"cosmos.dbt.graph","filename":"graph.py","lineno":983}
{"timestamp":"2026-09-06T10:32:29.468444Z","level":"info","event":"Partial parse is enabled and the latest partial parse file is /opt/airflow/dbt/verdanta_project/target/partial_parse.msgpack","logger":"cosmos.dbt.graph","filename":"graph.py","lineno":1002}
{"timestamp":"2026-09-06T10:32:29.565364Z","level":"info","event":"Profile caching is enable.","logger":"cosmos.config","filename":"config.py","lineno":399}
{"timestamp":"2026-09-06T10:32:29.566341Z","level":"info","event":"Using mock values for profile verdanta_project","logger":"cosmos.profiles.base","filename":"base.py","lineno":256}
{"timestamp":"2026-09-06T10:32:29.568793Z","level":"info","event":"Profile not found in cache storing and using profile: /tmp/cosmos/profile/88b0aa12559803c5b3e8b5b0cefa363d35d21cc93574699baf5727c52eda1f13/profiles.yml.","logger":"cosmos.config","filename":"config.py","lineno":386}
{"timestamp":"2026-09-06T10:32:31.172744Z","level":"info","event":"Running command with dbt Runner: `/home/airflow/.local/bin/dbt deps --project-dir /tmp/tmpy88m93sp --profiles-dir /tmp/cosmos/profile/88b0aa12559803c5b3e8b5b0cefa363d35d21cc93574699baf5727c52eda1f13 --profile verdanta_project --target dev`","logger":"cosmos.dbt.graph","filename":"graph.py","lineno":361}
{"timestamp":"2026-09-06T10:32:31.173318Z","level":"info","event":"Trying to run dbtRunner with:\n ['deps', '--project-dir', '/tmp/tmpy88m93sp', '--profiles-dir', '/tmp/cosmos/profile/88b0aa12559803c5b3e8b5b0cefa363d35d21cc93574699baf5727c52eda1f13', '--profile', 'verdanta_project', '--target', 'dev']\n in /tmp/tmpy88m93sp","logger":"cosmos.dbt.runner","filename":"runner.py","lineno":95}
{"timestamp":"2026-09-06T10:32:31.311859Z","level":"info","event":"\u001b[0m10:32:31  Running with dbt=1.12.0","logger":"task.stdout"}
{"timestamp":"2026-09-06T10:32:31.644072Z","level":"info","event":"\u001b[0m10:32:31  Installing dbt-labs/dbt_utils","logger":"task.stdout"}
{"timestamp":"2026-09-06T10:32:32.102243Z","level":"info","event":"\u001b[0m10:32:32  Installed from version 1.4.1","logger":"task.stdout"}
{"timestamp":"2026-09-06T10:32:32.102817Z","level":"info","event":"\u001b[0m10:32:32  Up to date!","logger":"task.stdout"}
{"timestamp":"2026-09-06T10:32:32.979404Z","level":"info","event":"Running command with dbt Runner: `/home/airflow/.local/bin/dbt ls --output json --output-keys name unique_id resource_type depends_on original_file_path tags config freshness fqn --project-dir /tmp/tmpy88m93sp --profiles-dir /tmp/cosmos/profile/88b0aa12559803c5b3e8b5b0cefa363d35d21cc93574699baf5727c52eda1f13 --profile verdanta_project --target dev --select stg_reference_stores+`","logger":"cosmos.dbt.graph","filename":"graph.py","lineno":361}
{"timestamp":"2026-09-06T10:32:32.979778Z","level":"info","event":"Trying to run dbtRunner with:\n ['ls', '--output', 'json', '--output-keys', 'name', 'unique_id', 'resource_type', 'depends_on', 'original_file_path', 'tags', 'config', 'freshness', 'fqn', '--project-dir', '/tmp/tmpy88m93sp', '--profiles-dir', '/tmp/cosmos/profile/88b0aa12559803c5b3e8b5b0cefa363d35d21cc93574699baf5727c52eda1f13', '--profile', 'verdanta_project', '--target', 'dev', '--select', 'stg_reference_stores+']\n in /tmp/tmpy88m93sp","logger":"cosmos.dbt.runner","filename":"runner.py","lineno":95}
{"timestamp":"2026-09-06T10:32:32.990491Z","level":"info","event":"\u001b[0m10:32:32  Running with dbt=1.12.0","logger":"task.stdout"}
{"timestamp":"2026-09-06T10:32:35.330975Z","level":"info","event":"\u001b[0m10:32:35  Registered adapter: databricks=1.10.9","logger":"task.stdout"}
{"timestamp":"2026-09-06T10:32:35.996118Z","level":"info","event":"\u001b[0m10:32:35  Unable to do partial parsing because profile has changed","logger":"task.stdout"}
{"timestamp":"2026-09-06T10:32:39.178407Z","level":"info","event":"\u001b[0m10:32:39  [\u001b[33mWARNING\u001b[0m][MissingArgumentsPropertyInGenericTestDeprecation]: Deprecated","logger":"task.stdout"}
{"timestamp":"2026-09-06T10:32:39.178829Z","level":"info","event":"functionality","logger":"task.stdout"}
{"timestamp":"2026-09-06T10:32:39.179077Z","level":"info","event":"Found top-level arguments to test `relationships` defined on 'stg_erp__orders'","logger":"task.stdout"}
{"timestamp":"2026-09-06T10:32:39.179351Z","level":"info","event":"in package 'verdanta_project' (models/staging/properties.yml). Arguments to","logger":"task.stdout"}
{"timestamp":"2026-09-06T10:32:39.179682Z","level":"info","event":"generic tests should be nested under the `arguments` property.","logger":"task.stdout"}
{"timestamp":"2026-09-06T10:32:40.036688Z","level":"info","event":"\u001b[0m10:32:40  Found 22 models, 96 data tests, 3 seeds, 2 snapshots, 8 sources, 844 macros","logger":"task.stdout"}
{"timestamp":"2026-09-06T10:32:40.038485Z","level":"info","event":"\u001b[0m10:32:40  [\u001b[33mWARNING\u001b[0m]: The selection criterion 'stg_reference_stores+' does not match any enabled nodes","logger":"task.stdout"}
{"timestamp":"2026-09-06T10:32:40.038909Z","level":"info","event":"\u001b[0m10:32:40  [\u001b[33mWARNING\u001b[0m]: No nodes selected!","logger":"task.stdout"}
{"timestamp":"2026-09-06T10:32:40.039764Z","level":"info","event":"\u001b[0m10:32:40  [\u001b[33mWARNING\u001b[0m][DeprecationsSummary]: Deprecated functionality","logger":"task.stdout"}
{"timestamp":"2026-09-06T10:32:40.040019Z","level":"info","event":"Summary of encountered deprecations:","logger":"task.stdout"}
{"timestamp":"2026-09-06T10:32:40.040236Z","level":"info","event":"- MissingArgumentsPropertyInGenericTestDeprecation: 9 occurrences","logger":"task.stdout"}
{"timestamp":"2026-09-06T10:32:40.040447Z","level":"info","event":"To see all deprecation instances instead of just the first occurrence of each,","logger":"task.stdout"}
{"timestamp":"2026-09-06T10:32:40.040647Z","level":"info","event":"run command again with the `--show-all-deprecations` flag. You may also need to","logger":"task.stdout"}
{"timestamp":"2026-09-06T10:32:40.040866Z","level":"info","event":"run with `--no-partial-parse` as some deprecations are only encountered during","logger":"task.stdout"}
{"timestamp":"2026-09-06T10:32:40.041127Z","level":"info","event":"parsing.","logger":"task.stdout"}
{"timestamp":"2026-09-06T10:32:41.028199Z","level":"info","event":"Cosmos performance: time to calculate cache identifier cosmos_cache__verdanta_stores__dbt_stores for current version: 0.1315508239999872","logger":"cosmos.cache","filename":"cache.py","lineno":401}
{"timestamp":"2026-09-06T10:32:41.066729Z","level":"info","event":"Total nodes: 0","logger":"cosmos.dbt.graph","filename":"graph.py","lineno":799}
{"timestamp":"2026-09-06T10:32:41.066916Z","level":"info","event":"Total filtered nodes: 0","logger":"cosmos.dbt.graph","filename":"graph.py","lineno":800}
{"timestamp":"2026-09-06T10:32:41.067027Z","level":"info","event":"Cosmos performance (verdanta_stores__dbt_stores) - [20a4dac14a5c|110]: It took 11.8s to parse the dbt project for DAG using LoadMode.DBT_LS","logger":"cosmos.converter","filename":"converter.py","lineno":371}
{"timestamp":"2026-09-06T10:32:41.069446Z","level":"info","event":"Cosmos performance (verdanta_stores__dbt_stores) - [20a4dac14a5c|110]: It took 0.00237s to build the Airflow DAG.","logger":"cosmos.converter","filename":"converter.py","lineno":423}
{"timestamp":"2026-09-06T10:32:41.069641Z","level":"info","event":"::endgroup::Cosmos DAG parsing logs","logger":"cosmos.converter","filename":"converter.py","lineno":430}
{"timestamp":"2026-09-06T10:32:41.070339Z","level":"warning","event":"Using Variable.get from `airflow.models` is deprecated.Please use `get` on Variable from sdk(`airflow.sdk.Variable`) instead","category":"UserWarning","filename":"/home/airflow/.local/lib/python3.13/site-packages/airflow/models/variable.py","lineno":158,"logger":"py.warnings"}
{"timestamp":"2026-09-06T10:32:41.070544Z","level":"warning","event":"Valid config keys have changed in V2:\n* 'allow_population_by_field_name' has been renamed to 'validate_by_name'","category":"UserWarning","filename":"/home/airflow/.local/lib/python3.13/site-packages/pydantic/_internal/_config.py","lineno":383,"logger":"py.warnings"}
{"timestamp":"2026-09-06T10:32:41.070629Z","level":"warning","event":"Using Variable.set from `airflow.models` is deprecated.Please use `set` on Variable from sdk(`airflow.sdk.Variable`) instead","category":"UserWarning","filename":"/home/airflow/.local/lib/python3.13/site-packages/airflow/models/variable.py","lineno":218,"logger":"py.warnings"}
{"timestamp":"2026-09-06T10:32:41.141343Z","level":"warning","event":"ProvidersManager.hooks is deprecated. Use ProvidersManagerTaskRuntime.hooks from task-sdk instead.","category":"DeprecatedImportWarning","filename":"/home/airflow/.local/lib/python3.13/site-packages/airflow/providers/databricks/hooks/databricks_base.py","lineno":207,"logger":"py.warnings"}
{"timestamp":"2026-09-06T10:32:43.084214Z","level":"info","event":"Run submitted with run_id: 1104547312858547","logger":"airflow.task.operators.airflow.providers.databricks.operators.databricks.DatabricksRunNowOperator","filename":"databricks.py","lineno":1405}
{"timestamp":"2026-09-06T10:32:44.602934Z","level":"info","event":"bronze_ingestion_stores in run state: {'life_cycle_state': 'RUNNING', 'result_state': '', 'state_message': ''}","logger":"airflow.task.operators.airflow.providers.databricks.operators.databricks.DatabricksRunNowOperator","filename":"databricks.py","lineno":194}
{"timestamp":"2026-09-06T10:32:44.603091Z","level":"info","event":"View run status, Spark UI, and logs at https://dbc-9dabf5c9-756d.cloud.databricks.com/?o=2686346829297367#job/18937842456578/run/1104547312858547","logger":"airflow.task.operators.airflow.providers.databricks.operators.databricks.DatabricksRunNowOperator","filename":"databricks.py","lineno":195}
{"timestamp":"2026-09-06T10:32:44.603148Z","level":"info","event":"Sleeping for 30 seconds.","logger":"airflow.task.operators.airflow.providers.databricks.operators.databricks.DatabricksRunNowOperator","filename":"databricks.py","lineno":196}
{"timestamp":"2026-09-06T10:33:15.278025Z","level":"info","event":"bronze_ingestion_stores in run state: {'life_cycle_state': 'RUNNING', 'result_state': '', 'state_message': ''}","logger":"airflow.task.operators.airflow.providers.databricks.operators.databricks.DatabricksRunNowOperator","filename":"databricks.py","lineno":194}
{"timestamp":"2026-09-06T10:33:15.278168Z","level":"info","event":"View run status, Spark UI, and logs at https://dbc-9dabf5c9-756d.cloud.databricks.com/?o=2686346829297367#job/18937842456578/run/1104547312858547","logger":"airflow.task.operators.airflow.providers.databricks.operators.databricks.DatabricksRunNowOperator","filename":"databricks.py","lineno":195}
{"timestamp":"2026-09-06T10:33:15.278220Z","level":"info","event":"Sleeping for 30 seconds.","logger":"airflow.task.operators.airflow.providers.databricks.operators.databricks.DatabricksRunNowOperator","filename":"databricks.py","lineno":196}
{"timestamp":"2026-09-06T10:33:45.972342Z","level":"info","event":"bronze_ingestion_stores in run state: {'life_cycle_state': 'RUNNING', 'result_state': '', 'state_message': ''}","logger":"airflow.task.operators.airflow.providers.databricks.operators.databricks.DatabricksRunNowOperator","filename":"databricks.py","lineno":194}
{"timestamp":"2026-09-06T10:33:45.972636Z","level":"info","event":"View run status, Spark UI, and logs at https://dbc-9dabf5c9-756d.cloud.databricks.com/?o=2686346829297367#job/18937842456578/run/1104547312858547","logger":"airflow.task.operators.airflow.providers.databricks.operators.databricks.DatabricksRunNowOperator","filename":"databricks.py","lineno":195}
{"timestamp":"2026-09-06T10:33:45.972691Z","level":"info","event":"Sleeping for 30 seconds.","logger":"airflow.task.operators.airflow.providers.databricks.operators.databricks.DatabricksRunNowOperator","filename":"databricks.py","lineno":196}
{"timestamp":"2026-09-06T10:34:16.571153Z","level":"info","event":"bronze_ingestion_stores completed successfully.","logger":"airflow.task.operators.airflow.providers.databricks.operators.databricks.DatabricksRunNowOperator","filename":"databricks.py","lineno":151}
{"timestamp":"2026-09-06T10:34:16.571348Z","level":"info","event":"View run status, Spark UI, and logs at https://dbc-9dabf5c9-756d.cloud.databricks.com/?o=2686346829297367#job/18937842456578/run/1104547312858547","logger":"airflow.task.operators.airflow.providers.databricks.operators.databricks.DatabricksRunNowOperator","filename":"databricks.py","lineno":152}
