{"timestamp":"2026-08-29T10:40:09.922582Z","level":"warning","event":"section/key [openlineage/namespace] not found in config","logger":"airflow.sdk._shared.configuration.parser","filename":"parser.py","lineno":1360}
{"timestamp":"2026-08-29T10:40:10.213173Z","level":"info","event":"DAG bundles loaded: dags-folder","logger":"airflow.dag_processing.bundles.manager.DagBundlesManager","filename":"manager.py","lineno":209}
{"timestamp":"2026-08-29T10:40:10.214443Z","level":"info","event":"Filling up the DagBag from /opt/airflow/dags/verdanta_weekly.py","logger":"airflow.dag_processing.dagbag.BundleDagBag","filename":"dagbag.py","lineno":469}
{"timestamp":"2026-08-29T10:40:10.262361Z","level":"info","event":"::group::Cosmos DAG parsing logs","logger":"cosmos.converter","filename":"converter.py","lineno":321}
{"timestamp":"2026-08-29T10:40:10.264632Z","level":"info","event":"Cosmos cache dir resolved to /tmp/cosmos/verdanta_weekly__dbt_weekly","logger":"cosmos.converter","filename":"converter.py","lineno":346}
{"timestamp":"2026-08-29T10:40:10.264846Z","level":"info","event":"Trying to parse the dbt project using dbt ls cache cosmos_cache__verdanta_weekly__dbt_weekly...","logger":"cosmos.dbt.graph","filename":"graph.py","lineno":869}
{"timestamp":"2026-08-29T10:40:10.401489Z","level":"info","event":"Cosmos performance: time to calculate cache identifier cosmos_cache__verdanta_weekly__dbt_weekly for current version: 0.12823742799992033","logger":"cosmos.cache","filename":"cache.py","lineno":401}
{"timestamp":"2026-08-29T10:40:10.401709Z","level":"info","event":"Cosmos performance [c53d51a1f1f5|1472]: The cache size for cosmos_cache__verdanta_weekly__dbt_weekly is 23804","logger":"cosmos.dbt.graph","filename":"graph.py","lineno":886}
{"timestamp":"2026-08-29T10:40:10.402592Z","level":"info","event":"Cosmos performance: Cache hit for cosmos_cache__verdanta_weekly__dbt_weekly - 39a8c4b6e19a7b5e14cfea47af7dbd90,1ae01f5b93cde0ad1f6d9482f1b54abd","logger":"cosmos.dbt.graph","filename":"graph.py","lineno":898}
{"timestamp":"2026-08-29T10:40:10.403083Z","level":"info","event":"Total nodes: 27","logger":"cosmos.dbt.graph","filename":"graph.py","lineno":799}
{"timestamp":"2026-08-29T10:40:10.403194Z","level":"info","event":"Total filtered nodes: 27","logger":"cosmos.dbt.graph","filename":"graph.py","lineno":800}
{"timestamp":"2026-08-29T10:40:10.403284Z","level":"info","event":"Cosmos performance (verdanta_weekly__dbt_weekly) - [c53d51a1f1f5|1472]: It took 0.139s to parse the dbt project for DAG using LoadMode.DBT_LS_CACHE","logger":"cosmos.converter","filename":"converter.py","lineno":371}
{"timestamp":"2026-08-29T10:40:10.429909Z","level":"info","event":"Cosmos performance (verdanta_weekly__dbt_weekly) - [c53d51a1f1f5|1472]: It took 0.0266s to build the Airflow DAG.","logger":"cosmos.converter","filename":"converter.py","lineno":423}
{"timestamp":"2026-08-29T10:40:10.430091Z","level":"info","event":"::endgroup::Cosmos DAG parsing logs","logger":"cosmos.converter","filename":"converter.py","lineno":430}
{"timestamp":"2026-08-29T10:40:10.430629Z","level":"warning","event":"Using Variable.get from `airflow.models` is deprecated.Please use `get` on Variable from sdk(`airflow.sdk.Variable`) instead","category":"UserWarning","filename":"/home/airflow/.local/lib/python3.13/site-packages/airflow/models/variable.py","lineno":158,"logger":"py.warnings"}
{"timestamp":"2026-08-29T10:40:11.719023Z","level":"info","event":"dbtRunner is available. Using dbtRunner for invoking dbt.","logger":"cosmos.operators.base","filename":"local.py","lineno":295}
{"timestamp":"2026-08-29T10:40:11.720179Z","level":"info","event":"Cloning project to writable temp directory /tmp/tmpqs7rxihz from /opt/airflow/dbt/verdanta_project","logger":"cosmos.operators.base","filename":"local.py","lineno":519}
{"timestamp":"2026-08-29T10:40:11.729534Z","level":"info","event":"Partial parse is enabled and the latest partial parse file is /tmp/cosmos/verdanta_weekly__dbt_weekly/target/partial_parse.msgpack","logger":"cosmos.operators.base","filename":"local.py","lineno":539}
{"timestamp":"2026-08-29T10:40:11.752703Z","level":"info","event":"Profile caching is enable.","logger":"cosmos.config","filename":"config.py","lineno":399}
{"timestamp":"2026-08-29T10:40:11.760810Z","level":"info","event":"Profile found in cache using profile: /tmp/cosmos/profile/1922feb8ca1009fb7100ee4968074ed46f63552d8d832d8d38dda5163b9c3f18/profiles.yml.","logger":"cosmos.config","filename":"config.py","lineno":379}
{"timestamp":"2026-08-29T10:40:11.767836Z","level":"info","event":"Trying to run dbtRunner with:\n ['deps', '--project-dir', '/tmp/tmpqs7rxihz', '--profiles-dir', '/tmp/cosmos/profile/1922feb8ca1009fb7100ee4968074ed46f63552d8d832d8d38dda5163b9c3f18', '--profile', 'verdanta_project', '--target', 'dev', '--no-static-parser']\n in /tmp/tmpqs7rxihz","logger":"cosmos.dbt.runner","filename":"runner.py","lineno":95}
{"timestamp":"2026-08-29T10:40:11.910960Z","level":"info","event":"\u001b[0m10:40:11  Running with dbt=1.12.0","logger":"task.stdout"}
{"timestamp":"2026-08-29T10:40:12.320117Z","level":"info","event":"\u001b[0m10:40:12  Installing dbt-labs/dbt_utils","logger":"task.stdout"}
{"timestamp":"2026-08-29T10:40:13.039491Z","level":"info","event":"\u001b[0m10:40:13  Installed from version 1.4.1","logger":"task.stdout"}
{"timestamp":"2026-08-29T10:40:13.039968Z","level":"info","event":"\u001b[0m10:40:13  Up to date!","logger":"task.stdout"}
{"timestamp":"2026-08-29T10:40:13.778123Z","level":"info","event":"Trying to run dbtRunner with:\n ['run', '--select', 'fqn:verdanta_project.marts.fct_order_item', '--project-dir', '/tmp/tmpqs7rxihz', '--profiles-dir', '/tmp/cosmos/profile/1922feb8ca1009fb7100ee4968074ed46f63552d8d832d8d38dda5163b9c3f18', '--profile', 'verdanta_project', '--target', 'dev', '--no-static-parser']\n in /tmp/tmpqs7rxihz","logger":"cosmos.dbt.runner","filename":"runner.py","lineno":95}
{"timestamp":"2026-08-29T10:40:13.790047Z","level":"info","event":"\u001b[0m10:40:13  Running with dbt=1.12.0","logger":"task.stdout"}
{"timestamp":"2026-08-29T10:40:14.754568Z","level":"warning","event":"Valid config keys have changed in V2:\n* 'allow_population_by_field_name' has been renamed to 'validate_by_name'","category":"UserWarning","filename":"/home/airflow/.local/lib/python3.13/site-packages/pydantic/_internal/_config.py","lineno":383,"logger":"py.warnings"}
{"timestamp":"2026-08-29T10:40:15.028345Z","level":"info","event":"\u001b[0m10:40:15  Registered adapter: databricks=1.10.9","logger":"task.stdout"}
{"timestamp":"2026-08-29T10:40:17.259503Z","level":"info","event":"\u001b[0m10:40:17  Found 22 models, 96 data tests, 3 seeds, 2 snapshots, 8 sources, 844 macros","logger":"task.stdout"}
{"timestamp":"2026-08-29T10:40:17.266382Z","level":"info","event":"\u001b[0m10:40:17","logger":"task.stdout"}
{"timestamp":"2026-08-29T10:40:17.266882Z","level":"info","event":"\u001b[0m10:40:17  Concurrency: 1 threads (target='dev')","logger":"task.stdout"}
{"timestamp":"2026-08-29T10:40:17.267327Z","level":"info","event":"\u001b[0m10:40:17","logger":"task.stdout"}
{"timestamp":"2026-08-29T10:40:21.663553Z","level":"info","event":"\u001b[0m10:40:21  1 of 1 START sql incremental model gold.fct_order_item ......................... [RUN]","logger":"task.stdout"}
{"timestamp":"2026-08-29T10:40:21.742956Z","level":"info","event":"\u001b[0m10:40:21  [\u001b[33mWARNING\u001b[0m]: Use revamped materializations based on separating create and insert.  This allows more performant column comments, as well as new column features.","logger":"task.stdout"}
{"timestamp":"2026-08-29T10:40:21.743407Z","level":"info","event":"You may opt into the new behavior sooner by setting `flags.use_materialization_v2` to `True` in `dbt_project.yml`.","logger":"task.stdout"}
{"timestamp":"2026-08-29T10:40:21.743680Z","level":"info","event":"Visit https://docs.getdbt.com/reference/global-configs/behavior-changes for more information.","logger":"task.stdout"}
{"timestamp":"2026-08-29T10:40:35.742011Z","level":"info","event":"\u001b[0m10:40:35  1 of 1 OK created sql incremental model gold.fct_order_item .................... [\u001b[32mOK\u001b[0m in 14.08s]","logger":"task.stdout"}
{"timestamp":"2026-08-29T10:40:35.750667Z","level":"info","event":"\u001b[0m10:40:35","logger":"task.stdout"}
{"timestamp":"2026-08-29T10:40:35.751199Z","level":"info","event":"\u001b[0m10:40:35  Finished running 1 incremental model in 0 hours 0 minutes and 18.48 seconds (18.48s).","logger":"task.stdout"}
{"timestamp":"2026-08-29T10:40:35.854933Z","level":"info","event":"\u001b[0m10:40:35","logger":"task.stdout"}
{"timestamp":"2026-08-29T10:40:35.855489Z","level":"info","event":"\u001b[0m10:40:35  \u001b[32mCompleted successfully\u001b[0m","logger":"task.stdout"}
{"timestamp":"2026-08-29T10:40:35.856193Z","level":"info","event":"\u001b[0m10:40:35","logger":"task.stdout"}
{"timestamp":"2026-08-29T10:40:35.856905Z","level":"info","event":"\u001b[0m10:40:35  Done. PASS=1 WARN=0 ERROR=0 SKIP=0 NO-OP=0 REUSED=0 TOTAL=1","logger":"task.stdout"}
{"timestamp":"2026-08-29T10:40:36.704537Z","level":"warning","event":"Airflow 3.0.0 Asset (Dataset) URIs validation rules changed and OpenLineage URIs (standard used by Cosmos) are no longer accepted. Therefore, if using Cosmos with Airflow 3, the Airflow Asset (Dataset) URI is now <databricks://dbc-9dabf5c9-756d.cloud.databricks.com/verdanta_dev/gold/dim_country>. Before, with Airflow 2.x, the URI used to be <databricks://dbc-9dabf5c9-756d.cloud.databricks.com/verdanta_dev.gold.dim_country>. Please, change any DAGs that were scheduled using the old standard to the new one.","logger":"cosmos.dataset","filename":"dataset.py","lineno":237}
{"timestamp":"2026-08-29T10:40:38.713662Z","level":"warning","event":"Airflow 3.0.0 Asset (Dataset) URIs validation rules changed and OpenLineage URIs (standard used by Cosmos) are no longer accepted. Therefore, if using Cosmos with Airflow 3, the Airflow Asset (Dataset) URI is now <databricks://dbc-9dabf5c9-756d.cloud.databricks.com/verdanta_dev/gold/fct_order_item>. Before, with Airflow 2.x, the URI used to be <databricks://dbc-9dabf5c9-756d.cloud.databricks.com/verdanta_dev.gold.fct_order_item>. Please, change any DAGs that were scheduled using the old standard to the new one.","logger":"cosmos.dataset","filename":"dataset.py","lineno":237}
{"timestamp":"2026-08-29T10:40:38.714428Z","level":"info","event":"Inlets: [Asset(name='databricks://dbc-9dabf5c9-756d.cloud.databricks.com/verdanta_dev/gold/dim_country', uri='databricks://dbc-9dabf5c9-756d.cloud.databricks.com/verdanta_dev/gold/dim_country', group='asset', extra={}, watchers=[]), Asset(name='databricks://dbc-9dabf5c9-756d.cloud.databricks.com/verdanta_dev/gold/dim_customer', uri='databricks://dbc-9dabf5c9-756d.cloud.databricks.com/verdanta_dev/gold/dim_customer', group='asset', extra={}, watchers=[]), Asset(name='databricks://dbc-9dabf5c9-756d.cloud.databricks.com/verdanta_dev/gold/dim_date', uri='databricks://dbc-9dabf5c9-756d.cloud.databricks.com/verdanta_dev/gold/dim_date', group='asset', extra={}, watchers=[]), Asset(name='databricks://dbc-9dabf5c9-756d.cloud.databricks.com/verdanta_dev/gold/dim_employee', uri='databricks://dbc-9dabf5c9-756d.cloud.databricks.com/verdanta_dev/gold/dim_employee', group='asset', extra={}, watchers=[]), Asset(name='databricks://dbc-9dabf5c9-756d.cloud.databricks.com/verdanta_dev/gold/dim_product', uri='databricks://dbc-9dabf5c9-756d.cloud.databricks.com/verdanta_dev/gold/dim_product', group='asset', extra={}, watchers=[]), Asset(name='databricks://dbc-9dabf5c9-756d.cloud.databricks.com/verdanta_dev/gold/dim_store', uri='databricks://dbc-9dabf5c9-756d.cloud.databricks.com/verdanta_dev/gold/dim_store', group='asset', extra={}, watchers=[]), Asset(name='databricks://dbc-9dabf5c9-756d.cloud.databricks.com/verdanta_dev/silver/int_order_items_fx', uri='databricks://dbc-9dabf5c9-756d.cloud.databricks.com/verdanta_dev/silver/int_order_items_fx', group='asset', extra={}, watchers=[])]","logger":"cosmos.operators.base","filename":"local.py","lineno":595}
{"timestamp":"2026-08-29T10:40:38.714549Z","level":"info","event":"Outlets: [Asset(name='databricks://dbc-9dabf5c9-756d.cloud.databricks.com/verdanta_dev/gold/fct_order_item', uri='databricks://dbc-9dabf5c9-756d.cloud.databricks.com/verdanta_dev/gold/fct_order_item', group='asset', extra={}, watchers=[])]","logger":"cosmos.operators.base","filename":"local.py","lineno":596}
{"timestamp":"2026-08-29T10:40:38.714663Z","level":"info","event":"Assigning outlets with DatasetAlias in Airflow 3","logger":"cosmos.operators.base","filename":"local.py","lineno":901}
