[0m13:01:04.333960 [debug] [MainThread]: Sending event: {'category': 'dbt', 'action': 'invocation', 'label': 'start', 'context': [<snowplow_tracker.self_describing_json.SelfDescribingJson object at 0x000001ED26081040>, <snowplow_tracker.self_describing_json.SelfDescribingJson object at 0x000001ED26B6AD80>, <snowplow_tracker.self_describing_json.SelfDescribingJson object at 0x000001ED27C6C380>]}


============================== 13:01:04.464145 | c0da8280-35a5-4394-b86b-8615c36e7016 ==============================
[0m13:01:04.464145 [info ] [MainThread]: Running with dbt=1.12.0
[0m13:01:04.465144 [debug] [MainThread]: running dbt with arguments {'maximum_seed_size_mib': '1', 'no_print': 'None', 'static_parser': 'True', 'target_path': 'None', 'warn_error_options': 'WarnErrorOptionsV2(error=[], warn=[], silence=[])', 'version_check': 'True', 'printer_width': '80', 'write_json': 'True', 'empty': 'None', 'log_cache_events': 'False', 'introspect': 'True', 'cache_selected_only': 'False', 'fail_fast': 'False', 'debug': 'False', 'log_format': 'default', 'profiles_dir': 'C:\\Users\\vladc\\.dbt', 'send_anonymous_usage_stats': 'True', 'quiet': 'False', 'warn_error': 'None', 'partial_parse': 'True', 'indirect_selection': 'eager', 'hints_enabled': 'True', 'invocation_command': 'dbt init', 'use_experimental_parser': 'False', 'use_colors': 'True', 'log_path': 'logs'}
[0m13:07:08.450700 [debug] [MainThread]: Starter project path: D:\dev\verdanta-lakehouse\.venv\Lib\site-packages\dbt\include\starter_project
[0m13:07:08.492806 [info ] [MainThread]: Setting up your profile.
[0m13:07:17.215582 [debug] [MainThread]: Spark adapter: Setting pyhive.hive logging to ERROR
[0m13:07:17.217597 [debug] [MainThread]: Spark adapter: Setting thrift.transport logging to ERROR
[0m13:07:17.217597 [debug] [MainThread]: Spark adapter: Setting thrift.protocol logging to ERROR
[0m13:40:01.772914 [info ] [MainThread]: Profile verdanta_project written to C:\Users\vladc\.dbt\profiles.yml using target's profile_template.yml and your supplied values.
[0m13:40:01.807525 [info ] [MainThread]: Running dbt debug to validate the project...
[0m13:40:01.808552 [info ] [MainThread]: dbt version: 1.12.0
[0m13:40:01.809553 [info ] [MainThread]: python version: 3.12.12
[0m13:40:01.809553 [info ] [MainThread]: python path: D:\dev\verdanta-lakehouse\.venv\Scripts\python.exe
[0m13:40:01.809553 [info ] [MainThread]: os info: Windows-11-10.0.26200-SP0
[0m13:40:01.873926 [info ] [MainThread]: Using profiles dir at C:\Users\vladc\.dbt
[0m13:40:01.873926 [info ] [MainThread]: Using profiles.yml file at C:\Users\vladc\.dbt\profiles.yml
[0m13:40:01.873926 [info ] [MainThread]: Using dbt_project.yml file at D:\dev\verdanta-lakehouse\verdanta_project\dbt_project.yml
[0m13:40:01.873926 [info ] [MainThread]: adapter type: databricks
[0m13:40:01.873926 [info ] [MainThread]: adapter version: 1.10.9
[0m13:40:01.966947 [info ] [MainThread]: Configuration:
[0m13:40:01.967947 [info ] [MainThread]:   profiles.yml file [[32mOK found and valid[0m]
[0m13:40:01.967947 [info ] [MainThread]:   dbt_project.yml file [[32mOK found and valid[0m]
[0m13:40:01.968950 [info ] [MainThread]: Required dependencies:
[0m13:40:01.968950 [debug] [MainThread]: Executing "git --help"
[0m13:40:02.003745 [debug] [MainThread]: STDOUT: "b"usage: git [-v | --version] [-h | --help] [-C <path>] [-c <name>=<value>]\n           [--exec-path[=<path>]] [--html-path] [--man-path] [--info-path]\n           [-p | --paginate | -P | --no-pager] [--no-replace-objects] [--no-lazy-fetch]\n           [--no-optional-locks] [--no-advice] [--bare] [--git-dir=<path>]\n           [--work-tree=<path>] [--namespace=<name>] [--config-env=<name>=<envvar>]\n           <command> [<args>]\n\nThese are common Git commands used in various situations:\n\nstart a working area (see also: git help tutorial)\n   clone      Clone a repository into a new directory\n   init       Create an empty Git repository or reinitialize an existing one\n\nwork on the current change (see also: git help everyday)\n   add        Add file contents to the index\n   mv         Move or rename a file, a directory, or a symlink\n   restore    Restore working tree files\n   rm         Remove files from the working tree and from the index\n\nexamine the history and state (see also: git help revisions)\n   bisect     Use binary search to find the commit that introduced a bug\n   diff       Show changes between commits, commit and working tree, etc\n   grep       Print lines matching a pattern\n   log        Show commit logs\n   show       Show various types of objects\n   status     Show the working tree status\n\ngrow, mark and tweak your common history\n   backfill   Download missing objects in a partial clone\n   branch     List, create, or delete branches\n   commit     Record changes to the repository\n   merge      Join two or more development histories together\n   rebase     Reapply commits on top of another base tip\n   reset      Reset current HEAD to the specified state\n   switch     Switch branches\n   tag        Create, list, delete or verify a tag object signed with GPG\n\ncollaborate (see also: git help workflows)\n   fetch      Download objects and refs from another repository\n   pull       Fetch from and integrate with another repository or a local branch\n   push       Update remote refs along with associated objects\n\n'git help -a' and 'git help -g' list available subcommands and some\nconcept guides. See 'git help <command>' or 'git help <concept>'\nto read about a specific subcommand or concept.\nSee 'git help git' for an overview of the system.\n""
[0m13:40:02.005200 [debug] [MainThread]: STDERR: "b''"
[0m13:40:02.005200 [info ] [MainThread]:  - git [[32mOK found[0m]

[0m13:40:02.006199 [info ] [MainThread]: Connection:
[0m13:40:02.006199 [info ] [MainThread]:   host: dbc-9dabf5c9-756d.cloud.databricks.com
[0m13:40:02.006199 [info ] [MainThread]:   http_path: /sql/1.0/warehouses/6b5884a11a6d64b4
[0m13:40:02.007199 [info ] [MainThread]:   catalog: verdanta_dev
[0m13:40:02.007199 [info ] [MainThread]:   schema: silver
[0m13:40:02.007199 [info ] [MainThread]: Registered adapter: databricks=1.10.9
[0m13:40:02.353146 [debug] [MainThread]: Databricks adapter: DatabricksDBTConnection(session-id=None, name=debug) - Creating connection
[0m13:40:02.353146 [debug] [MainThread]: Acquiring new databricks connection 'debug'
[0m13:40:02.353146 [debug] [MainThread]: Using databricks connection "debug"
[0m13:40:02.353146 [debug] [MainThread]: On debug: select 1 as id
[0m13:40:02.353146 [debug] [MainThread]: Opening a new connection, currently in state init
[0m13:40:04.022061 [debug] [MainThread]: Databricks adapter: Connection(session-id=01f190ba-041a-13b7-b983-9cca10bdce71) - Created
[0m13:40:15.159982 [debug] [MainThread]: SQL status: OK in 12.810 seconds
[0m13:40:15.160983 [debug] [MainThread]: Databricks adapter: Cursor(session-id=01f190ba-041a-13b7-b983-9cca10bdce71, command-id=01f190ba-04a7-16a7-b72b-75099d9e655d) - Closing
[0m13:40:15.463684 [debug] [MainThread]: On debug: Close
[0m13:40:15.464207 [debug] [MainThread]: Databricks adapter: Connection(session-id=01f190ba-041a-13b7-b983-9cca10bdce71) - Closing
[0m13:40:15.663401 [info ] [MainThread]:   Connection test: [[32mOK connection ok[0m]

[0m13:40:15.664405 [info ] [MainThread]: [32mAll checks passed![0m
[0m13:40:15.664405 [info ] [MainThread]: Your new dbt project "verdanta_project" was created!
Initialized new project in D:\dev\verdanta-lakehouse\verdanta_project\verdanta_project

For more information on how to configure the profiles.yml file,
please consult the dbt documentation here:

  https://docs.getdbt.com/docs/configure-your-profile

One more thing:

Need help? Don't hesitate to reach out to us via GitHub issues or on Slack:

  https://community.getdbt.com/

Happy modeling!

[0m13:40:15.665407 [debug] [MainThread]: Command `dbt init` succeeded at 13:40:15.665407 after 2351.53 seconds
[0m13:40:15.665407 [debug] [MainThread]: Sending event: {'category': 'dbt', 'action': 'invocation', 'label': 'end', 'context': [<snowplow_tracker.self_describing_json.SelfDescribingJson object at 0x000001ED2A01DF40>, <snowplow_tracker.self_describing_json.SelfDescribingJson object at 0x000001ED28D79430>, <snowplow_tracker.self_describing_json.SelfDescribingJson object at 0x000001ED2A5D2FF0>]}
[0m13:40:15.666406 [debug] [MainThread]: Flushing usage events
[0m13:40:16.183467 [debug] [MainThread]: An error was encountered while trying to flush usage events
[0m15:08:24.748098 [debug] [MainThread]: Sending event: {'category': 'dbt', 'action': 'invocation', 'label': 'start', 'context': [<snowplow_tracker.self_describing_json.SelfDescribingJson object at 0x0000023F29BEE3C0>, <snowplow_tracker.self_describing_json.SelfDescribingJson object at 0x0000023F288270B0>, <snowplow_tracker.self_describing_json.SelfDescribingJson object at 0x0000023F2D7FC8C0>]}


============================== 15:08:24.753954 | 7988b6f7-1c4f-44c1-b8cf-d11be6784c24 ==============================
[0m15:08:24.753954 [info ] [MainThread]: Running with dbt=1.12.0
[0m15:08:24.753954 [debug] [MainThread]: running dbt with arguments {'maximum_seed_size_mib': '1', 'no_print': 'None', 'version_check': 'True', 'target_path': 'None', 'static_parser': 'True', 'warn_error_options': 'WarnErrorOptionsV2(error=[], warn=[], silence=[])', 'printer_width': '80', 'write_json': 'True', 'introspect': 'True', 'log_cache_events': 'False', 'empty': 'False', 'cache_selected_only': 'False', 'fail_fast': 'False', 'debug': 'False', 'log_format': 'default', 'profiles_dir': 'D:\\dev\\verdanta-lakehouse', 'send_anonymous_usage_stats': 'True', 'quiet': 'False', 'warn_error': 'None', 'partial_parse': 'True', 'indirect_selection': 'eager', 'hints_enabled': 'True', 'invocation_command': 'dbt seed', 'use_experimental_parser': 'False', 'use_colors': 'True', 'log_path': 'logs'}
[0m15:08:24.753954 [error] [MainThread]: [[31mERROR[0m]: Encountered an error:
Runtime Error
  No dbt_project.yml found at expected path D:\dev\verdanta-lakehouse\dbt_project.yml
  Verify that each entry within packages.yml (and their transitive dependencies) contains a file named dbt_project.yml
  
[0m15:08:24.753954 [debug] [MainThread]: Command `dbt seed` failed at 15:08:24.753954 after 0.20 seconds
[0m15:08:24.753954 [debug] [MainThread]: Sending event: {'category': 'dbt', 'action': 'invocation', 'label': 'end', 'context': [<snowplow_tracker.self_describing_json.SelfDescribingJson object at 0x0000023F29BEE3C0>, <snowplow_tracker.self_describing_json.SelfDescribingJson object at 0x0000023F2B1F81A0>, <snowplow_tracker.self_describing_json.SelfDescribingJson object at 0x0000023F2BC467B0>]}
[0m15:08:24.753954 [debug] [MainThread]: Flushing usage events
[0m15:08:25.454889 [debug] [MainThread]: An error was encountered while trying to flush usage events
[0m12:46:37.431751 [debug] [MainThread]: Sending event: {'category': 'dbt', 'action': 'invocation', 'label': 'start', 'context': [<snowplow_tracker.self_describing_json.SelfDescribingJson object at 0x000001EE74658F20>, <snowplow_tracker.self_describing_json.SelfDescribingJson object at 0x000001EE74B9E330>, <snowplow_tracker.self_describing_json.SelfDescribingJson object at 0x000001EE72193A70>]}


============================== 12:46:37.432798 | 5f89f87e-188a-4ee6-b537-084108456b55 ==============================
[0m12:46:37.432798 [info ] [MainThread]: Running with dbt=1.12.0
[0m12:46:37.432798 [debug] [MainThread]: running dbt with arguments {'maximum_seed_size_mib': '1', 'no_print': 'None', 'static_parser': 'True', 'warn_error_options': 'WarnErrorOptionsV2(error=[], warn=[], silence=[])', 'target_path': 'None', 'version_check': 'True', 'printer_width': '80', 'write_json': 'True', 'empty': 'False', 'log_cache_events': 'False', 'introspect': 'True', 'cache_selected_only': 'False', 'fail_fast': 'False', 'debug': 'False', 'log_format': 'default', 'partial_parse': 'True', 'send_anonymous_usage_stats': 'True', 'quiet': 'False', 'warn_error': 'None', 'profiles_dir': 'D:\\dev\\verdanta-lakehouse', 'indirect_selection': 'eager', 'hints_enabled': 'True', 'use_colors': 'True', 'use_experimental_parser': 'False', 'invocation_command': 'dbt run --select staging', 'log_path': 'logs'}
[0m12:46:37.432798 [error] [MainThread]: [[31mERROR[0m]: Encountered an error:
Runtime Error
  No dbt_project.yml found at expected path D:\dev\verdanta-lakehouse\dbt_project.yml
  Verify that each entry within packages.yml (and their transitive dependencies) contains a file named dbt_project.yml
  
[0m12:46:37.432798 [debug] [MainThread]: Command `dbt run` failed at 12:46:37.432798 after 0.18 seconds
[0m12:46:37.432798 [debug] [MainThread]: Sending event: {'category': 'dbt', 'action': 'invocation', 'label': 'end', 'context': [<snowplow_tracker.self_describing_json.SelfDescribingJson object at 0x000001EE73F66030>, <snowplow_tracker.self_describing_json.SelfDescribingJson object at 0x000001EE74B9E330>, <snowplow_tracker.self_describing_json.SelfDescribingJson object at 0x000001EE74658F20>]}
[0m12:46:37.432798 [debug] [MainThread]: Flushing usage events
[0m12:46:38.052489 [debug] [MainThread]: An error was encountered while trying to flush usage events
[0m12:47:18.224246 [debug] [MainThread]: Sending event: {'category': 'dbt', 'action': 'invocation', 'label': 'start', 'context': [<snowplow_tracker.self_describing_json.SelfDescribingJson object at 0x0000018D052F8800>, <snowplow_tracker.self_describing_json.SelfDescribingJson object at 0x0000018D05212270>, <snowplow_tracker.self_describing_json.SelfDescribingJson object at 0x0000018D06CD9700>]}


============================== 12:47:18.224246 | 7d4af089-2f38-4717-bd60-842c1197104a ==============================
[0m12:47:18.224246 [info ] [MainThread]: Running with dbt=1.12.0
[0m12:47:18.224246 [debug] [MainThread]: running dbt with arguments {'version_check': 'True', 'no_print': 'None', 'static_parser': 'True', 'warn_error_options': 'WarnErrorOptionsV2(error=[], warn=[], silence=[])', 'target_path': 'None', 'maximum_seed_size_mib': '1', 'printer_width': '80', 'write_json': 'True', 'introspect': 'True', 'log_cache_events': 'False', 'empty': 'False', 'cache_selected_only': 'False', 'fail_fast': 'False', 'debug': 'False', 'log_format': 'default', 'partial_parse': 'True', 'send_anonymous_usage_stats': 'True', 'quiet': 'False', 'warn_error': 'None', 'profiles_dir': 'D:\\dev\\verdanta-lakehouse', 'indirect_selection': 'eager', 'hints_enabled': 'True', 'invocation_command': 'dbt run --select stg_crm__customers', 'use_experimental_parser': 'False', 'use_colors': 'True', 'log_path': 'logs'}
[0m12:47:18.224246 [error] [MainThread]: [[31mERROR[0m]: Encountered an error:
Runtime Error
  No dbt_project.yml found at expected path D:\dev\verdanta-lakehouse\dbt_project.yml
  Verify that each entry within packages.yml (and their transitive dependencies) contains a file named dbt_project.yml
  
[0m12:47:18.224246 [debug] [MainThread]: Command `dbt run` failed at 12:47:18.224246 after 0.12 seconds
[0m12:47:18.230271 [debug] [MainThread]: Sending event: {'category': 'dbt', 'action': 'invocation', 'label': 'end', 'context': [<snowplow_tracker.self_describing_json.SelfDescribingJson object at 0x0000018D01BFB230>, <snowplow_tracker.self_describing_json.SelfDescribingJson object at 0x0000018D06D071D0>, <snowplow_tracker.self_describing_json.SelfDescribingJson object at 0x0000018D052F8800>]}
[0m12:47:18.230271 [debug] [MainThread]: Flushing usage events
[0m12:47:18.763334 [debug] [MainThread]: An error was encountered while trying to flush usage events
[0m11:42:53.190855 [debug] [MainThread]: Sending event: {'category': 'dbt', 'action': 'invocation', 'label': 'start', 'context': [<snowplow_tracker.self_describing_json.SelfDescribingJson object at 0x000001F2B4B02120>, <snowplow_tracker.self_describing_json.SelfDescribingJson object at 0x000001F2B52208F0>, <snowplow_tracker.self_describing_json.SelfDescribingJson object at 0x000001F2B7806AB0>]}


============================== 11:42:53.190855 | da04f377-df04-4790-b921-269fb93b9fa6 ==============================
[0m11:42:53.190855 [info ] [MainThread]: Running with dbt=1.12.0
[0m11:42:53.200031 [debug] [MainThread]: running dbt with arguments {'maximum_seed_size_mib': '1', 'no_print': 'None', 'version_check': 'True', 'warn_error_options': 'WarnErrorOptionsV2(error=[], warn=[], silence=[])', 'target_path': 'None', 'static_parser': 'True', 'printer_width': '80', 'write_json': 'True', 'empty': 'None', 'log_cache_events': 'False', 'introspect': 'True', 'cache_selected_only': 'False', 'log_format': 'default', 'debug': 'False', 'fail_fast': 'False', 'profiles_dir': 'D:\\dev\\verdanta-lakehouse', 'send_anonymous_usage_stats': 'True', 'quiet': 'False', 'warn_error': 'None', 'partial_parse': 'True', 'indirect_selection': 'eager', 'hints_enabled': 'True', 'use_colors': 'True', 'use_experimental_parser': 'False', 'invocation_command': 'dbt deps', 'log_path': 'logs'}
[0m11:42:53.201045 [error] [MainThread]: [[31mERROR[0m]: Encountered an error:
Runtime Error
  No dbt_project.yml found at expected path D:\dev\verdanta-lakehouse\dbt_project.yml
  Verify that each entry within packages.yml (and their transitive dependencies) contains a file named dbt_project.yml
  
[0m11:42:53.201655 [debug] [MainThread]: Command `dbt deps` failed at 11:42:53.201045 after 0.12 seconds
[0m11:42:53.201655 [debug] [MainThread]: Sending event: {'category': 'dbt', 'action': 'invocation', 'label': 'end', 'context': [<snowplow_tracker.self_describing_json.SelfDescribingJson object at 0x000001F2B9218E30>, <snowplow_tracker.self_describing_json.SelfDescribingJson object at 0x000001F2B71095B0>, <snowplow_tracker.self_describing_json.SelfDescribingJson object at 0x000001F2B9448AD0>]}
[0m11:42:53.201655 [debug] [MainThread]: Flushing usage events
[0m11:42:53.711221 [debug] [MainThread]: An error was encountered while trying to flush usage events
