{"timestamp":"2026-08-27T23:22:23.484829Z","level":"warning","event":"section/key [openlineage/namespace] not found in config","logger":"airflow.sdk._shared.configuration.parser","filename":"parser.py","lineno":1360}
{"timestamp":"2026-08-27T23:22:23.888945Z","level":"info","event":"DAG bundles loaded: dags-folder","logger":"airflow.dag_processing.bundles.manager.DagBundlesManager","filename":"manager.py","lineno":209}
{"timestamp":"2026-08-27T23:22:23.891095Z","level":"info","event":"Filling up the DagBag from /opt/airflow/dags/verdanta_daily.py","logger":"airflow.dag_processing.dagbag.BundleDagBag","filename":"dagbag.py","lineno":469}
{"timestamp":"2026-08-27T23:22:23.966888Z","level":"warning","event":"Skipping masking for a secret as it's too short (<5 chars)","logger":"airflow.sdk._shared.secrets_masker.secrets_masker","filename":"secrets_masker.py","lineno":577}
{"timestamp":"2026-08-27T23:22:23.974252Z","level":"info","event":"::group::Cosmos DAG parsing logs","logger":"cosmos.converter","filename":"converter.py","lineno":321}
{"timestamp":"2026-08-27T23:22:23.977042Z","level":"info","event":"Cosmos cache dir resolved to /tmp/cosmos/verdanta_daily__dbt_daily","logger":"cosmos.converter","filename":"converter.py","lineno":346}
{"timestamp":"2026-08-27T23:22:23.977442Z","level":"info","event":"Trying to parse the dbt project using dbt ls cache cosmos_cache__verdanta_daily__dbt_daily...","logger":"cosmos.dbt.graph","filename":"graph.py","lineno":869}
{"timestamp":"2026-08-27T23:22:24.146715Z","level":"info","event":"Cosmos performance: time to calculate cache identifier cosmos_cache__verdanta_daily__dbt_daily for current version: 0.1450922139999875","logger":"cosmos.cache","filename":"cache.py","lineno":401}
{"timestamp":"2026-08-27T23:22:24.146935Z","level":"info","event":"Cosmos performance [a65d12c8b0f2|120]: The cache size for cosmos_cache__verdanta_daily__dbt_daily is 81421","logger":"cosmos.dbt.graph","filename":"graph.py","lineno":886}
{"timestamp":"2026-08-27T23:22:24.149646Z","level":"info","event":"Cosmos performance: Cache hit for cosmos_cache__verdanta_daily__dbt_daily - 7ef252dbf94f4e7f8dda113986a456cc,ff67f1985ea8a9c639de2e1985ae4cf7","logger":"cosmos.dbt.graph","filename":"graph.py","lineno":898}
{"timestamp":"2026-08-27T23:22:24.149956Z","level":"info","event":"Total nodes: 91","logger":"cosmos.dbt.graph","filename":"graph.py","lineno":799}
{"timestamp":"2026-08-27T23:22:24.150046Z","level":"info","event":"Total filtered nodes: 91","logger":"cosmos.dbt.graph","filename":"graph.py","lineno":800}
{"timestamp":"2026-08-27T23:22:24.150132Z","level":"info","event":"Cosmos performance (verdanta_daily__dbt_daily) - [a65d12c8b0f2|120]: It took 0.173s to parse the dbt project for DAG using LoadMode.DBT_LS_CACHE","logger":"cosmos.converter","filename":"converter.py","lineno":371}
{"timestamp":"2026-08-27T23:22:24.252425Z","level":"info","event":"Cosmos performance (verdanta_daily__dbt_daily) - [a65d12c8b0f2|120]: It took 0.102s to build the Airflow DAG.","logger":"cosmos.converter","filename":"converter.py","lineno":423}
{"timestamp":"2026-08-27T23:22:24.252647Z","level":"info","event":"::endgroup::Cosmos DAG parsing logs","logger":"cosmos.converter","filename":"converter.py","lineno":430}
{"timestamp":"2026-08-27T23:22:24.253515Z","level":"warning","event":"Using Variable.get from `airflow.models` is deprecated.Please use `get` on Variable from sdk(`airflow.sdk.Variable`) instead","category":"UserWarning","filename":"/home/airflow/.local/lib/python3.13/site-packages/airflow/models/variable.py","lineno":158,"logger":"py.warnings"}
{"timestamp":"2026-08-27T23:22:26.253881Z","level":"info","event":"dbtRunner is available. Using dbtRunner for invoking dbt.","logger":"cosmos.operators.base","filename":"local.py","lineno":295}
{"timestamp":"2026-08-27T23:22:26.255577Z","level":"info","event":"Cloning project to writable temp directory /tmp/tmp3kb8pqe7 from /opt/airflow/dbt/verdanta_project","logger":"cosmos.operators.base","filename":"local.py","lineno":519}
{"timestamp":"2026-08-27T23:22:26.269170Z","level":"info","event":"Partial parse is enabled and the latest partial parse file is /opt/airflow/dbt/verdanta_project/target/partial_parse.msgpack","logger":"cosmos.operators.base","filename":"local.py","lineno":539}
{"timestamp":"2026-08-27T23:22:26.398177Z","level":"info","event":"Profile caching is enable.","logger":"cosmos.config","filename":"config.py","lineno":399}
{"timestamp":"2026-08-27T23:22:26.443961Z","level":"info","event":"Profile found in cache using profile: /tmp/cosmos/profile/6b8ea799dc113f1dd3bbe9d31d4e2b50be1e9a4a8103a2b146974d24f2f9097c/profiles.yml.","logger":"cosmos.config","filename":"config.py","lineno":379}
{"timestamp":"2026-08-27T23:22:26.452047Z","level":"info","event":"Trying to run dbtRunner with:\n ['deps', '--project-dir', '/tmp/tmp3kb8pqe7', '--profiles-dir', '/tmp/cosmos/profile/6b8ea799dc113f1dd3bbe9d31d4e2b50be1e9a4a8103a2b146974d24f2f9097c', '--profile', 'verdanta_project', '--target', 'dev', '--no-static-parser']\n in /tmp/tmp3kb8pqe7","logger":"cosmos.dbt.runner","filename":"runner.py","lineno":95}
{"timestamp":"2026-08-27T23:22:26.792053Z","level":"info","event":"\u001b[0m23:22:26  Running with dbt=1.12.0","logger":"task.stdout"}
{"timestamp":"2026-08-27T23:22:27.585354Z","level":"info","event":"\u001b[0m23:22:27  Installing dbt-labs/dbt_utils","logger":"task.stdout"}
{"timestamp":"2026-08-27T23:22:28.101486Z","level":"info","event":"\u001b[0m23:22:28  Installed from version 1.4.1","logger":"task.stdout"}
{"timestamp":"2026-08-27T23:22:28.102109Z","level":"info","event":"\u001b[0m23:22:28  Up to date!","logger":"task.stdout"}
{"timestamp":"2026-08-27T23:22:29.777488Z","level":"info","event":"Trying to run dbtRunner with:\n ['run', '--select', 'fqn:verdanta_project.marts.dim_country', '--project-dir', '/tmp/tmp3kb8pqe7', '--profiles-dir', '/tmp/cosmos/profile/6b8ea799dc113f1dd3bbe9d31d4e2b50be1e9a4a8103a2b146974d24f2f9097c', '--profile', 'verdanta_project', '--target', 'dev', '--no-static-parser']\n in /tmp/tmp3kb8pqe7","logger":"cosmos.dbt.runner","filename":"runner.py","lineno":95}
{"timestamp":"2026-08-27T23:22:29.850913Z","level":"info","event":"\u001b[0m23:22:29  Running with dbt=1.12.0","logger":"task.stdout"}
{"timestamp":"2026-08-27T23:22:33.762472Z","level":"warning","event":"Valid config keys have changed in V2:\n* 'allow_population_by_field_name' has been renamed to 'validate_by_name'","category":"UserWarning","filename":"/home/airflow/.local/lib/python3.13/site-packages/pydantic/_internal/_config.py","lineno":383,"logger":"py.warnings"}
{"timestamp":"2026-08-27T23:22:34.278504Z","level":"info","event":"\u001b[0m23:22:34  Registered adapter: databricks=1.10.9","logger":"task.stdout"}
{"timestamp":"2026-08-27T23:22:35.910345Z","level":"info","event":"\u001b[0m23:22:35  Unable to do partial parsing because profile has changed","logger":"task.stdout"}
{"timestamp":"2026-08-27T23:22:42.517439Z","level":"info","event":"\u001b[0m23:22:42  [\u001b[33mWARNING\u001b[0m][MissingArgumentsPropertyInGenericTestDeprecation]: Deprecated","logger":"task.stdout"}
{"timestamp":"2026-08-27T23:22:42.517955Z","level":"info","event":"functionality","logger":"task.stdout"}
{"timestamp":"2026-08-27T23:22:42.518318Z","level":"info","event":"Found top-level arguments to test `relationships` defined on 'stg_erp__orders'","logger":"task.stdout"}
{"timestamp":"2026-08-27T23:22:42.518620Z","level":"info","event":"in package 'verdanta_project' (models/staging/properties.yml). Arguments to","logger":"task.stdout"}
{"timestamp":"2026-08-27T23:22:42.518908Z","level":"info","event":"generic tests should be nested under the `arguments` property.","logger":"task.stdout"}
{"timestamp":"2026-08-27T23:22:43.921223Z","level":"info","event":"\u001b[0m23:22:43  Found 22 models, 96 data tests, 3 seeds, 2 snapshots, 8 sources, 844 macros","logger":"task.stdout"}
{"timestamp":"2026-08-27T23:22:43.929691Z","level":"info","event":"\u001b[0m23:22:43","logger":"task.stdout"}
{"timestamp":"2026-08-27T23:22:43.930529Z","level":"info","event":"\u001b[0m23:22:43  Concurrency: 1 threads (target='dev')","logger":"task.stdout"}
{"timestamp":"2026-08-27T23:22:43.931304Z","level":"info","event":"\u001b[0m23:22:43","logger":"task.stdout"}
{"timestamp":"2026-08-27T23:22:43.942015Z","level":"info","event":"\u001b[0m23:22:43","logger":"task.stdout"}
{"timestamp":"2026-08-27T23:22:43.942712Z","level":"info","event":"\u001b[0m23:22:43  Finished running  in 0 hours 0 minutes and 0.01 seconds (0.01s).","logger":"task.stdout"}
{"timestamp":"2026-08-27T23:22:43.943334Z","level":"info","event":"\u001b[0m23:22:43  [\u001b[31mERROR\u001b[0m]: Encountered an error:","logger":"task.stdout"}
{"timestamp":"2026-08-27T23:22:43.943581Z","level":"info","event":"Database Error","logger":"task.stdout"}
{"timestamp":"2026-08-27T23:22:43.943823Z","level":"info","event":"  Runtime Error","logger":"task.stdout"}
{"timestamp":"2026-08-27T23:22:43.944079Z","level":"info","event":"    The config 'http_path' is required to connect to Databricks","logger":"task.stdout"}
{"timestamp":"2026-08-27T23:22:43.944384Z","level":"info","event":"\u001b[0m23:22:43  [\u001b[33mWARNING\u001b[0m][DeprecationsSummary]: Deprecated functionality","logger":"task.stdout"}
{"timestamp":"2026-08-27T23:22:43.944592Z","level":"info","event":"Summary of encountered deprecations:","logger":"task.stdout"}
{"timestamp":"2026-08-27T23:22:43.944826Z","level":"info","event":"- MissingArgumentsPropertyInGenericTestDeprecation: 9 occurrences","logger":"task.stdout"}
{"timestamp":"2026-08-27T23:22:43.945077Z","level":"info","event":"To see all deprecation instances instead of just the first occurrence of each,","logger":"task.stdout"}
{"timestamp":"2026-08-27T23:22:43.945323Z","level":"info","event":"run command again with the `--show-all-deprecations` flag. You may also need to","logger":"task.stdout"}
{"timestamp":"2026-08-27T23:22:43.945546Z","level":"info","event":"run with `--no-partial-parse` as some deprecations are only encountered during","logger":"task.stdout"}
{"timestamp":"2026-08-27T23:22:43.945755Z","level":"info","event":"parsing.","logger":"task.stdout"}
{"timestamp":"2026-08-27T23:22:44.890641Z","level":"info","event":"Inlets: []","logger":"cosmos.operators.base","filename":"local.py","lineno":595}
{"timestamp":"2026-08-27T23:22:44.890865Z","level":"info","event":"Outlets: []","logger":"cosmos.operators.base","filename":"local.py","lineno":596}
{"timestamp":"2026-08-27T23:22:44.891209Z","level":"info","event":"Assigning outlets with DatasetAlias in Airflow 3","logger":"cosmos.operators.base","filename":"local.py","lineno":901}
{"timestamp":"2026-08-27T23:22:44.912135Z","level":"error","event":"Task failed with exception","logger":"task","filename":"task_runner.py","lineno":1347,"error_detail":[{"exc_type":"CosmosDbtRunError","exc_value":"dbt invocation did not complete with unhandled error: Database Error\n  Runtime Error\n    The config 'http_path' is required to connect to Databricks","exc_notes":[],"syntax_error":null,"is_cause":false,"frames":[{"filename":"/home/airflow/.local/lib/python3.13/site-packages/airflow/sdk/execution_time/task_runner.py","lineno":1263,"name":"run"},{"filename":"/home/airflow/.local/lib/python3.13/site-packages/airflow/sdk/execution_time/task_runner.py","lineno":1678,"name":"_execute_task"},{"filename":"/home/airflow/.local/lib/python3.13/site-packages/cosmos/operators/base.py","lineno":346,"name":"execute"},{"filename":"/home/airflow/.local/lib/python3.13/site-packages/cosmos/operators/local.py","lineno":969,"name":"build_and_run_cmd"},{"filename":"/home/airflow/.local/lib/python3.13/site-packages/cosmos/operators/local.py","lineno":744,"name":"run_command"},{"filename":"/home/airflow/.local/lib/python3.13/site-packages/cosmos/operators/local.py","lineno":309,"name":"handle_exception_dbt_runner"},{"filename":"/home/airflow/.local/lib/python3.13/site-packages/cosmos/dbt/runner.py","lineno":152,"name":"handle_exception_if_needed"}],"is_group":false,"exceptions":[]}]}
{"timestamp":"2026-08-27T23:22:44.957245Z","level":"error","event":"Failed to set rendered fields during finalization","task_id":"dbt_daily.dim_country.run","dag_id":"verdanta_daily","logger":"task","filename":"task_runner.py","lineno":1780,"error_detail":[{"exc_type":"AirflowRuntimeError","exc_value":"API_SERVER_ERROR: {'status_code': 404, 'message': 'Not Found', 'detail': {'detail': 'Not Found'}}","exc_notes":[],"syntax_error":null,"is_cause":false,"frames":[{"filename":"/home/airflow/.local/lib/python3.13/site-packages/airflow/sdk/execution_time/task_runner.py","lineno":1778,"name":"finalize"},{"filename":"/home/airflow/.local/lib/python3.13/site-packages/airflow/sdk/execution_time/comms.py","lineno":219,"name":"send"},{"filename":"/home/airflow/.local/lib/python3.13/site-packages/airflow/sdk/execution_time/comms.py","lineno":313,"name":"_get_response"},{"filename":"/home/airflow/.local/lib/python3.13/site-packages/airflow/sdk/execution_time/comms.py","lineno":300,"name":"_from_frame"}],"is_group":false,"exceptions":[]}]}
{"timestamp":"2026-08-27T23:22:45.151712Z","level":"error","event":"/usr/python/lib/python3.13/multiprocessing/resource_tracker.py:400: UserWarning: resource_tracker: There appear to be 2 leaked semaphore objects to clean up at shutdown: {'/mp-bjnh4ua2', '/mp-hmrbe9ks'}","logger":"task.stderr"}
{"timestamp":"2026-08-27T23:22:45.152397Z","level":"error","event":"  warnings.warn(","logger":"task.stderr"}
{"timestamp":"2026-08-28T12:36:11.394318Z","level":"warning","event":"section/key [openlineage/namespace] not found in config","logger":"airflow.sdk._shared.configuration.parser","filename":"parser.py","lineno":1360}
{"timestamp":"2026-08-28T12:36:11.746871Z","level":"info","event":"DAG bundles loaded: dags-folder","logger":"airflow.dag_processing.bundles.manager.DagBundlesManager","filename":"manager.py","lineno":209}
{"timestamp":"2026-08-28T12:36:11.748413Z","level":"info","event":"Filling up the DagBag from /opt/airflow/dags/verdanta_daily.py","logger":"airflow.dag_processing.dagbag.BundleDagBag","filename":"dagbag.py","lineno":469}
{"timestamp":"2026-08-28T12:36:11.824970Z","level":"info","event":"::group::Cosmos DAG parsing logs","logger":"cosmos.converter","filename":"converter.py","lineno":321}
{"timestamp":"2026-08-28T12:36:11.827004Z","level":"info","event":"Cosmos cache dir resolved to /tmp/cosmos/verdanta_daily__dbt_daily","logger":"cosmos.converter","filename":"converter.py","lineno":346}
{"timestamp":"2026-08-28T12:36:11.827272Z","level":"info","event":"Trying to parse the dbt project using dbt ls cache cosmos_cache__verdanta_daily__dbt_daily...","logger":"cosmos.dbt.graph","filename":"graph.py","lineno":869}
{"timestamp":"2026-08-28T12:36:11.996701Z","level":"info","event":"Cosmos performance: time to calculate cache identifier cosmos_cache__verdanta_daily__dbt_daily for current version: 0.15665025399994192","logger":"cosmos.cache","filename":"cache.py","lineno":401}
{"timestamp":"2026-08-28T12:36:11.996945Z","level":"info","event":"Cosmos performance [74f44c1e21f0|1532]: The cache size for cosmos_cache__verdanta_daily__dbt_daily is 81421","logger":"cosmos.dbt.graph","filename":"graph.py","lineno":886}
{"timestamp":"2026-08-28T12:36:12.001528Z","level":"info","event":"Cosmos performance: Cache hit for cosmos_cache__verdanta_daily__dbt_daily - 7ef252dbf94f4e7f8dda113986a456cc,ff67f1985ea8a9c639de2e1985ae4cf7","logger":"cosmos.dbt.graph","filename":"graph.py","lineno":898}
{"timestamp":"2026-08-28T12:36:12.002376Z","level":"info","event":"Total nodes: 91","logger":"cosmos.dbt.graph","filename":"graph.py","lineno":799}
{"timestamp":"2026-08-28T12:36:12.002544Z","level":"info","event":"Total filtered nodes: 91","logger":"cosmos.dbt.graph","filename":"graph.py","lineno":800}
{"timestamp":"2026-08-28T12:36:12.002681Z","level":"info","event":"Cosmos performance (verdanta_daily__dbt_daily) - [74f44c1e21f0|1532]: It took 0.175s to parse the dbt project for DAG using LoadMode.DBT_LS_CACHE","logger":"cosmos.converter","filename":"converter.py","lineno":371}
{"timestamp":"2026-08-28T12:36:12.160248Z","level":"info","event":"Cosmos performance (verdanta_daily__dbt_daily) - [74f44c1e21f0|1532]: It took 0.158s to build the Airflow DAG.","logger":"cosmos.converter","filename":"converter.py","lineno":423}
{"timestamp":"2026-08-28T12:36:12.160539Z","level":"info","event":"::endgroup::Cosmos DAG parsing logs","logger":"cosmos.converter","filename":"converter.py","lineno":430}
{"timestamp":"2026-08-28T12:36:12.161279Z","level":"warning","event":"Using Variable.get from `airflow.models` is deprecated.Please use `get` on Variable from sdk(`airflow.sdk.Variable`) instead","category":"UserWarning","filename":"/home/airflow/.local/lib/python3.13/site-packages/airflow/models/variable.py","lineno":158,"logger":"py.warnings"}
{"timestamp":"2026-08-28T12:36:13.799990Z","level":"info","event":"dbtRunner is available. Using dbtRunner for invoking dbt.","logger":"cosmos.operators.base","filename":"local.py","lineno":295}
{"timestamp":"2026-08-28T12:36:13.801377Z","level":"info","event":"Cloning project to writable temp directory /tmp/tmpl0zjwux3 from /opt/airflow/dbt/verdanta_project","logger":"cosmos.operators.base","filename":"local.py","lineno":519}
{"timestamp":"2026-08-28T12:36:13.812655Z","level":"info","event":"Partial parse is enabled and the latest partial parse file is /tmp/cosmos/verdanta_daily__dbt_daily/target/partial_parse.msgpack","logger":"cosmos.operators.base","filename":"local.py","lineno":539}
{"timestamp":"2026-08-28T12:36:13.856165Z","level":"info","event":"Profile caching is enable.","logger":"cosmos.config","filename":"config.py","lineno":399}
{"timestamp":"2026-08-28T12:36:13.867219Z","level":"info","event":"Profile found in cache using profile: /tmp/cosmos/profile/1922feb8ca1009fb7100ee4968074ed46f63552d8d832d8d38dda5163b9c3f18/profiles.yml.","logger":"cosmos.config","filename":"config.py","lineno":379}
{"timestamp":"2026-08-28T12:36:13.874518Z","level":"info","event":"Trying to run dbtRunner with:\n ['deps', '--project-dir', '/tmp/tmpl0zjwux3', '--profiles-dir', '/tmp/cosmos/profile/1922feb8ca1009fb7100ee4968074ed46f63552d8d832d8d38dda5163b9c3f18', '--profile', 'verdanta_project', '--target', 'dev', '--no-static-parser']\n in /tmp/tmpl0zjwux3","logger":"cosmos.dbt.runner","filename":"runner.py","lineno":95}
{"timestamp":"2026-08-28T12:36:14.030682Z","level":"info","event":"\u001b[0m12:36:14  Running with dbt=1.12.0","logger":"task.stdout"}
{"timestamp":"2026-08-28T12:36:14.482681Z","level":"info","event":"\u001b[0m12:36:14  Installing dbt-labs/dbt_utils","logger":"task.stdout"}
{"timestamp":"2026-08-28T12:36:14.972656Z","level":"info","event":"\u001b[0m12:36:14  Installed from version 1.4.1","logger":"task.stdout"}
{"timestamp":"2026-08-28T12:36:14.973160Z","level":"info","event":"\u001b[0m12:36:14  Up to date!","logger":"task.stdout"}
{"timestamp":"2026-08-28T12:36:15.876712Z","level":"info","event":"Trying to run dbtRunner with:\n ['run', '--select', 'fqn:verdanta_project.marts.dim_country', '--project-dir', '/tmp/tmpl0zjwux3', '--profiles-dir', '/tmp/cosmos/profile/1922feb8ca1009fb7100ee4968074ed46f63552d8d832d8d38dda5163b9c3f18', '--profile', 'verdanta_project', '--target', 'dev', '--no-static-parser']\n in /tmp/tmpl0zjwux3","logger":"cosmos.dbt.runner","filename":"runner.py","lineno":95}
{"timestamp":"2026-08-28T12:36:15.889640Z","level":"info","event":"\u001b[0m12:36:15  Running with dbt=1.12.0","logger":"task.stdout"}
{"timestamp":"2026-08-28T12:36:17.264383Z","level":"warning","event":"Valid config keys have changed in V2:\n* 'allow_population_by_field_name' has been renamed to 'validate_by_name'","category":"UserWarning","filename":"/home/airflow/.local/lib/python3.13/site-packages/pydantic/_internal/_config.py","lineno":383,"logger":"py.warnings"}
{"timestamp":"2026-08-28T12:36:17.707045Z","level":"info","event":"\u001b[0m12:36:17  Registered adapter: databricks=1.10.9","logger":"task.stdout"}
{"timestamp":"2026-08-28T12:36:20.967054Z","level":"info","event":"\u001b[0m12:36:20  Found 22 models, 96 data tests, 3 seeds, 2 snapshots, 8 sources, 844 macros","logger":"task.stdout"}
{"timestamp":"2026-08-28T12:36:20.978307Z","level":"info","event":"\u001b[0m12:36:20","logger":"task.stdout"}
{"timestamp":"2026-08-28T12:36:20.979068Z","level":"info","event":"\u001b[0m12:36:20  Concurrency: 1 threads (target='dev')","logger":"task.stdout"}
{"timestamp":"2026-08-28T12:36:20.979702Z","level":"info","event":"\u001b[0m12:36:20","logger":"task.stdout"}
{"timestamp":"2026-08-28T12:37:31.573876Z","level":"info","event":"\u001b[0m12:37:31  1 of 1 START sql table model gold.dim_country .................................. [RUN]","logger":"task.stdout"}
{"timestamp":"2026-08-28T12:37:31.617169Z","level":"info","event":"\u001b[0m12:37:31  [\u001b[33mWARNING\u001b[0m]: Use revamped materializations based on separating create and insert.  This allows more performant column comments, as well as new column features.","logger":"task.stdout"}
{"timestamp":"2026-08-28T12:37:31.617529Z","level":"info","event":"You may opt into the new behavior sooner by setting `flags.use_materialization_v2` to `True` in `dbt_project.yml`.","logger":"task.stdout"}
{"timestamp":"2026-08-28T12:37:31.617756Z","level":"info","event":"Visit https://docs.getdbt.com/reference/global-configs/behavior-changes for more information.","logger":"task.stdout"}
{"timestamp":"2026-08-28T12:37:46.504669Z","level":"info","event":"\u001b[0m12:37:46  1 of 1 OK created sql table model gold.dim_country ............................. [\u001b[32mOK\u001b[0m in 14.93s]","logger":"task.stdout"}
{"timestamp":"2026-08-28T12:37:46.513608Z","level":"info","event":"\u001b[0m12:37:46","logger":"task.stdout"}
{"timestamp":"2026-08-28T12:37:46.515086Z","level":"info","event":"\u001b[0m12:37:46  Finished running 1 table model in 0 hours 1 minutes and 25.53 seconds (85.53s).","logger":"task.stdout"}
{"timestamp":"2026-08-28T12:37:46.674070Z","level":"info","event":"\u001b[0m12:37:46","logger":"task.stdout"}
{"timestamp":"2026-08-28T12:37:46.694906Z","level":"info","event":"\u001b[0m12:37:46  \u001b[32mCompleted successfully\u001b[0m","logger":"task.stdout"}
{"timestamp":"2026-08-28T12:37:46.695473Z","level":"info","event":"\u001b[0m12:37:46","logger":"task.stdout"}
{"timestamp":"2026-08-28T12:37:46.695867Z","level":"info","event":"\u001b[0m12:37:46  Done. PASS=1 WARN=0 ERROR=0 SKIP=0 NO-OP=0 REUSED=0 TOTAL=1","logger":"task.stdout"}
{"timestamp":"2026-08-28T12:37:47.671804Z","level":"warning","event":"Airflow 3.0.0 Asset (Dataset) URIs validation rules changed and OpenLineage URIs (standard used by Cosmos) are no longer accepted. Therefore, if using Cosmos with Airflow 3, the Airflow Asset (Dataset) URI is now <databricks://dbc-9dabf5c9-756d.cloud.databricks.com/verdanta_dev/gold/dim_country>. Before, with Airflow 2.x, the URI used to be <databricks://dbc-9dabf5c9-756d.cloud.databricks.com/verdanta_dev.gold.dim_country>. Please, change any DAGs that were scheduled using the old standard to the new one.","logger":"cosmos.dataset","filename":"dataset.py","lineno":237}
{"timestamp":"2026-08-28T12:37:50.317663Z","level":"info","event":"Inlets: []","logger":"cosmos.operators.base","filename":"local.py","lineno":595}
{"timestamp":"2026-08-28T12:37:50.317871Z","level":"info","event":"Outlets: [Asset(name='databricks://dbc-9dabf5c9-756d.cloud.databricks.com/verdanta_dev/gold/dim_country', uri='databricks://dbc-9dabf5c9-756d.cloud.databricks.com/verdanta_dev/gold/dim_country', group='asset', extra={}, watchers=[])]","logger":"cosmos.operators.base","filename":"local.py","lineno":596}
{"timestamp":"2026-08-28T12:37:50.318121Z","level":"info","event":"Assigning outlets with DatasetAlias in Airflow 3","logger":"cosmos.operators.base","filename":"local.py","lineno":901}
