{"timestamp":"2026-09-06T10:51:08.606627Z","level":"warning","event":"section/key [openlineage/namespace] not found in config","logger":"airflow.sdk._shared.configuration.parser","filename":"parser.py","lineno":1360}
{"timestamp":"2026-09-06T10:51:08.857619Z","level":"info","event":"DAG bundles loaded: dags-folder","logger":"airflow.dag_processing.bundles.manager.DagBundlesManager","filename":"manager.py","lineno":209}
{"timestamp":"2026-09-06T10:51:08.858960Z","level":"info","event":"Filling up the DagBag from /opt/airflow/dags/verdanta_stores.py","logger":"airflow.dag_processing.dagbag.BundleDagBag","filename":"dagbag.py","lineno":469}
{"timestamp":"2026-09-06T10:51:08.906855Z","level":"info","event":"::group::Cosmos DAG parsing logs","logger":"cosmos.converter","filename":"converter.py","lineno":321}
{"timestamp":"2026-09-06T10:51:08.909175Z","level":"info","event":"Cosmos cache dir resolved to /tmp/cosmos/verdanta_stores__dbt_stores","logger":"cosmos.converter","filename":"converter.py","lineno":346}
{"timestamp":"2026-09-06T10:51:08.909411Z","level":"info","event":"Trying to parse the dbt project using dbt ls cache cosmos_cache__verdanta_stores__dbt_stores...","logger":"cosmos.dbt.graph","filename":"graph.py","lineno":869}
{"timestamp":"2026-09-06T10:51:09.046022Z","level":"info","event":"Cosmos performance: time to calculate cache identifier cosmos_cache__verdanta_stores__dbt_stores for current version: 0.12714509700003873","logger":"cosmos.cache","filename":"cache.py","lineno":401}
{"timestamp":"2026-09-06T10:51:09.046243Z","level":"info","event":"Cosmos performance [20a4dac14a5c|370]: The cache size for cosmos_cache__verdanta_stores__dbt_stores is 23579","logger":"cosmos.dbt.graph","filename":"graph.py","lineno":886}
{"timestamp":"2026-09-06T10:51:09.047260Z","level":"info","event":"Cosmos performance: Cache hit for cosmos_cache__verdanta_stores__dbt_stores - cec7d2b2130ad93ca8be26282ae433fd,288b6c4dd2d40c82d311ae7941a536c1","logger":"cosmos.dbt.graph","filename":"graph.py","lineno":898}
{"timestamp":"2026-09-06T10:51:09.047781Z","level":"info","event":"Total nodes: 27","logger":"cosmos.dbt.graph","filename":"graph.py","lineno":799}
{"timestamp":"2026-09-06T10:51:09.048052Z","level":"info","event":"Total filtered nodes: 27","logger":"cosmos.dbt.graph","filename":"graph.py","lineno":800}
{"timestamp":"2026-09-06T10:51:09.048148Z","level":"info","event":"Cosmos performance (verdanta_stores__dbt_stores) - [20a4dac14a5c|370]: It took 0.139s to parse the dbt project for DAG using LoadMode.DBT_LS_CACHE","logger":"cosmos.converter","filename":"converter.py","lineno":371}
{"timestamp":"2026-09-06T10:51:09.068781Z","level":"info","event":"Cosmos performance (verdanta_stores__dbt_stores) - [20a4dac14a5c|370]: It took 0.0206s to build the Airflow DAG.","logger":"cosmos.converter","filename":"converter.py","lineno":423}
{"timestamp":"2026-09-06T10:51:09.068969Z","level":"info","event":"::endgroup::Cosmos DAG parsing logs","logger":"cosmos.converter","filename":"converter.py","lineno":430}
{"timestamp":"2026-09-06T10:51:09.069481Z","level":"warning","event":"Using Variable.get from `airflow.models` is deprecated.Please use `get` on Variable from sdk(`airflow.sdk.Variable`) instead","category":"UserWarning","filename":"/home/airflow/.local/lib/python3.13/site-packages/airflow/models/variable.py","lineno":158,"logger":"py.warnings"}
{"timestamp":"2026-09-06T10:51:10.417464Z","level":"info","event":"dbtRunner is available. Using dbtRunner for invoking dbt.","logger":"cosmos.operators.base","filename":"local.py","lineno":295}
{"timestamp":"2026-09-06T10:51:10.419162Z","level":"info","event":"Cloning project to writable temp directory /tmp/tmprq_uyxz3 from /opt/airflow/dbt/verdanta_project","logger":"cosmos.operators.base","filename":"local.py","lineno":519}
{"timestamp":"2026-09-06T10:51:10.429838Z","level":"info","event":"Partial parse is enabled and the latest partial parse file is /tmp/cosmos/verdanta_stores__dbt_stores/target/partial_parse.msgpack","logger":"cosmos.operators.base","filename":"local.py","lineno":539}
{"timestamp":"2026-09-06T10:51:10.459642Z","level":"info","event":"Profile caching is enable.","logger":"cosmos.config","filename":"config.py","lineno":399}
{"timestamp":"2026-09-06T10:51:10.470607Z","level":"info","event":"Using real values for profile verdanta_project","logger":"cosmos.profiles.base","filename":"base.py","lineno":259}
{"timestamp":"2026-09-06T10:51:10.472436Z","level":"info","event":"Profile not found in cache storing and using profile: /tmp/cosmos/profile/1922feb8ca1009fb7100ee4968074ed46f63552d8d832d8d38dda5163b9c3f18/profiles.yml.","logger":"cosmos.config","filename":"config.py","lineno":386}
{"timestamp":"2026-09-06T10:51:10.478696Z","level":"info","event":"Trying to run dbtRunner with:\n ['deps', '--project-dir', '/tmp/tmprq_uyxz3', '--profiles-dir', '/tmp/cosmos/profile/1922feb8ca1009fb7100ee4968074ed46f63552d8d832d8d38dda5163b9c3f18', '--profile', 'verdanta_project', '--target', 'dev', '--no-static-parser']\n in /tmp/tmprq_uyxz3","logger":"cosmos.dbt.runner","filename":"runner.py","lineno":95}
{"timestamp":"2026-09-06T10:51:10.619939Z","level":"info","event":"\u001b[0m10:51:10  Running with dbt=1.12.0","logger":"task.stdout"}
{"timestamp":"2026-09-06T10:51:11.060236Z","level":"info","event":"\u001b[0m10:51:11  Installing dbt-labs/dbt_utils","logger":"task.stdout"}
{"timestamp":"2026-09-06T10:51:11.533482Z","level":"info","event":"\u001b[0m10:51:11  Installed from version 1.4.1","logger":"task.stdout"}
{"timestamp":"2026-09-06T10:51:11.533996Z","level":"info","event":"\u001b[0m10:51:11  Up to date!","logger":"task.stdout"}
{"timestamp":"2026-09-06T10:51:12.449573Z","level":"info","event":"Trying to run dbtRunner with:\n ['run', '--select', 'fqn:verdanta_project.staging.stg_reference__stores', '--project-dir', '/tmp/tmprq_uyxz3', '--profiles-dir', '/tmp/cosmos/profile/1922feb8ca1009fb7100ee4968074ed46f63552d8d832d8d38dda5163b9c3f18', '--profile', 'verdanta_project', '--target', 'dev', '--no-static-parser']\n in /tmp/tmprq_uyxz3","logger":"cosmos.dbt.runner","filename":"runner.py","lineno":95}
{"timestamp":"2026-09-06T10:51:12.463025Z","level":"info","event":"\u001b[0m10:51:12  Running with dbt=1.12.0","logger":"task.stdout"}
{"timestamp":"2026-09-06T10:51:13.492775Z","level":"warning","event":"Valid config keys have changed in V2:\n* 'allow_population_by_field_name' has been renamed to 'validate_by_name'","category":"UserWarning","filename":"/home/airflow/.local/lib/python3.13/site-packages/pydantic/_internal/_config.py","lineno":383,"logger":"py.warnings"}
{"timestamp":"2026-09-06T10:51:13.759085Z","level":"info","event":"\u001b[0m10:51:13  Registered adapter: databricks=1.10.9","logger":"task.stdout"}
{"timestamp":"2026-09-06T10:51:14.908721Z","level":"info","event":"\u001b[0m10:51:14  Unable to do partial parsing because profile has changed","logger":"task.stdout"}
{"timestamp":"2026-09-06T10:51:19.684189Z","level":"info","event":"\u001b[0m10:51:19  [\u001b[33mWARNING\u001b[0m][MissingArgumentsPropertyInGenericTestDeprecation]: Deprecated","logger":"task.stdout"}
{"timestamp":"2026-09-06T10:51:19.684605Z","level":"info","event":"functionality","logger":"task.stdout"}
{"timestamp":"2026-09-06T10:51:19.684854Z","level":"info","event":"Found top-level arguments to test `relationships` defined on 'stg_erp__orders'","logger":"task.stdout"}
{"timestamp":"2026-09-06T10:51:19.685094Z","level":"info","event":"in package 'verdanta_project' (models/staging/properties.yml). Arguments to","logger":"task.stdout"}
{"timestamp":"2026-09-06T10:51:19.685329Z","level":"info","event":"generic tests should be nested under the `arguments` property.","logger":"task.stdout"}
{"timestamp":"2026-09-06T10:51:21.071371Z","level":"info","event":"\u001b[0m10:51:21  Found 22 models, 96 data tests, 3 seeds, 2 snapshots, 8 sources, 844 macros","logger":"task.stdout"}
{"timestamp":"2026-09-06T10:51:21.078666Z","level":"info","event":"\u001b[0m10:51:21","logger":"task.stdout"}
{"timestamp":"2026-09-06T10:51:21.079672Z","level":"info","event":"\u001b[0m10:51:21  Concurrency: 1 threads (target='dev')","logger":"task.stdout"}
{"timestamp":"2026-09-06T10:51:21.080236Z","level":"info","event":"\u001b[0m10:51:21","logger":"task.stdout"}
{"timestamp":"2026-09-06T10:52:28.769118Z","level":"info","event":"\u001b[0m10:52:28  1 of 1 START sql view model silver.stg_reference__stores ....................... [RUN]","logger":"task.stdout"}
{"timestamp":"2026-09-06T10:52:28.794942Z","level":"info","event":"\u001b[0m10:52:28  [\u001b[33mWARNING\u001b[0m]: Use revamped materializations based on separating create and insert.  This allows more performant column comments, as well as new column features.","logger":"task.stdout"}
{"timestamp":"2026-09-06T10:52:28.795314Z","level":"info","event":"You may opt into the new behavior sooner by setting `flags.use_materialization_v2` to `True` in `dbt_project.yml`.","logger":"task.stdout"}
{"timestamp":"2026-09-06T10:52:28.795527Z","level":"info","event":"Visit https://docs.getdbt.com/reference/global-configs/behavior-changes for more information.","logger":"task.stdout"}
{"timestamp":"2026-09-06T10:52:31.963925Z","level":"info","event":"\u001b[0m10:52:31  1 of 1 OK created sql view model silver.stg_reference__stores .................. [\u001b[32mOK\u001b[0m in 3.19s]","logger":"task.stdout"}
{"timestamp":"2026-09-06T10:52:31.974889Z","level":"info","event":"\u001b[0m10:52:31","logger":"task.stdout"}
{"timestamp":"2026-09-06T10:52:31.975213Z","level":"info","event":"\u001b[0m10:52:31  Finished running 1 view model in 0 hours 1 minutes and 10.89 seconds (70.89s).","logger":"task.stdout"}
{"timestamp":"2026-09-06T10:52:32.076997Z","level":"info","event":"\u001b[0m10:52:32","logger":"task.stdout"}
{"timestamp":"2026-09-06T10:52:32.077540Z","level":"info","event":"\u001b[0m10:52:32  \u001b[32mCompleted successfully\u001b[0m","logger":"task.stdout"}
{"timestamp":"2026-09-06T10:52:32.078087Z","level":"info","event":"\u001b[0m10:52:32","logger":"task.stdout"}
{"timestamp":"2026-09-06T10:52:32.078768Z","level":"info","event":"\u001b[0m10:52:32  Done. PASS=1 WARN=0 ERROR=0 SKIP=0 NO-OP=0 REUSED=0 TOTAL=1","logger":"task.stdout"}
{"timestamp":"2026-09-06T10:52:32.079418Z","level":"info","event":"\u001b[0m10:52:32  [\u001b[33mWARNING\u001b[0m][DeprecationsSummary]: Deprecated functionality","logger":"task.stdout"}
{"timestamp":"2026-09-06T10:52:32.079655Z","level":"info","event":"Summary of encountered deprecations:","logger":"task.stdout"}
{"timestamp":"2026-09-06T10:52:32.079915Z","level":"info","event":"- MissingArgumentsPropertyInGenericTestDeprecation: 9 occurrences","logger":"task.stdout"}
{"timestamp":"2026-09-06T10:52:32.080097Z","level":"info","event":"To see all deprecation instances instead of just the first occurrence of each,","logger":"task.stdout"}
{"timestamp":"2026-09-06T10:52:32.080380Z","level":"info","event":"run command again with the `--show-all-deprecations` flag. You may also need to","logger":"task.stdout"}
{"timestamp":"2026-09-06T10:52:32.080607Z","level":"info","event":"run with `--no-partial-parse` as some deprecations are only encountered during","logger":"task.stdout"}
{"timestamp":"2026-09-06T10:52:32.080840Z","level":"info","event":"parsing.","logger":"task.stdout"}
{"timestamp":"2026-09-06T10:52:33.126852Z","level":"warning","event":"Airflow 3.0.0 Asset (Dataset) URIs validation rules changed and OpenLineage URIs (standard used by Cosmos) are no longer accepted. Therefore, if using Cosmos with Airflow 3, the Airflow Asset (Dataset) URI is now <databricks://dbc-9dabf5c9-756d.cloud.databricks.com/verdanta_dev/bronze/reference_stores>. Before, with Airflow 2.x, the URI used to be <databricks://dbc-9dabf5c9-756d.cloud.databricks.com/verdanta_dev.bronze.reference_stores>. Please, change any DAGs that were scheduled using the old standard to the new one.","logger":"cosmos.dataset","filename":"dataset.py","lineno":237}
{"timestamp":"2026-09-06T10:52:38.249977Z","level":"warning","event":"Airflow 3.0.0 Asset (Dataset) URIs validation rules changed and OpenLineage URIs (standard used by Cosmos) are no longer accepted. Therefore, if using Cosmos with Airflow 3, the Airflow Asset (Dataset) URI is now <databricks://dbc-9dabf5c9-756d.cloud.databricks.com/verdanta_dev/silver/stg_reference__stores>. Before, with Airflow 2.x, the URI used to be <databricks://dbc-9dabf5c9-756d.cloud.databricks.com/verdanta_dev.silver.stg_reference__stores>. Please, change any DAGs that were scheduled using the old standard to the new one.","logger":"cosmos.dataset","filename":"dataset.py","lineno":237}
{"timestamp":"2026-09-06T10:52:38.250909Z","level":"info","event":"Inlets: [Asset(name='databricks://dbc-9dabf5c9-756d.cloud.databricks.com/verdanta_dev/bronze/reference_stores', uri='databricks://dbc-9dabf5c9-756d.cloud.databricks.com/verdanta_dev/bronze/reference_stores', group='asset', extra={}, watchers=[])]","logger":"cosmos.operators.base","filename":"local.py","lineno":595}
{"timestamp":"2026-09-06T10:52:38.251099Z","level":"info","event":"Outlets: [Asset(name='databricks://dbc-9dabf5c9-756d.cloud.databricks.com/verdanta_dev/silver/stg_reference__stores', uri='databricks://dbc-9dabf5c9-756d.cloud.databricks.com/verdanta_dev/silver/stg_reference__stores', group='asset', extra={}, watchers=[])]","logger":"cosmos.operators.base","filename":"local.py","lineno":596}
{"timestamp":"2026-09-06T10:52:38.251268Z","level":"info","event":"Assigning outlets with DatasetAlias in Airflow 3","logger":"cosmos.operators.base","filename":"local.py","lineno":901}
