{"timestamp":"2026-08-31T18:12:07.438545Z","level":"warning","event":"section/key [openlineage/namespace] not found in config","logger":"airflow.sdk._shared.configuration.parser","filename":"parser.py","lineno":1360}
{"timestamp":"2026-08-31T18:12:07.910147Z","level":"info","event":"DAG bundles loaded: dags-folder","logger":"airflow.dag_processing.bundles.manager.DagBundlesManager","filename":"manager.py","lineno":209}
{"timestamp":"2026-08-31T18:12:07.912709Z","level":"info","event":"Filling up the DagBag from /opt/airflow/dags/verdanta_daily.py","logger":"airflow.dag_processing.dagbag.BundleDagBag","filename":"dagbag.py","lineno":469}
{"timestamp":"2026-08-31T18:12:07.981534Z","level":"warning","event":"Skipping masking for a secret as it's too short (<5 chars)","logger":"airflow.sdk._shared.secrets_masker.secrets_masker","filename":"secrets_masker.py","lineno":577}
{"timestamp":"2026-08-31T18:12:07.992764Z","level":"info","event":"::group::Cosmos DAG parsing logs","logger":"cosmos.converter","filename":"converter.py","lineno":321}
{"timestamp":"2026-08-31T18:12:07.995363Z","level":"info","event":"Cosmos cache dir resolved to /tmp/cosmos/verdanta_daily__dbt_daily","logger":"cosmos.converter","filename":"converter.py","lineno":346}
{"timestamp":"2026-08-31T18:12:07.995735Z","level":"info","event":"Trying to parse the dbt project using dbt ls cache cosmos_cache__verdanta_daily__dbt_daily...","logger":"cosmos.dbt.graph","filename":"graph.py","lineno":869}
{"timestamp":"2026-08-31T18:12:08.164974Z","level":"info","event":"Cosmos performance: time to calculate cache identifier cosmos_cache__verdanta_daily__dbt_daily for current version: 0.15505701200004296","logger":"cosmos.cache","filename":"cache.py","lineno":401}
{"timestamp":"2026-08-31T18:12:08.165244Z","level":"info","event":"Cosmos performance [5c236601931b|370]: The cache size for cosmos_cache__verdanta_daily__dbt_daily is 81420","logger":"cosmos.dbt.graph","filename":"graph.py","lineno":886}
{"timestamp":"2026-08-31T18:12:08.170696Z","level":"info","event":"Cosmos performance: Cache hit for cosmos_cache__verdanta_daily__dbt_daily - 39a8c4b6e19a7b5e14cfea47af7dbd90,f50552a3029f27b43be4a74a78877897","logger":"cosmos.dbt.graph","filename":"graph.py","lineno":898}
{"timestamp":"2026-08-31T18:12:08.170978Z","level":"info","event":"Total nodes: 91","logger":"cosmos.dbt.graph","filename":"graph.py","lineno":799}
{"timestamp":"2026-08-31T18:12:08.171101Z","level":"info","event":"Total filtered nodes: 91","logger":"cosmos.dbt.graph","filename":"graph.py","lineno":800}
{"timestamp":"2026-08-31T18:12:08.171192Z","level":"info","event":"Cosmos performance (verdanta_daily__dbt_daily) - [5c236601931b|370]: It took 0.176s to parse the dbt project for DAG using LoadMode.DBT_LS_CACHE","logger":"cosmos.converter","filename":"converter.py","lineno":371}
{"timestamp":"2026-08-31T18:12:08.330296Z","level":"info","event":"Cosmos performance (verdanta_daily__dbt_daily) - [5c236601931b|370]: It took 0.159s to build the Airflow DAG.","logger":"cosmos.converter","filename":"converter.py","lineno":423}
{"timestamp":"2026-08-31T18:12:08.330581Z","level":"info","event":"::endgroup::Cosmos DAG parsing logs","logger":"cosmos.converter","filename":"converter.py","lineno":430}
{"timestamp":"2026-08-31T18:12:08.331852Z","level":"warning","event":"Using Variable.get from `airflow.models` is deprecated.Please use `get` on Variable from sdk(`airflow.sdk.Variable`) instead","category":"UserWarning","filename":"/home/airflow/.local/lib/python3.13/site-packages/airflow/models/variable.py","lineno":158,"logger":"py.warnings"}
{"timestamp":"2026-08-31T18:12:10.262212Z","level":"info","event":"dbtRunner is available. Using dbtRunner for invoking dbt.","logger":"cosmos.operators.base","filename":"local.py","lineno":295}
{"timestamp":"2026-08-31T18:12:10.263666Z","level":"info","event":"Cloning project to writable temp directory /tmp/tmpnaxitvwz from /opt/airflow/dbt/verdanta_project","logger":"cosmos.operators.base","filename":"local.py","lineno":519}
{"timestamp":"2026-08-31T18:12:10.281709Z","level":"info","event":"Partial parse is enabled and the latest partial parse file is /opt/airflow/dbt/verdanta_project/target/partial_parse.msgpack","logger":"cosmos.operators.base","filename":"local.py","lineno":539}
{"timestamp":"2026-08-31T18:12:10.371292Z","level":"info","event":"Profile caching is enable.","logger":"cosmos.config","filename":"config.py","lineno":399}
{"timestamp":"2026-08-31T18:12:10.383954Z","level":"info","event":"Profile found in cache using profile: /tmp/cosmos/profile/1922feb8ca1009fb7100ee4968074ed46f63552d8d832d8d38dda5163b9c3f18/profiles.yml.","logger":"cosmos.config","filename":"config.py","lineno":379}
{"timestamp":"2026-08-31T18:12:10.394520Z","level":"info","event":"Trying to run dbtRunner with:\n ['deps', '--project-dir', '/tmp/tmpnaxitvwz', '--profiles-dir', '/tmp/cosmos/profile/1922feb8ca1009fb7100ee4968074ed46f63552d8d832d8d38dda5163b9c3f18', '--profile', 'verdanta_project', '--target', 'dev', '--no-static-parser']\n in /tmp/tmpnaxitvwz","logger":"cosmos.dbt.runner","filename":"runner.py","lineno":95}
{"timestamp":"2026-08-31T18:12:10.554946Z","level":"info","event":"\u001b[0m18:12:10  Running with dbt=1.12.0","logger":"task.stdout"}
{"timestamp":"2026-08-31T18:12:11.015495Z","level":"info","event":"\u001b[0m18:12:11  Installing dbt-labs/dbt_utils","logger":"task.stdout"}
{"timestamp":"2026-08-31T18:12:11.493550Z","level":"info","event":"\u001b[0m18:12:11  Installed from version 1.4.1","logger":"task.stdout"}
{"timestamp":"2026-08-31T18:12:11.494190Z","level":"info","event":"\u001b[0m18:12:11  Up to date!","logger":"task.stdout"}
{"timestamp":"2026-08-31T18:12:12.738641Z","level":"info","event":"Trying to run dbtRunner with:\n ['run', '--select', 'fqn:verdanta_project.marts.dim_country', '--project-dir', '/tmp/tmpnaxitvwz', '--profiles-dir', '/tmp/cosmos/profile/1922feb8ca1009fb7100ee4968074ed46f63552d8d832d8d38dda5163b9c3f18', '--profile', 'verdanta_project', '--target', 'dev', '--no-static-parser']\n in /tmp/tmpnaxitvwz","logger":"cosmos.dbt.runner","filename":"runner.py","lineno":95}
{"timestamp":"2026-08-31T18:12:12.752389Z","level":"info","event":"\u001b[0m18:12:12  Running with dbt=1.12.0","logger":"task.stdout"}
{"timestamp":"2026-08-31T18:12:14.818831Z","level":"warning","event":"Valid config keys have changed in V2:\n* 'allow_population_by_field_name' has been renamed to 'validate_by_name'","category":"UserWarning","filename":"/home/airflow/.local/lib/python3.13/site-packages/pydantic/_internal/_config.py","lineno":383,"logger":"py.warnings"}
{"timestamp":"2026-08-31T18:12:15.247773Z","level":"info","event":"\u001b[0m18:12:15  Registered adapter: databricks=1.10.9","logger":"task.stdout"}
{"timestamp":"2026-08-31T18:12:17.405578Z","level":"info","event":"\u001b[0m18:12:17  Unable to do partial parsing because an error occurred. Switching to full reparse.","logger":"task.stdout"}
{"timestamp":"2026-08-31T18:12:22.810858Z","level":"info","event":"\u001b[0m18:12:22  [\u001b[33mWARNING\u001b[0m][MissingArgumentsPropertyInGenericTestDeprecation]: Deprecated","logger":"task.stdout"}
{"timestamp":"2026-08-31T18:12:22.811353Z","level":"info","event":"functionality","logger":"task.stdout"}
{"timestamp":"2026-08-31T18:12:22.814291Z","level":"info","event":"Found top-level arguments to test `relationships` defined on 'stg_erp__orders'","logger":"task.stdout"}
{"timestamp":"2026-08-31T18:12:22.814682Z","level":"info","event":"in package 'verdanta_project' (models/staging/properties.yml). Arguments to","logger":"task.stdout"}
{"timestamp":"2026-08-31T18:12:22.814989Z","level":"info","event":"generic tests should be nested under the `arguments` property.","logger":"task.stdout"}
{"timestamp":"2026-08-31T18:12:24.061466Z","level":"info","event":"\u001b[0m18:12:24  Found 22 models, 96 data tests, 3 seeds, 2 snapshots, 8 sources, 844 macros","logger":"task.stdout"}
{"timestamp":"2026-08-31T18:12:24.070322Z","level":"info","event":"\u001b[0m18:12:24","logger":"task.stdout"}
{"timestamp":"2026-08-31T18:12:24.074460Z","level":"info","event":"\u001b[0m18:12:24  Concurrency: 1 threads (target='dev')","logger":"task.stdout"}
{"timestamp":"2026-08-31T18:12:24.074883Z","level":"info","event":"\u001b[0m18:12:24","logger":"task.stdout"}
{"timestamp":"2026-08-31T18:13:34.679439Z","level":"info","event":"\u001b[0m18:13:34  1 of 1 START sql table model gold.dim_country .................................. [RUN]","logger":"task.stdout"}
{"timestamp":"2026-08-31T18:13:34.710614Z","level":"info","event":"\u001b[0m18:13:34  [\u001b[33mWARNING\u001b[0m]: Use revamped materializations based on separating create and insert.  This allows more performant column comments, as well as new column features.","logger":"task.stdout"}
{"timestamp":"2026-08-31T18:13:34.710966Z","level":"info","event":"You may opt into the new behavior sooner by setting `flags.use_materialization_v2` to `True` in `dbt_project.yml`.","logger":"task.stdout"}
{"timestamp":"2026-08-31T18:13:34.711170Z","level":"info","event":"Visit https://docs.getdbt.com/reference/global-configs/behavior-changes for more information.","logger":"task.stdout"}
{"timestamp":"2026-08-31T18:13:48.646675Z","level":"info","event":"\u001b[0m18:13:48  1 of 1 OK created sql table model gold.dim_country ............................. [\u001b[32mOK\u001b[0m in 13.96s]","logger":"task.stdout"}
{"timestamp":"2026-08-31T18:13:48.657095Z","level":"info","event":"\u001b[0m18:13:48","logger":"task.stdout"}
{"timestamp":"2026-08-31T18:13:48.658003Z","level":"info","event":"\u001b[0m18:13:48  Finished running 1 table model in 0 hours 1 minutes and 24.58 seconds (84.58s).","logger":"task.stdout"}
{"timestamp":"2026-08-31T18:13:48.837198Z","level":"info","event":"\u001b[0m18:13:48","logger":"task.stdout"}
{"timestamp":"2026-08-31T18:13:48.838165Z","level":"info","event":"\u001b[0m18:13:48  \u001b[32mCompleted successfully\u001b[0m","logger":"task.stdout"}
{"timestamp":"2026-08-31T18:13:48.839086Z","level":"info","event":"\u001b[0m18:13:48","logger":"task.stdout"}
{"timestamp":"2026-08-31T18:13:48.840010Z","level":"info","event":"\u001b[0m18:13:48  Done. PASS=1 WARN=0 ERROR=0 SKIP=0 NO-OP=0 REUSED=0 TOTAL=1","logger":"task.stdout"}
{"timestamp":"2026-08-31T18:13:48.841144Z","level":"info","event":"\u001b[0m18:13:48  [\u001b[33mWARNING\u001b[0m][DeprecationsSummary]: Deprecated functionality","logger":"task.stdout"}
{"timestamp":"2026-08-31T18:13:48.841519Z","level":"info","event":"Summary of encountered deprecations:","logger":"task.stdout"}
{"timestamp":"2026-08-31T18:13:48.841968Z","level":"info","event":"- MissingArgumentsPropertyInGenericTestDeprecation: 9 occurrences","logger":"task.stdout"}
{"timestamp":"2026-08-31T18:13:48.842309Z","level":"info","event":"To see all deprecation instances instead of just the first occurrence of each,","logger":"task.stdout"}
{"timestamp":"2026-08-31T18:13:48.842657Z","level":"info","event":"run command again with the `--show-all-deprecations` flag. You may also need to","logger":"task.stdout"}
{"timestamp":"2026-08-31T18:13:48.843011Z","level":"info","event":"run with `--no-partial-parse` as some deprecations are only encountered during","logger":"task.stdout"}
{"timestamp":"2026-08-31T18:13:48.843286Z","level":"info","event":"parsing.","logger":"task.stdout"}
{"timestamp":"2026-08-31T18:13:50.163770Z","level":"warning","event":"Airflow 3.0.0 Asset (Dataset) URIs validation rules changed and OpenLineage URIs (standard used by Cosmos) are no longer accepted. Therefore, if using Cosmos with Airflow 3, the Airflow Asset (Dataset) URI is now <databricks://dbc-9dabf5c9-756d.cloud.databricks.com/verdanta_dev/gold/dim_country>. Before, with Airflow 2.x, the URI used to be <databricks://dbc-9dabf5c9-756d.cloud.databricks.com/verdanta_dev.gold.dim_country>. Please, change any DAGs that were scheduled using the old standard to the new one.","logger":"cosmos.dataset","filename":"dataset.py","lineno":237}
{"timestamp":"2026-08-31T18:13:53.443706Z","level":"info","event":"Inlets: []","logger":"cosmos.operators.base","filename":"local.py","lineno":595}
{"timestamp":"2026-08-31T18:13:53.443893Z","level":"info","event":"Outlets: [Asset(name='databricks://dbc-9dabf5c9-756d.cloud.databricks.com/verdanta_dev/gold/dim_country', uri='databricks://dbc-9dabf5c9-756d.cloud.databricks.com/verdanta_dev/gold/dim_country', group='asset', extra={}, watchers=[])]","logger":"cosmos.operators.base","filename":"local.py","lineno":596}
{"timestamp":"2026-08-31T18:13:53.444044Z","level":"info","event":"Assigning outlets with DatasetAlias in Airflow 3","logger":"cosmos.operators.base","filename":"local.py","lineno":901}
