{"timestamp":"2026-09-05T12:28:07.596994Z","level":"warning","event":"section/key [openlineage/namespace] not found in config","logger":"airflow.sdk._shared.configuration.parser","filename":"parser.py","lineno":1360}
{"timestamp":"2026-09-05T12:28:07.868115Z","level":"info","event":"DAG bundles loaded: dags-folder","logger":"airflow.dag_processing.bundles.manager.DagBundlesManager","filename":"manager.py","lineno":209}
{"timestamp":"2026-09-05T12:28:07.869724Z","level":"info","event":"Filling up the DagBag from /opt/airflow/dags/verdanta_daily.py","logger":"airflow.dag_processing.dagbag.BundleDagBag","filename":"dagbag.py","lineno":469}
{"timestamp":"2026-09-05T12:28:07.923406Z","level":"info","event":"::group::Cosmos DAG parsing logs","logger":"cosmos.converter","filename":"converter.py","lineno":321}
{"timestamp":"2026-09-05T12:28:07.925904Z","level":"info","event":"Cosmos cache dir resolved to /tmp/cosmos/verdanta_daily__dbt_daily","logger":"cosmos.converter","filename":"converter.py","lineno":346}
{"timestamp":"2026-09-05T12:28:07.926134Z","level":"info","event":"Trying to parse the dbt project using dbt ls cache cosmos_cache__verdanta_daily__dbt_daily...","logger":"cosmos.dbt.graph","filename":"graph.py","lineno":869}
{"timestamp":"2026-09-05T12:28:08.075107Z","level":"info","event":"Cosmos performance: time to calculate cache identifier cosmos_cache__verdanta_daily__dbt_daily for current version: 0.13841839599999162","logger":"cosmos.cache","filename":"cache.py","lineno":401}
{"timestamp":"2026-09-05T12:28:08.075304Z","level":"info","event":"Cosmos performance [2a6571700c44|89]: The cache size for cosmos_cache__verdanta_daily__dbt_daily is 81420","logger":"cosmos.dbt.graph","filename":"graph.py","lineno":886}
{"timestamp":"2026-09-05T12:28:08.078747Z","level":"info","event":"Cosmos performance: Cache hit for cosmos_cache__verdanta_daily__dbt_daily - cec7d2b2130ad93ca8be26282ae433fd,f50552a3029f27b43be4a74a78877897","logger":"cosmos.dbt.graph","filename":"graph.py","lineno":898}
{"timestamp":"2026-09-05T12:28:08.079220Z","level":"info","event":"Total nodes: 91","logger":"cosmos.dbt.graph","filename":"graph.py","lineno":799}
{"timestamp":"2026-09-05T12:28:08.079334Z","level":"info","event":"Total filtered nodes: 91","logger":"cosmos.dbt.graph","filename":"graph.py","lineno":800}
{"timestamp":"2026-09-05T12:28:08.079454Z","level":"info","event":"Cosmos performance (verdanta_daily__dbt_daily) - [2a6571700c44|89]: It took 0.153s to parse the dbt project for DAG using LoadMode.DBT_LS_CACHE","logger":"cosmos.converter","filename":"converter.py","lineno":371}
{"timestamp":"2026-09-05T12:28:08.166084Z","level":"info","event":"Cosmos performance (verdanta_daily__dbt_daily) - [2a6571700c44|89]: It took 0.0866s to build the Airflow DAG.","logger":"cosmos.converter","filename":"converter.py","lineno":423}
{"timestamp":"2026-09-05T12:28:08.166273Z","level":"info","event":"::endgroup::Cosmos DAG parsing logs","logger":"cosmos.converter","filename":"converter.py","lineno":430}
{"timestamp":"2026-09-05T12:28:08.167102Z","level":"warning","event":"Using Variable.get from `airflow.models` is deprecated.Please use `get` on Variable from sdk(`airflow.sdk.Variable`) instead","category":"UserWarning","filename":"/home/airflow/.local/lib/python3.13/site-packages/airflow/models/variable.py","lineno":158,"logger":"py.warnings"}
{"timestamp":"2026-09-05T12:28:08.207522Z","level":"warning","event":"ProvidersManager.hooks is deprecated. Use ProvidersManagerTaskRuntime.hooks from task-sdk instead.","category":"DeprecatedImportWarning","filename":"/home/airflow/.local/lib/python3.13/site-packages/airflow/providers/databricks/hooks/databricks_base.py","lineno":207,"logger":"py.warnings"}
{"timestamp":"2026-09-05T12:28:10.034011Z","level":"info","event":"Run submitted with run_id: 941756940808044","logger":"airflow.task.operators.airflow.providers.databricks.operators.databricks.DatabricksRunNowOperator","filename":"databricks.py","lineno":1405}
{"timestamp":"2026-09-05T12:28:11.315290Z","level":"info","event":"bronze_ingestion_daily in run state: {'life_cycle_state': 'RUNNING', 'result_state': '', 'state_message': ''}","logger":"airflow.task.operators.airflow.providers.databricks.operators.databricks.DatabricksRunNowOperator","filename":"databricks.py","lineno":194}
{"timestamp":"2026-09-05T12:28:11.315551Z","level":"info","event":"View run status, Spark UI, and logs at https://dbc-9dabf5c9-756d.cloud.databricks.com/?o=2686346829297367#job/912625452045217/run/941756940808044","logger":"airflow.task.operators.airflow.providers.databricks.operators.databricks.DatabricksRunNowOperator","filename":"databricks.py","lineno":195}
{"timestamp":"2026-09-05T12:28:11.315678Z","level":"info","event":"Sleeping for 30 seconds.","logger":"airflow.task.operators.airflow.providers.databricks.operators.databricks.DatabricksRunNowOperator","filename":"databricks.py","lineno":196}
{"timestamp":"2026-09-05T12:28:41.936557Z","level":"info","event":"bronze_ingestion_daily in run state: {'life_cycle_state': 'RUNNING', 'result_state': '', 'state_message': ''}","logger":"airflow.task.operators.airflow.providers.databricks.operators.databricks.DatabricksRunNowOperator","filename":"databricks.py","lineno":194}
{"timestamp":"2026-09-05T12:28:41.936722Z","level":"info","event":"View run status, Spark UI, and logs at https://dbc-9dabf5c9-756d.cloud.databricks.com/?o=2686346829297367#job/912625452045217/run/941756940808044","logger":"airflow.task.operators.airflow.providers.databricks.operators.databricks.DatabricksRunNowOperator","filename":"databricks.py","lineno":195}
{"timestamp":"2026-09-05T12:28:41.936778Z","level":"info","event":"Sleeping for 30 seconds.","logger":"airflow.task.operators.airflow.providers.databricks.operators.databricks.DatabricksRunNowOperator","filename":"databricks.py","lineno":196}
{"timestamp":"2026-09-05T12:29:12.581964Z","level":"info","event":"bronze_ingestion_daily in run state: {'life_cycle_state': 'RUNNING', 'result_state': '', 'state_message': ''}","logger":"airflow.task.operators.airflow.providers.databricks.operators.databricks.DatabricksRunNowOperator","filename":"databricks.py","lineno":194}
{"timestamp":"2026-09-05T12:29:12.582128Z","level":"info","event":"View run status, Spark UI, and logs at https://dbc-9dabf5c9-756d.cloud.databricks.com/?o=2686346829297367#job/912625452045217/run/941756940808044","logger":"airflow.task.operators.airflow.providers.databricks.operators.databricks.DatabricksRunNowOperator","filename":"databricks.py","lineno":195}
{"timestamp":"2026-09-05T12:29:12.582181Z","level":"info","event":"Sleeping for 30 seconds.","logger":"airflow.task.operators.airflow.providers.databricks.operators.databricks.DatabricksRunNowOperator","filename":"databricks.py","lineno":196}
{"timestamp":"2026-09-05T12:29:43.255732Z","level":"info","event":"bronze_ingestion_daily completed successfully.","logger":"airflow.task.operators.airflow.providers.databricks.operators.databricks.DatabricksRunNowOperator","filename":"databricks.py","lineno":151}
{"timestamp":"2026-09-05T12:29:43.255928Z","level":"info","event":"View run status, Spark UI, and logs at https://dbc-9dabf5c9-756d.cloud.databricks.com/?o=2686346829297367#job/912625452045217/run/941756940808044","logger":"airflow.task.operators.airflow.providers.databricks.operators.databricks.DatabricksRunNowOperator","filename":"databricks.py","lineno":152}
