{"timestamp":"2026-08-29T10:27:06.748483Z","level":"warning","event":"section/key [openlineage/namespace] not found in config","logger":"airflow.sdk._shared.configuration.parser","filename":"parser.py","lineno":1360}
{"timestamp":"2026-08-29T10:27:07.033623Z","level":"info","event":"DAG bundles loaded: dags-folder","logger":"airflow.dag_processing.bundles.manager.DagBundlesManager","filename":"manager.py","lineno":209}
{"timestamp":"2026-08-29T10:27:07.035073Z","level":"info","event":"Filling up the DagBag from /opt/airflow/dags/verdanta_weekly.py","logger":"airflow.dag_processing.dagbag.BundleDagBag","filename":"dagbag.py","lineno":469}
{"timestamp":"2026-08-29T10:27:07.082487Z","level":"info","event":"::group::Cosmos DAG parsing logs","logger":"cosmos.converter","filename":"converter.py","lineno":321}
{"timestamp":"2026-08-29T10:27:07.085911Z","level":"info","event":"Cosmos cache dir resolved to /tmp/cosmos/verdanta_weekly__dbt_weekly","logger":"cosmos.converter","filename":"converter.py","lineno":346}
{"timestamp":"2026-08-29T10:27:07.086098Z","level":"info","event":"Trying to parse the dbt project using dbt ls cache cosmos_cache__verdanta_weekly__dbt_weekly...","logger":"cosmos.dbt.graph","filename":"graph.py","lineno":869}
{"timestamp":"2026-08-29T10:27:07.231291Z","level":"info","event":"Cosmos performance: time to calculate cache identifier cosmos_cache__verdanta_weekly__dbt_weekly for current version: 0.13678827900002943","logger":"cosmos.cache","filename":"cache.py","lineno":401}
{"timestamp":"2026-08-29T10:27:07.231522Z","level":"info","event":"Cosmos performance [c53d51a1f1f5|842]: The cache size for cosmos_cache__verdanta_weekly__dbt_weekly is 23804","logger":"cosmos.dbt.graph","filename":"graph.py","lineno":886}
{"timestamp":"2026-08-29T10:27:07.232387Z","level":"info","event":"Cosmos performance: Cache hit for cosmos_cache__verdanta_weekly__dbt_weekly - 39a8c4b6e19a7b5e14cfea47af7dbd90,1ae01f5b93cde0ad1f6d9482f1b54abd","logger":"cosmos.dbt.graph","filename":"graph.py","lineno":898}
{"timestamp":"2026-08-29T10:27:07.232818Z","level":"info","event":"Total nodes: 27","logger":"cosmos.dbt.graph","filename":"graph.py","lineno":799}
{"timestamp":"2026-08-29T10:27:07.232965Z","level":"info","event":"Total filtered nodes: 27","logger":"cosmos.dbt.graph","filename":"graph.py","lineno":800}
{"timestamp":"2026-08-29T10:27:07.233050Z","level":"info","event":"Cosmos performance (verdanta_weekly__dbt_weekly) - [c53d51a1f1f5|842]: It took 0.147s to parse the dbt project for DAG using LoadMode.DBT_LS_CACHE","logger":"cosmos.converter","filename":"converter.py","lineno":371}
{"timestamp":"2026-08-29T10:27:07.260781Z","level":"info","event":"Cosmos performance (verdanta_weekly__dbt_weekly) - [c53d51a1f1f5|842]: It took 0.0277s to build the Airflow DAG.","logger":"cosmos.converter","filename":"converter.py","lineno":423}
{"timestamp":"2026-08-29T10:27:07.261267Z","level":"info","event":"::endgroup::Cosmos DAG parsing logs","logger":"cosmos.converter","filename":"converter.py","lineno":430}
{"timestamp":"2026-08-29T10:27:07.262152Z","level":"warning","event":"Using Variable.get from `airflow.models` is deprecated.Please use `get` on Variable from sdk(`airflow.sdk.Variable`) instead","category":"UserWarning","filename":"/home/airflow/.local/lib/python3.13/site-packages/airflow/models/variable.py","lineno":158,"logger":"py.warnings"}
{"timestamp":"2026-08-29T10:27:07.299002Z","level":"error","event":"Task failed with exception","logger":"task","filename":"task_runner.py","lineno":1325,"error_detail":[{"exc_type":"DatabricksOperatorPayloadError","exc_value":"Argument 'job_name' is not allowed with argument 'job_id'","exc_notes":[],"syntax_error":null,"is_cause":false,"frames":[{"filename":"/home/airflow/.local/lib/python3.13/site-packages/airflow/sdk/execution_time/task_runner.py","lineno":1263,"name":"run"},{"filename":"/home/airflow/.local/lib/python3.13/site-packages/airflow/sdk/execution_time/task_runner.py","lineno":1678,"name":"_execute_task"},{"filename":"/home/airflow/.local/lib/python3.13/site-packages/airflow/sdk/bases/operator.py","lineno":443,"name":"wrapper"},{"filename":"/home/airflow/.local/lib/python3.13/site-packages/airflow/providers/databricks/operators/databricks.py","lineno":1357,"name":"execute"},{"filename":"/home/airflow/.local/lib/python3.13/site-packages/airflow/providers/databricks/operators/databricks.py","lineno":100,"name":"execute_resumable"},{"filename":"/home/airflow/.local/lib/python3.13/site-packages/airflow/providers/databricks/operators/databricks.py","lineno":1401,"name":"submit_job"},{"filename":"/home/airflow/.local/lib/python3.13/site-packages/airflow/providers/databricks/operators/databricks.py","lineno":1389,"name":"_prepare_run_now_json"},{"filename":"/home/airflow/.local/lib/python3.13/site-packages/airflow/providers/databricks/operators/databricks.py","lineno":1364,"name":"_build_run_now_payload"},{"filename":"/home/airflow/.local/lib/python3.13/site-packages/airflow/providers/databricks/operators/databricks.py","lineno":1336,"name":"_validate_merged_json"}],"is_group":false,"exceptions":[]}]}
{"timestamp":"2026-08-29T10:27:07.347418Z","level":"warning","event":"No XCom value found; defaulting to None.","key":"run_page_url","dag_id":"verdanta_weekly","task_id":"bronze_ingestion_weekly","run_id":"scheduled__2026-08-24T02:00:00+00:00","map_index":-1,"logger":"task","filename":"xcom.py","lineno":264}
{"timestamp":"2026-08-29T10:33:06.356992Z","level":"warning","event":"section/key [openlineage/namespace] not found in config","logger":"airflow.sdk._shared.configuration.parser","filename":"parser.py","lineno":1360}
{"timestamp":"2026-08-29T10:33:06.603986Z","level":"info","event":"DAG bundles loaded: dags-folder","logger":"airflow.dag_processing.bundles.manager.DagBundlesManager","filename":"manager.py","lineno":209}
{"timestamp":"2026-08-29T10:33:06.605304Z","level":"info","event":"Filling up the DagBag from /opt/airflow/dags/verdanta_weekly.py","logger":"airflow.dag_processing.dagbag.BundleDagBag","filename":"dagbag.py","lineno":469}
{"timestamp":"2026-08-29T10:33:06.652744Z","level":"info","event":"::group::Cosmos DAG parsing logs","logger":"cosmos.converter","filename":"converter.py","lineno":321}
{"timestamp":"2026-08-29T10:33:06.658526Z","level":"info","event":"Cosmos cache dir resolved to /tmp/cosmos/verdanta_weekly__dbt_weekly","logger":"cosmos.converter","filename":"converter.py","lineno":346}
{"timestamp":"2026-08-29T10:33:06.658736Z","level":"info","event":"Trying to parse the dbt project using dbt ls cache cosmos_cache__verdanta_weekly__dbt_weekly...","logger":"cosmos.dbt.graph","filename":"graph.py","lineno":869}
{"timestamp":"2026-08-29T10:33:06.792070Z","level":"info","event":"Cosmos performance: time to calculate cache identifier cosmos_cache__verdanta_weekly__dbt_weekly for current version: 0.12415523399977246","logger":"cosmos.cache","filename":"cache.py","lineno":401}
{"timestamp":"2026-08-29T10:33:06.792300Z","level":"info","event":"Cosmos performance [c53d51a1f1f5|921]: The cache size for cosmos_cache__verdanta_weekly__dbt_weekly is 23804","logger":"cosmos.dbt.graph","filename":"graph.py","lineno":886}
{"timestamp":"2026-08-29T10:33:06.793121Z","level":"info","event":"Cosmos performance: Cache hit for cosmos_cache__verdanta_weekly__dbt_weekly - 39a8c4b6e19a7b5e14cfea47af7dbd90,1ae01f5b93cde0ad1f6d9482f1b54abd","logger":"cosmos.dbt.graph","filename":"graph.py","lineno":898}
{"timestamp":"2026-08-29T10:33:06.793537Z","level":"info","event":"Total nodes: 27","logger":"cosmos.dbt.graph","filename":"graph.py","lineno":799}
{"timestamp":"2026-08-29T10:33:06.793645Z","level":"info","event":"Total filtered nodes: 27","logger":"cosmos.dbt.graph","filename":"graph.py","lineno":800}
{"timestamp":"2026-08-29T10:33:06.793726Z","level":"info","event":"Cosmos performance (verdanta_weekly__dbt_weekly) - [c53d51a1f1f5|921]: It took 0.135s to parse the dbt project for DAG using LoadMode.DBT_LS_CACHE","logger":"cosmos.converter","filename":"converter.py","lineno":371}
{"timestamp":"2026-08-29T10:33:06.819109Z","level":"info","event":"Cosmos performance (verdanta_weekly__dbt_weekly) - [c53d51a1f1f5|921]: It took 0.0253s to build the Airflow DAG.","logger":"cosmos.converter","filename":"converter.py","lineno":423}
{"timestamp":"2026-08-29T10:33:06.819265Z","level":"info","event":"::endgroup::Cosmos DAG parsing logs","logger":"cosmos.converter","filename":"converter.py","lineno":430}
{"timestamp":"2026-08-29T10:33:06.819655Z","level":"warning","event":"Using Variable.get from `airflow.models` is deprecated.Please use `get` on Variable from sdk(`airflow.sdk.Variable`) instead","category":"UserWarning","filename":"/home/airflow/.local/lib/python3.13/site-packages/airflow/models/variable.py","lineno":158,"logger":"py.warnings"}
{"timestamp":"2026-08-29T10:33:06.857962Z","level":"warning","event":"ProvidersManager.hooks is deprecated. Use ProvidersManagerTaskRuntime.hooks from task-sdk instead.","category":"DeprecatedImportWarning","filename":"/home/airflow/.local/lib/python3.13/site-packages/airflow/providers/databricks/hooks/databricks_base.py","lineno":207,"logger":"py.warnings"}
{"timestamp":"2026-08-29T10:33:08.518008Z","level":"info","event":"Run submitted with run_id: 117126267904754","logger":"airflow.task.operators.airflow.providers.databricks.operators.databricks.DatabricksRunNowOperator","filename":"databricks.py","lineno":1405}
{"timestamp":"2026-08-29T10:33:09.781329Z","level":"info","event":"bronze_ingestion_weekly in run state: {'life_cycle_state': 'RUNNING', 'result_state': '', 'state_message': ''}","logger":"airflow.task.operators.airflow.providers.databricks.operators.databricks.DatabricksRunNowOperator","filename":"databricks.py","lineno":194}
{"timestamp":"2026-08-29T10:33:09.781481Z","level":"info","event":"View run status, Spark UI, and logs at https://dbc-9dabf5c9-756d.cloud.databricks.com/?o=2686346829297367#job/332436758792850/run/117126267904754","logger":"airflow.task.operators.airflow.providers.databricks.operators.databricks.DatabricksRunNowOperator","filename":"databricks.py","lineno":195}
{"timestamp":"2026-08-29T10:33:09.781541Z","level":"info","event":"Sleeping for 30 seconds.","logger":"airflow.task.operators.airflow.providers.databricks.operators.databricks.DatabricksRunNowOperator","filename":"databricks.py","lineno":196}
{"timestamp":"2026-08-29T10:33:40.403498Z","level":"info","event":"bronze_ingestion_weekly in run state: {'life_cycle_state': 'RUNNING', 'result_state': '', 'state_message': ''}","logger":"airflow.task.operators.airflow.providers.databricks.operators.databricks.DatabricksRunNowOperator","filename":"databricks.py","lineno":194}
{"timestamp":"2026-08-29T10:33:40.403709Z","level":"info","event":"View run status, Spark UI, and logs at https://dbc-9dabf5c9-756d.cloud.databricks.com/?o=2686346829297367#job/332436758792850/run/117126267904754","logger":"airflow.task.operators.airflow.providers.databricks.operators.databricks.DatabricksRunNowOperator","filename":"databricks.py","lineno":195}
{"timestamp":"2026-08-29T10:33:40.403808Z","level":"info","event":"Sleeping for 30 seconds.","logger":"airflow.task.operators.airflow.providers.databricks.operators.databricks.DatabricksRunNowOperator","filename":"databricks.py","lineno":196}
{"timestamp":"2026-08-29T10:34:11.046102Z","level":"info","event":"bronze_ingestion_weekly completed successfully.","logger":"airflow.task.operators.airflow.providers.databricks.operators.databricks.DatabricksRunNowOperator","filename":"databricks.py","lineno":151}
{"timestamp":"2026-08-29T10:34:11.046295Z","level":"info","event":"View run status, Spark UI, and logs at https://dbc-9dabf5c9-756d.cloud.databricks.com/?o=2686346829297367#job/332436758792850/run/117126267904754","logger":"airflow.task.operators.airflow.providers.databricks.operators.databricks.DatabricksRunNowOperator","filename":"databricks.py","lineno":152}
