{"timestamp":"2026-08-29T11:19:59.816942Z","level":"warning","event":"section/key [openlineage/namespace] not found in config","logger":"airflow.sdk._shared.configuration.parser","filename":"parser.py","lineno":1360}
{"timestamp":"2026-08-29T11:20:00.074214Z","level":"info","event":"DAG bundles loaded: dags-folder","logger":"airflow.dag_processing.bundles.manager.DagBundlesManager","filename":"manager.py","lineno":209}
{"timestamp":"2026-08-29T11:20:00.075611Z","level":"info","event":"Filling up the DagBag from /opt/airflow/dags/verdanta_stores.py","logger":"airflow.dag_processing.dagbag.BundleDagBag","filename":"dagbag.py","lineno":469}
{"timestamp":"2026-08-29T11:20:00.125498Z","level":"info","event":"::group::Cosmos DAG parsing logs","logger":"cosmos.converter","filename":"converter.py","lineno":321}
{"timestamp":"2026-08-29T11:20:00.128882Z","level":"info","event":"Cosmos cache dir resolved to /tmp/cosmos/verdanta_stores__dbt_sources","logger":"cosmos.converter","filename":"converter.py","lineno":346}
{"timestamp":"2026-08-29T11:20:00.129151Z","level":"info","event":"Trying to parse the dbt project using dbt ls cache cosmos_cache__verdanta_stores__dbt_sources...","logger":"cosmos.dbt.graph","filename":"graph.py","lineno":869}
{"timestamp":"2026-08-29T11:20:00.270134Z","level":"info","event":"Cosmos performance: time to calculate cache identifier cosmos_cache__verdanta_stores__dbt_sources for current version: 0.13265343999955803","logger":"cosmos.cache","filename":"cache.py","lineno":401}
{"timestamp":"2026-08-29T11:20:00.270417Z","level":"info","event":"Cosmos performance: Cache miss for cosmos_cache__verdanta_stores__dbt_sources - skipped","logger":"cosmos.dbt.graph","filename":"graph.py","lineno":900}
{"timestamp":"2026-08-29T11:20:00.270610Z","level":"info","event":"Trying to parse the dbt project in `/opt/airflow/dbt/verdanta_project` using dbt ls...","logger":"cosmos.dbt.graph","filename":"graph.py","lineno":983}
{"timestamp":"2026-08-29T11:20:00.294286Z","level":"info","event":"Partial parse is enabled and the latest partial parse file is /opt/airflow/dbt/verdanta_project/target/partial_parse.msgpack","logger":"cosmos.dbt.graph","filename":"graph.py","lineno":1002}
{"timestamp":"2026-08-29T11:20:00.378481Z","level":"info","event":"Profile caching is enable.","logger":"cosmos.config","filename":"config.py","lineno":399}
{"timestamp":"2026-08-29T11:20:00.379008Z","level":"info","event":"Using mock values for profile verdanta_project","logger":"cosmos.profiles.base","filename":"base.py","lineno":256}
{"timestamp":"2026-08-29T11:20:00.381806Z","level":"info","event":"Profile not found in cache storing and using profile: /tmp/cosmos/profile/88b0aa12559803c5b3e8b5b0cefa363d35d21cc93574699baf5727c52eda1f13/profiles.yml.","logger":"cosmos.config","filename":"config.py","lineno":386}
{"timestamp":"2026-08-29T11:20:01.817578Z","level":"info","event":"Running command with dbt Runner: `/home/airflow/.local/bin/dbt deps --project-dir /tmp/tmphvowaxl1 --profiles-dir /tmp/cosmos/profile/88b0aa12559803c5b3e8b5b0cefa363d35d21cc93574699baf5727c52eda1f13 --profile verdanta_project --target dev`","logger":"cosmos.dbt.graph","filename":"graph.py","lineno":361}
{"timestamp":"2026-08-29T11:20:01.818091Z","level":"info","event":"Trying to run dbtRunner with:\n ['deps', '--project-dir', '/tmp/tmphvowaxl1', '--profiles-dir', '/tmp/cosmos/profile/88b0aa12559803c5b3e8b5b0cefa363d35d21cc93574699baf5727c52eda1f13', '--profile', 'verdanta_project', '--target', 'dev']\n in /tmp/tmphvowaxl1","logger":"cosmos.dbt.runner","filename":"runner.py","lineno":95}
{"timestamp":"2026-08-29T11:20:01.940752Z","level":"info","event":"\u001b[0m11:20:01  Running with dbt=1.12.0","logger":"task.stdout"}
{"timestamp":"2026-08-29T11:20:02.312088Z","level":"info","event":"\u001b[0m11:20:02  Installing dbt-labs/dbt_utils","logger":"task.stdout"}
{"timestamp":"2026-08-29T11:20:03.156731Z","level":"info","event":"\u001b[0m11:20:03  Installed from version 1.4.1","logger":"task.stdout"}
{"timestamp":"2026-08-29T11:20:03.157256Z","level":"info","event":"\u001b[0m11:20:03  Up to date!","logger":"task.stdout"}
{"timestamp":"2026-08-29T11:20:03.895415Z","level":"info","event":"Running command with dbt Runner: `/home/airflow/.local/bin/dbt ls --output json --output-keys name unique_id resource_type depends_on original_file_path tags config freshness fqn --project-dir /tmp/tmphvowaxl1 --profiles-dir /tmp/cosmos/profile/88b0aa12559803c5b3e8b5b0cefa363d35d21cc93574699baf5727c52eda1f13 --profile verdanta_project --target dev --select stg_reference_stores+`","logger":"cosmos.dbt.graph","filename":"graph.py","lineno":361}
{"timestamp":"2026-08-29T11:20:03.895965Z","level":"info","event":"Trying to run dbtRunner with:\n ['ls', '--output', 'json', '--output-keys', 'name', 'unique_id', 'resource_type', 'depends_on', 'original_file_path', 'tags', 'config', 'freshness', 'fqn', '--project-dir', '/tmp/tmphvowaxl1', '--profiles-dir', '/tmp/cosmos/profile/88b0aa12559803c5b3e8b5b0cefa363d35d21cc93574699baf5727c52eda1f13', '--profile', 'verdanta_project', '--target', 'dev', '--select', 'stg_reference_stores+']\n in /tmp/tmphvowaxl1","logger":"cosmos.dbt.runner","filename":"runner.py","lineno":95}
{"timestamp":"2026-08-29T11:20:03.908524Z","level":"info","event":"\u001b[0m11:20:03  Running with dbt=1.12.0","logger":"task.stdout"}
{"timestamp":"2026-08-29T11:20:05.230855Z","level":"info","event":"\u001b[0m11:20:05  Registered adapter: databricks=1.10.9","logger":"task.stdout"}
{"timestamp":"2026-08-29T11:20:05.934649Z","level":"info","event":"\u001b[0m11:20:05  Unable to do partial parsing because profile has changed","logger":"task.stdout"}
{"timestamp":"2026-08-29T11:20:09.031391Z","level":"info","event":"\u001b[0m11:20:09  [\u001b[33mWARNING\u001b[0m][MissingArgumentsPropertyInGenericTestDeprecation]: Deprecated","logger":"task.stdout"}
{"timestamp":"2026-08-29T11:20:09.031816Z","level":"info","event":"functionality","logger":"task.stdout"}
{"timestamp":"2026-08-29T11:20:09.032094Z","level":"info","event":"Found top-level arguments to test `relationships` defined on 'stg_erp__orders'","logger":"task.stdout"}
{"timestamp":"2026-08-29T11:20:09.032331Z","level":"info","event":"in package 'verdanta_project' (models/staging/properties.yml). Arguments to","logger":"task.stdout"}
{"timestamp":"2026-08-29T11:20:09.032548Z","level":"info","event":"generic tests should be nested under the `arguments` property.","logger":"task.stdout"}
{"timestamp":"2026-08-29T11:20:09.809037Z","level":"info","event":"\u001b[0m11:20:09  Found 22 models, 96 data tests, 3 seeds, 2 snapshots, 8 sources, 844 macros","logger":"task.stdout"}
{"timestamp":"2026-08-29T11:20:09.810717Z","level":"info","event":"\u001b[0m11:20:09  [\u001b[33mWARNING\u001b[0m]: The selection criterion 'stg_reference_stores+' does not match any enabled nodes","logger":"task.stdout"}
{"timestamp":"2026-08-29T11:20:09.811103Z","level":"info","event":"\u001b[0m11:20:09  [\u001b[33mWARNING\u001b[0m]: No nodes selected!","logger":"task.stdout"}
{"timestamp":"2026-08-29T11:20:09.811856Z","level":"info","event":"\u001b[0m11:20:09  [\u001b[33mWARNING\u001b[0m][DeprecationsSummary]: Deprecated functionality","logger":"task.stdout"}
{"timestamp":"2026-08-29T11:20:09.812088Z","level":"info","event":"Summary of encountered deprecations:","logger":"task.stdout"}
{"timestamp":"2026-08-29T11:20:09.812321Z","level":"info","event":"- MissingArgumentsPropertyInGenericTestDeprecation: 9 occurrences","logger":"task.stdout"}
{"timestamp":"2026-08-29T11:20:09.812536Z","level":"info","event":"To see all deprecation instances instead of just the first occurrence of each,","logger":"task.stdout"}
{"timestamp":"2026-08-29T11:20:09.812737Z","level":"info","event":"run command again with the `--show-all-deprecations` flag. You may also need to","logger":"task.stdout"}
{"timestamp":"2026-08-29T11:20:09.812965Z","level":"info","event":"run with `--no-partial-parse` as some deprecations are only encountered during","logger":"task.stdout"}
{"timestamp":"2026-08-29T11:20:09.813185Z","level":"info","event":"parsing.","logger":"task.stdout"}
{"timestamp":"2026-08-29T11:20:10.800467Z","level":"info","event":"Cosmos performance: time to calculate cache identifier cosmos_cache__verdanta_stores__dbt_sources for current version: 0.13153180399967823","logger":"cosmos.cache","filename":"cache.py","lineno":401}
{"timestamp":"2026-08-29T11:20:10.842807Z","level":"info","event":"Total nodes: 0","logger":"cosmos.dbt.graph","filename":"graph.py","lineno":799}
{"timestamp":"2026-08-29T11:20:10.842986Z","level":"info","event":"Total filtered nodes: 0","logger":"cosmos.dbt.graph","filename":"graph.py","lineno":800}
{"timestamp":"2026-08-29T11:20:10.843080Z","level":"info","event":"Cosmos performance (verdanta_stores__dbt_sources) - [c53d51a1f1f5|2036]: It took 10.7s to parse the dbt project for DAG using LoadMode.DBT_LS","logger":"cosmos.converter","filename":"converter.py","lineno":371}
{"timestamp":"2026-08-29T11:20:10.845259Z","level":"info","event":"Cosmos performance (verdanta_stores__dbt_sources) - [c53d51a1f1f5|2036]: It took 0.00216s to build the Airflow DAG.","logger":"cosmos.converter","filename":"converter.py","lineno":423}
{"timestamp":"2026-08-29T11:20:10.845380Z","level":"info","event":"::endgroup::Cosmos DAG parsing logs","logger":"cosmos.converter","filename":"converter.py","lineno":430}
{"timestamp":"2026-08-29T11:20:10.845960Z","level":"warning","event":"Using Variable.get from `airflow.models` is deprecated.Please use `get` on Variable from sdk(`airflow.sdk.Variable`) instead","category":"UserWarning","filename":"/home/airflow/.local/lib/python3.13/site-packages/airflow/models/variable.py","lineno":158,"logger":"py.warnings"}
{"timestamp":"2026-08-29T11:20:10.846086Z","level":"warning","event":"Valid config keys have changed in V2:\n* 'allow_population_by_field_name' has been renamed to 'validate_by_name'","category":"UserWarning","filename":"/home/airflow/.local/lib/python3.13/site-packages/pydantic/_internal/_config.py","lineno":383,"logger":"py.warnings"}
{"timestamp":"2026-08-29T11:20:10.846161Z","level":"warning","event":"Using Variable.set from `airflow.models` is deprecated.Please use `set` on Variable from sdk(`airflow.sdk.Variable`) instead","category":"UserWarning","filename":"/home/airflow/.local/lib/python3.13/site-packages/airflow/models/variable.py","lineno":218,"logger":"py.warnings"}
{"timestamp":"2026-08-29T11:20:10.884530Z","level":"error","event":"Task failed with exception","logger":"task","filename":"task_runner.py","lineno":1325,"error_detail":[{"exc_type":"AirflowNotFoundException","exc_value":"The conn_id `databricks default` isn't defined","exc_notes":[],"syntax_error":null,"is_cause":false,"frames":[{"filename":"/home/airflow/.local/lib/python3.13/site-packages/airflow/sdk/execution_time/task_runner.py","lineno":1263,"name":"run"},{"filename":"/home/airflow/.local/lib/python3.13/site-packages/airflow/sdk/execution_time/task_runner.py","lineno":1678,"name":"_execute_task"},{"filename":"/home/airflow/.local/lib/python3.13/site-packages/airflow/sdk/bases/operator.py","lineno":443,"name":"wrapper"},{"filename":"/home/airflow/.local/lib/python3.13/site-packages/airflow/providers/databricks/operators/databricks.py","lineno":1357,"name":"execute"},{"filename":"/home/airflow/.local/lib/python3.13/site-packages/airflow/providers/databricks/operators/databricks.py","lineno":100,"name":"execute_resumable"},{"filename":"/home/airflow/.local/lib/python3.13/site-packages/airflow/providers/databricks/operators/databricks.py","lineno":1404,"name":"submit_job"},{"filename":"/home/airflow/.local/lib/python3.13/site-packages/airflow/providers/databricks/hooks/databricks.py","lineno":383,"name":"run_now"},{"filename":"/home/airflow/.local/lib/python3.13/site-packages/airflow/providers/databricks/hooks/databricks_base.py","lineno":1328,"name":"_do_api_call"},{"filename":"/home/airflow/.local/lib/python3.13/site-packages/airflow/providers/databricks/hooks/databricks_base.py","lineno":1305,"name":"_endpoint_url"},{"filename":"/usr/python/lib/python3.13/functools.py","lineno":1025,"name":"__get__"},{"filename":"/home/airflow/.local/lib/python3.13/site-packages/airflow/providers/databricks/hooks/databricks_base.py","lineno":195,"name":"databricks_conn"},{"filename":"/home/airflow/.local/lib/python3.13/site-packages/airflow/sdk/bases/hook.py","lineno":61,"name":"get_connection"},{"filename":"/home/airflow/.local/lib/python3.13/site-packages/airflow/sdk/definitions/connection.py","lineno":250,"name":"get"},{"filename":"/home/airflow/.local/lib/python3.13/site-packages/airflow/sdk/execution_time/context.py","lineno":177,"name":"_get_connection"}],"is_group":false,"exceptions":[]}]}
{"timestamp":"2026-08-29T11:20:10.919782Z","level":"warning","event":"No XCom value found; defaulting to None.","key":"run_page_url","dag_id":"verdanta_stores","task_id":"bronze_ingestion_stores","run_id":"manual__2026-08-29T11:19:58.929402+00:00","map_index":-1,"logger":"task","filename":"xcom.py","lineno":264}
